<html>
<body>
<pre>
<h1>µVision Build Log</h1>
<h2>Tool Versions:</h2>
IDE-Version: ¦ÌVision V5.23.0.0
Copyright (C) 2017 ARM Ltd and ARM Germany GmbH. All rights reserved.
License Information: cai orange wpg Flex license: MDK-ARM Plus: 9 user(s) (mdk_std) Support: Oct 2017
 
Tool Versions:
Toolchain:       MDK-ARM Plus: 9 user(s)  Version: 5.23
Toolchain Path:  C:\Keil_v5\ARM\ARMCC\Bin
C Compiler:      Armcc.exe V5.06 update 4 (build 422)
Assembler:       Armasm.exe V5.06 update 4 (build 422)
Linker/Locator:  ArmLink.exe V5.06 update 4 (build 422)
Library Manager: ArmAr.exe V5.06 update 4 (build 422)
Hex Converter:   FromElf.exe V5.06 update 4 (build 422)
CPU DLL:         SARMCM3.DLL V5.23
Dialog DLL:      DCM.DLL V1.15.0.0
Target DLL:      CMSIS_AGDI.dll V1.27.5.0
Dialog DLL:      TCM.DLL V1.27.0.0
 
<h2>Project:</h2>
D:\WPI\Project\SW-Online-program\V2.0\OnlineProgram\OnlineProgram.uvprojx
Project File Date:  08/07/2018

<h2>Output:</h2>
*** Using Compiler 'V5.06 update 4 (build 422)', folder: 'C:\Keil_v5\ARM\ARMCC\Bin'
Build target 'OnlineProgram'
compiling main.cpp...
indicator.h(14): warning:  #1-D: last line of file ends without a newline
  #endif
main.cpp(249): warning:  #186-D: pointless comparison of unsigned integer with zero
  	if(!
HECK_FLASH_ADDR(addr) || addr%16!=0 || id == NULL || size <= 0)
main.cpp(258): warning:  #177-D: variable "ret"  was declared but never referenced
  	int ret;
main.cpp(352): warning:  #546-D: transfer of control bypasses initialization of:
            variable "ISP_seting"  (declared at line 367)
            variable "memory_map"  (declared at line 368)
  		goto Exit;
  		^
main.cpp(363): warning:  #546-D: transfer of control bypasses initialization of:
            variable "ISP_seting"  (declared at line 367)
            variable "memory_map"  (declared at line 368)
  		goto Exit;
  		^
main.cpp(435): warning:  #128-D: loop is not reachable
  	while(1){
main.cpp: 6 warnings, 0 errors
linking...
Program Size: Code=56270 RO-data=7566 RW-data=256 ZI-data=8612  
After Build - User command #1: fromelf --bin -o .\build\uvision5\bin\OnlineProgram.bin .\build\uvision5\OnlineProgram.axf
".\build\uvision5\OnlineProgram.axf" - 0 Error(s), 6 Warning(s).

<h2>Collection of Component include folders:</h2>
  .\RTE\_OnlineProgram
  C:\Keil_v5\ARM\PACK\Keil\Kinetis_K60_DFP\1.4.0\Device\Include

<h2>Collection of Component Files used:</h2>
Build Time Elapsed:  00:00:02
</pre>
</body>
</html>
