<!doctype html public "-//w3c//dtd html 4.0 transitional//en">
<html><head>
<title>Static Call Graph - [.\build\uvision5\OnlineProgram.axf]</title></head>
<body><HR>
<H1>Static Call Graph for image .\build\uvision5\OnlineProgram.axf</H1><HR>
<BR><P>#&#060CALLGRAPH&#062# ARM Linker, 5060422: Last Updated: Fri Aug 17 17:06:18 2018
<BR><P>
<H3>Maximum Stack Usage =       1688 bytes + Unknown(Cycles, Untraceable Function Pointers)</H3><H3>
Call chain for Maximum Stack Depth:</H3>
FATFileSystem::open(const char*, int) &rArr; f_open &rArr; dir_register(FATFS_DIR*) &rArr; dir_find(FATFS_DIR*) &rArr; dir_next(FATFS_DIR*, int) &rArr; create_chain(FATFS*, unsigned long) &rArr; put_fat(FATFS*, unsigned long, unsigned long) &rArr; move_window(FATFS*, unsigned long) &rArr; sync_window(FATFS*) &rArr; disk_write &rArr; debug_if(int, const char*, ...) &rArr; __c89vfprintf &rArr; _printf_char_file &rArr; _printf_char_common &rArr; __printf
<P>
<H3>
Mutually Recursive functions
</H3> <LI><a href="#[78]">rt_alloc_box</a>&nbsp;&nbsp;&nbsp;&rArr;&nbsp;&nbsp;&nbsp;<a href="#[78]">rt_alloc_box</a><BR>
 <LI><a href="#[194]">__assert_puts</a>&nbsp;&nbsp;&nbsp;&rArr;&nbsp;&nbsp;&nbsp;<a href="#[18b]">fflush</a><BR>
 <LI><a href="#[28c]">mbed_assert_internal</a>&nbsp;&nbsp;&nbsp;&rArr;&nbsp;&nbsp;&nbsp;<a href="#[2a1]">mbed_die</a><BR>
 <LI><a href="#[25a]">core_util_critical_section_enter</a>&nbsp;&nbsp;&nbsp;&rArr;&nbsp;&nbsp;&nbsp;<a href="#[28c]">mbed_assert_internal</a><BR>
 <LI><a href="#[2c8]">mbed_error_printf</a>&nbsp;&nbsp;&nbsp;&rArr;&nbsp;&nbsp;&nbsp;<a href="#[257]">serial_init</a><BR>
 <LI><a href="#[25c]">core_util_critical_section_exit</a>&nbsp;&nbsp;&nbsp;&rArr;&nbsp;&nbsp;&nbsp;<a href="#[28c]">mbed_assert_internal</a><BR>
 <LI><a href="#[2a0]">exit</a>&nbsp;&nbsp;&nbsp;&rArr;&nbsp;&nbsp;&nbsp;<a href="#[18b]">fflush</a><BR>
 <LI><a href="#[29f]">mbed_error_vfprintf</a>&nbsp;&nbsp;&nbsp;&rArr;&nbsp;&nbsp;&nbsp;<a href="#[257]">serial_init</a><BR>
 <LI><a href="#[28b]">cJSON_Delete</a>&nbsp;&nbsp;&nbsp;&rArr;&nbsp;&nbsp;&nbsp;<a href="#[28b]">cJSON_Delete</a><BR>
 <LI><a href="#[20a]">parse_value(cJSON*, const char*, const char**)</a>&nbsp;&nbsp;&nbsp;&rArr;&nbsp;&nbsp;&nbsp;<a href="#[20a]">parse_value(cJSON*, const char*, const char**)</a><BR>
 <LI><a href="#[19]">HardFault_Handler</a>&nbsp;&nbsp;&nbsp;&rArr;&nbsp;&nbsp;&nbsp;<a href="#[19]">HardFault_Handler</a><BR>
 <LI><a href="#[1a]">MemManage_Handler</a>&nbsp;&nbsp;&nbsp;&rArr;&nbsp;&nbsp;&nbsp;<a href="#[1a]">MemManage_Handler</a><BR>
 <LI><a href="#[1b]">BusFault_Handler</a>&nbsp;&nbsp;&nbsp;&rArr;&nbsp;&nbsp;&nbsp;<a href="#[1b]">BusFault_Handler</a><BR>
 <LI><a href="#[1c]">UsageFault_Handler</a>&nbsp;&nbsp;&nbsp;&rArr;&nbsp;&nbsp;&nbsp;<a href="#[1c]">UsageFault_Handler</a><BR>
 <LI><a href="#[1e]">DebugMon_Handler</a>&nbsp;&nbsp;&nbsp;&rArr;&nbsp;&nbsp;&nbsp;<a href="#[1e]">DebugMon_Handler</a><BR>
 <LI><a href="#[28e]">netconn_drain</a>&nbsp;&nbsp;&nbsp;&rArr;&nbsp;&nbsp;&nbsp;<a href="#[28e]">netconn_drain</a><BR>
</UL>
<P>
<H3>
Function Pointers
</H3><UL>
 <LI><a href="#[b1]">&lang;Func1&rang;</a> from SerialBase.o(i.<Func1>) referenced from SerialBase.o(i._ZN4mbed10SerialBaseC1E7PinNameS1_)
 <LI><a href="#[48]">ADC0_IRQHandler</a> from startup_MK64F12.o(.text) referenced from startup_MK64F12.o(RESET)
 <LI><a href="#[6a]">ADC1_IRQHandler</a> from startup_MK64F12.o(.text) referenced from startup_MK64F12.o(RESET)
 <LI><a href="#[1b]">BusFault_Handler</a> from startup_MK64F12.o(.text) referenced from startup_MK64F12.o(RESET)
 <LI><a href="#[6d]">CAN0_Bus_Off_IRQHandler</a> from startup_MK64F12.o(.text) referenced from startup_MK64F12.o(RESET)
 <LI><a href="#[a2]">CAN0_DriverIRQHandler</a> from startup_MK64F12.o(.text) referenced from startup_MK64F12.o(.text)
 <LI><a href="#[6e]">CAN0_Error_IRQHandler</a> from startup_MK64F12.o(.text) referenced from startup_MK64F12.o(RESET)
 <LI><a href="#[6c]">CAN0_ORed_Message_buffer_IRQHandler</a> from startup_MK64F12.o(.text) referenced from startup_MK64F12.o(RESET)
 <LI><a href="#[70]">CAN0_Rx_Warning_IRQHandler</a> from startup_MK64F12.o(.text) referenced from startup_MK64F12.o(RESET)
 <LI><a href="#[6f]">CAN0_Tx_Warning_IRQHandler</a> from startup_MK64F12.o(.text) referenced from startup_MK64F12.o(RESET)
 <LI><a href="#[71]">CAN0_Wake_Up_IRQHandler</a> from startup_MK64F12.o(.text) referenced from startup_MK64F12.o(RESET)
 <LI><a href="#[49]">CMP0_IRQHandler</a> from startup_MK64F12.o(.text) referenced from startup_MK64F12.o(RESET)
 <LI><a href="#[4a]">CMP1_IRQHandler</a> from startup_MK64F12.o(.text) referenced from startup_MK64F12.o(RESET)
 <LI><a href="#[67]">CMP2_IRQHandler</a> from startup_MK64F12.o(.text) referenced from startup_MK64F12.o(RESET)
 <LI><a href="#[4e]">CMT_IRQHandler</a> from startup_MK64F12.o(.text) referenced from startup_MK64F12.o(RESET)
 <LI><a href="#[59]">DAC0_IRQHandler</a> from startup_MK64F12.o(.text) referenced from startup_MK64F12.o(RESET)
 <LI><a href="#[69]">DAC1_IRQHandler</a> from startup_MK64F12.o(.text) referenced from startup_MK64F12.o(RESET)
 <LI><a href="#[7c]">DMA0_DriverIRQHandler</a> from startup_MK64F12.o(.text) referenced from startup_MK64F12.o(.text)
 <LI><a href="#[21]">DMA0_IRQHandler</a> from startup_MK64F12.o(.text) referenced from startup_MK64F12.o(RESET)
 <LI><a href="#[86]">DMA10_DriverIRQHandler</a> from startup_MK64F12.o(.text) referenced from startup_MK64F12.o(.text)
 <LI><a href="#[2b]">DMA10_IRQHandler</a> from startup_MK64F12.o(.text) referenced from startup_MK64F12.o(RESET)
 <LI><a href="#[87]">DMA11_DriverIRQHandler</a> from startup_MK64F12.o(.text) referenced from startup_MK64F12.o(.text)
 <LI><a href="#[2c]">DMA11_IRQHandler</a> from startup_MK64F12.o(.text) referenced from startup_MK64F12.o(RESET)
 <LI><a href="#[88]">DMA12_DriverIRQHandler</a> from startup_MK64F12.o(.text) referenced from startup_MK64F12.o(.text)
 <LI><a href="#[2d]">DMA12_IRQHandler</a> from startup_MK64F12.o(.text) referenced from startup_MK64F12.o(RESET)
 <LI><a href="#[89]">DMA13_DriverIRQHandler</a> from startup_MK64F12.o(.text) referenced from startup_MK64F12.o(.text)
 <LI><a href="#[2e]">DMA13_IRQHandler</a> from startup_MK64F12.o(.text) referenced from startup_MK64F12.o(RESET)
 <LI><a href="#[8a]">DMA14_DriverIRQHandler</a> from startup_MK64F12.o(.text) referenced from startup_MK64F12.o(.text)
 <LI><a href="#[2f]">DMA14_IRQHandler</a> from startup_MK64F12.o(.text) referenced from startup_MK64F12.o(RESET)
 <LI><a href="#[8b]">DMA15_DriverIRQHandler</a> from startup_MK64F12.o(.text) referenced from startup_MK64F12.o(.text)
 <LI><a href="#[30]">DMA15_IRQHandler</a> from startup_MK64F12.o(.text) referenced from startup_MK64F12.o(RESET)
 <LI><a href="#[7d]">DMA1_DriverIRQHandler</a> from startup_MK64F12.o(.text) referenced from startup_MK64F12.o(.text)
 <LI><a href="#[22]">DMA1_IRQHandler</a> from startup_MK64F12.o(.text) referenced from startup_MK64F12.o(RESET)
 <LI><a href="#[7e]">DMA2_DriverIRQHandler</a> from startup_MK64F12.o(.text) referenced from startup_MK64F12.o(.text)
 <LI><a href="#[23]">DMA2_IRQHandler</a> from startup_MK64F12.o(.text) referenced from startup_MK64F12.o(RESET)
 <LI><a href="#[7f]">DMA3_DriverIRQHandler</a> from startup_MK64F12.o(.text) referenced from startup_MK64F12.o(.text)
 <LI><a href="#[24]">DMA3_IRQHandler</a> from startup_MK64F12.o(.text) referenced from startup_MK64F12.o(RESET)
 <LI><a href="#[80]">DMA4_DriverIRQHandler</a> from startup_MK64F12.o(.text) referenced from startup_MK64F12.o(.text)
 <LI><a href="#[25]">DMA4_IRQHandler</a> from startup_MK64F12.o(.text) referenced from startup_MK64F12.o(RESET)
 <LI><a href="#[81]">DMA5_DriverIRQHandler</a> from startup_MK64F12.o(.text) referenced from startup_MK64F12.o(.text)
 <LI><a href="#[26]">DMA5_IRQHandler</a> from startup_MK64F12.o(.text) referenced from startup_MK64F12.o(RESET)
 <LI><a href="#[82]">DMA6_DriverIRQHandler</a> from startup_MK64F12.o(.text) referenced from startup_MK64F12.o(.text)
 <LI><a href="#[27]">DMA6_IRQHandler</a> from startup_MK64F12.o(.text) referenced from startup_MK64F12.o(RESET)
 <LI><a href="#[83]">DMA7_DriverIRQHandler</a> from startup_MK64F12.o(.text) referenced from startup_MK64F12.o(.text)
 <LI><a href="#[28]">DMA7_IRQHandler</a> from startup_MK64F12.o(.text) referenced from startup_MK64F12.o(RESET)
 <LI><a href="#[84]">DMA8_DriverIRQHandler</a> from startup_MK64F12.o(.text) referenced from startup_MK64F12.o(.text)
 <LI><a href="#[29]">DMA8_IRQHandler</a> from startup_MK64F12.o(.text) referenced from startup_MK64F12.o(RESET)
 <LI><a href="#[85]">DMA9_DriverIRQHandler</a> from startup_MK64F12.o(.text) referenced from startup_MK64F12.o(.text)
 <LI><a href="#[2a]">DMA9_IRQHandler</a> from startup_MK64F12.o(.text) referenced from startup_MK64F12.o(RESET)
 <LI><a href="#[8c]">DMA_Error_DriverIRQHandler</a> from startup_MK64F12.o(.text) referenced from startup_MK64F12.o(.text)
 <LI><a href="#[31]">DMA_Error_IRQHandler</a> from startup_MK64F12.o(.text) referenced from startup_MK64F12.o(RESET)
 <LI><a href="#[1e]">DebugMon_Handler</a> from startup_MK64F12.o(.text) referenced from startup_MK64F12.o(RESET)
 <LI><a href="#[77]">DefaultISR</a> from startup_MK64F12.o(.text) referenced 153 times from startup_MK64F12.o(RESET)
 <LI><a href="#[a4]">ENET_1588_Timer_DriverIRQHandler</a> from startup_MK64F12.o(.text) referenced from startup_MK64F12.o(.text)
 <LI><a href="#[73]">ENET_1588_Timer_IRQHandler</a> from fsl_enet.o(i.ENET_1588_Timer_IRQHandler) referenced from startup_MK64F12.o(RESET)
 <LI><a href="#[a7]">ENET_Error_DriverIRQHandler</a> from startup_MK64F12.o(.text) referenced from startup_MK64F12.o(.text)
 <LI><a href="#[76]">ENET_Error_IRQHandler</a> from fsl_enet.o(i.ENET_Error_IRQHandler) referenced from startup_MK64F12.o(RESET)
 <LI><a href="#[a6]">ENET_Receive_DriverIRQHandler</a> from startup_MK64F12.o(.text) referenced from startup_MK64F12.o(.text)
 <LI><a href="#[75]">ENET_Receive_IRQHandler</a> from fsl_enet.o(i.ENET_Receive_IRQHandler) referenced from startup_MK64F12.o(RESET)
 <LI><a href="#[a5]">ENET_Transmit_DriverIRQHandler</a> from startup_MK64F12.o(.text) referenced from startup_MK64F12.o(.text)
 <LI><a href="#[74]">ENET_Transmit_IRQHandler</a> from fsl_enet.o(i.ENET_Transmit_IRQHandler) referenced from startup_MK64F12.o(RESET)
 <LI><a href="#[33]">FTFE_IRQHandler</a> from startup_MK64F12.o(.text) referenced from startup_MK64F12.o(RESET)
 <LI><a href="#[4b]">FTM0_IRQHandler</a> from startup_MK64F12.o(.text) referenced from startup_MK64F12.o(RESET)
 <LI><a href="#[4c]">FTM1_IRQHandler</a> from startup_MK64F12.o(.text) referenced from startup_MK64F12.o(RESET)
 <LI><a href="#[4d]">FTM2_IRQHandler</a> from startup_MK64F12.o(.text) referenced from startup_MK64F12.o(RESET)
 <LI><a href="#[68]">FTM3_IRQHandler</a> from startup_MK64F12.o(.text) referenced from startup_MK64F12.o(RESET)
 <LI><a href="#[19]">HardFault_Handler</a> from startup_MK64F12.o(.text) referenced from startup_MK64F12.o(RESET)
 <LI><a href="#[8d]">I2C0_DriverIRQHandler</a> from startup_MK64F12.o(.text) referenced from startup_MK64F12.o(.text)
 <LI><a href="#[39]">I2C0_IRQHandler</a> from startup_MK64F12.o(.text) referenced from startup_MK64F12.o(RESET)
 <LI><a href="#[8e]">I2C1_DriverIRQHandler</a> from startup_MK64F12.o(.text) referenced from startup_MK64F12.o(.text)
 <LI><a href="#[3a]">I2C1_IRQHandler</a> from startup_MK64F12.o(.text) referenced from startup_MK64F12.o(RESET)
 <LI><a href="#[a1]">I2C2_DriverIRQHandler</a> from startup_MK64F12.o(.text) referenced from startup_MK64F12.o(.text)
 <LI><a href="#[6b]">I2C2_IRQHandler</a> from startup_MK64F12.o(.text) referenced from startup_MK64F12.o(RESET)
 <LI><a href="#[92]">I2S0_Rx_DriverIRQHandler</a> from startup_MK64F12.o(.text) referenced from startup_MK64F12.o(.text)
 <LI><a href="#[3e]">I2S0_Rx_IRQHandler</a> from startup_MK64F12.o(.text) referenced from startup_MK64F12.o(RESET)
 <LI><a href="#[91]">I2S0_Tx_DriverIRQHandler</a> from startup_MK64F12.o(.text) referenced from startup_MK64F12.o(.text)
 <LI><a href="#[3d]">I2S0_Tx_IRQHandler</a> from startup_MK64F12.o(.text) referenced from startup_MK64F12.o(RESET)
 <LI><a href="#[36]">LLWU_IRQHandler</a> from startup_MK64F12.o(.text) referenced from startup_MK64F12.o(RESET)
 <LI><a href="#[5b]">LPTMR0_IRQHandler</a> from startup_MK64F12.o(.text) referenced from startup_MK64F12.o(RESET)
 <LI><a href="#[35]">LVD_LVW_IRQHandler</a> from startup_MK64F12.o(.text) referenced from startup_MK64F12.o(RESET)
 <LI><a href="#[5a]">MCG_IRQHandler</a> from startup_MK64F12.o(.text) referenced from startup_MK64F12.o(RESET)
 <LI><a href="#[32]">MCM_IRQHandler</a> from startup_MK64F12.o(.text) referenced from startup_MK64F12.o(RESET)
 <LI><a href="#[1a]">MemManage_Handler</a> from startup_MK64F12.o(.text) referenced from startup_MK64F12.o(RESET)
 <LI><a href="#[18]">NMI_Handler</a> from mbed_overrides.o(i.NMI_Handler) referenced from startup_MK64F12.o(RESET)
 <LI><a href="#[55]">PDB0_IRQHandler</a> from startup_MK64F12.o(.text) referenced from startup_MK64F12.o(RESET)
 <LI><a href="#[51]">PIT0_IRQHandler</a> from startup_MK64F12.o(.text) referenced from startup_MK64F12.o(RESET)
 <LI><a href="#[52]">PIT1_IRQHandler</a> from startup_MK64F12.o(.text) referenced from startup_MK64F12.o(RESET)
 <LI><a href="#[53]">PIT2_IRQHandler</a> from startup_MK64F12.o(.text) referenced from startup_MK64F12.o(RESET)
 <LI><a href="#[54]">PIT3_IRQHandler</a> from startup_MK64F12.o(.text) referenced from startup_MK64F12.o(RESET)
 <LI><a href="#[5c]">PORTA_IRQHandler</a> from startup_MK64F12.o(.text) referenced from startup_MK64F12.o(RESET)
 <LI><a href="#[5d]">PORTB_IRQHandler</a> from startup_MK64F12.o(.text) referenced from startup_MK64F12.o(RESET)
 <LI><a href="#[5e]">PORTC_IRQHandler</a> from startup_MK64F12.o(.text) referenced from startup_MK64F12.o(RESET)
 <LI><a href="#[5f]">PORTD_IRQHandler</a> from startup_MK64F12.o(.text) referenced from startup_MK64F12.o(RESET)
 <LI><a href="#[60]">PORTE_IRQHandler</a> from startup_MK64F12.o(.text) referenced from startup_MK64F12.o(RESET)
 <LI><a href="#[1f]">PendSV_Handler</a> from hal_cm4.o(.emb_text) referenced from startup_MK64F12.o(RESET)
 <LI><a href="#[38]">RNG_IRQHandler</a> from startup_MK64F12.o(.text) referenced from startup_MK64F12.o(RESET)
 <LI><a href="#[4f]">RTC_IRQHandler</a> from startup_MK64F12.o(.text) referenced from startup_MK64F12.o(RESET)
 <LI><a href="#[50]">RTC_Seconds_IRQHandler</a> from startup_MK64F12.o(.text) referenced from startup_MK64F12.o(RESET)
 <LI><a href="#[34]">Read_Collision_IRQHandler</a> from startup_MK64F12.o(.text) referenced from startup_MK64F12.o(RESET)
 <LI><a href="#[58]">Reserved71_IRQHandler</a> from startup_MK64F12.o(.text) referenced from startup_MK64F12.o(RESET)
 <LI><a href="#[17]">Reset_Handler</a> from startup_MK64F12.o(.text) referenced from startup_MK64F12.o(RESET)
 <LI><a href="#[a3]">SDHC_DriverIRQHandler</a> from startup_MK64F12.o(.text) referenced from startup_MK64F12.o(.text)
 <LI><a href="#[72]">SDHC_IRQHandler</a> from startup_MK64F12.o(.text) referenced from startup_MK64F12.o(RESET)
 <LI><a href="#[8f]">SPI0_DriverIRQHandler</a> from fsl_dspi.o(i.SPI0_DriverIRQHandler) referenced from startup_MK64F12.o(.text)
 <LI><a href="#[3b]">SPI0_IRQHandler</a> from startup_MK64F12.o(.text) referenced from startup_MK64F12.o(RESET)
 <LI><a href="#[90]">SPI1_DriverIRQHandler</a> from fsl_dspi.o(i.SPI1_DriverIRQHandler) referenced from startup_MK64F12.o(.text)
 <LI><a href="#[3c]">SPI1_IRQHandler</a> from startup_MK64F12.o(.text) referenced from startup_MK64F12.o(RESET)
 <LI><a href="#[9c]">SPI2_DriverIRQHandler</a> from fsl_dspi.o(i.SPI2_DriverIRQHandler) referenced from startup_MK64F12.o(.text)
 <LI><a href="#[62]">SPI2_IRQHandler</a> from startup_MK64F12.o(.text) referenced from startup_MK64F12.o(RESET)
 <LI><a href="#[1d]">SVC_Handler</a> from hal_cm4.o(.emb_text) referenced from startup_MK64F12.o(RESET)
 <LI><a href="#[61]">SWI_IRQHandler</a> from startup_MK64F12.o(.text) referenced from startup_MK64F12.o(RESET)
 <LI><a href="#[20]">SysTick_Handler</a> from hal_cm4.o(.emb_text) referenced from startup_MK64F12.o(RESET)
 <LI><a href="#[7a]">SystemInit</a> from system_MK64F12.o(i.SystemInit) referenced from startup_MK64F12.o(.text)
 <LI><a href="#[95]">UART0_ERR_DriverIRQHandler</a> from startup_MK64F12.o(.text) referenced from startup_MK64F12.o(.text)
 <LI><a href="#[41]">UART0_ERR_IRQHandler</a> from startup_MK64F12.o(.text) referenced from startup_MK64F12.o(RESET)
 <LI><a href="#[93]">UART0_LON_DriverIRQHandler</a> from startup_MK64F12.o(.text) referenced from startup_MK64F12.o(.text)
 <LI><a href="#[3f]">UART0_LON_IRQHandler</a> from startup_MK64F12.o(.text) referenced from startup_MK64F12.o(RESET)
 <LI><a href="#[94]">UART0_RX_TX_DriverIRQHandler</a> from fsl_uart.o(i.UART0_RX_TX_DriverIRQHandler) referenced from startup_MK64F12.o(.text)
 <LI><a href="#[40]">UART0_RX_TX_IRQHandler</a> from startup_MK64F12.o(.text) referenced from startup_MK64F12.o(RESET)
 <LI><a href="#[97]">UART1_ERR_DriverIRQHandler</a> from startup_MK64F12.o(.text) referenced from startup_MK64F12.o(.text)
 <LI><a href="#[43]">UART1_ERR_IRQHandler</a> from startup_MK64F12.o(.text) referenced from startup_MK64F12.o(RESET)
 <LI><a href="#[96]">UART1_RX_TX_DriverIRQHandler</a> from fsl_uart.o(i.UART1_RX_TX_DriverIRQHandler) referenced from startup_MK64F12.o(.text)
 <LI><a href="#[42]">UART1_RX_TX_IRQHandler</a> from startup_MK64F12.o(.text) referenced from startup_MK64F12.o(RESET)
 <LI><a href="#[99]">UART2_ERR_DriverIRQHandler</a> from startup_MK64F12.o(.text) referenced from startup_MK64F12.o(.text)
 <LI><a href="#[45]">UART2_ERR_IRQHandler</a> from startup_MK64F12.o(.text) referenced from startup_MK64F12.o(RESET)
 <LI><a href="#[98]">UART2_RX_TX_DriverIRQHandler</a> from fsl_uart.o(i.UART2_RX_TX_DriverIRQHandler) referenced from startup_MK64F12.o(.text)
 <LI><a href="#[44]">UART2_RX_TX_IRQHandler</a> from startup_MK64F12.o(.text) referenced from startup_MK64F12.o(RESET)
 <LI><a href="#[9b]">UART3_ERR_DriverIRQHandler</a> from startup_MK64F12.o(.text) referenced from startup_MK64F12.o(.text)
 <LI><a href="#[47]">UART3_ERR_IRQHandler</a> from startup_MK64F12.o(.text) referenced from startup_MK64F12.o(RESET)
 <LI><a href="#[9a]">UART3_RX_TX_DriverIRQHandler</a> from fsl_uart.o(i.UART3_RX_TX_DriverIRQHandler) referenced from startup_MK64F12.o(.text)
 <LI><a href="#[46]">UART3_RX_TX_IRQHandler</a> from startup_MK64F12.o(.text) referenced from startup_MK64F12.o(RESET)
 <LI><a href="#[9e]">UART4_ERR_DriverIRQHandler</a> from startup_MK64F12.o(.text) referenced from startup_MK64F12.o(.text)
 <LI><a href="#[64]">UART4_ERR_IRQHandler</a> from startup_MK64F12.o(.text) referenced from startup_MK64F12.o(RESET)
 <LI><a href="#[9d]">UART4_RX_TX_DriverIRQHandler</a> from fsl_uart.o(i.UART4_RX_TX_DriverIRQHandler) referenced from startup_MK64F12.o(.text)
 <LI><a href="#[63]">UART4_RX_TX_IRQHandler</a> from startup_MK64F12.o(.text) referenced from startup_MK64F12.o(RESET)
 <LI><a href="#[a0]">UART5_ERR_DriverIRQHandler</a> from startup_MK64F12.o(.text) referenced from startup_MK64F12.o(.text)
 <LI><a href="#[66]">UART5_ERR_IRQHandler</a> from startup_MK64F12.o(.text) referenced from startup_MK64F12.o(RESET)
 <LI><a href="#[9f]">UART5_RX_TX_DriverIRQHandler</a> from fsl_uart.o(i.UART5_RX_TX_DriverIRQHandler) referenced from startup_MK64F12.o(.text)
 <LI><a href="#[65]">UART5_RX_TX_IRQHandler</a> from startup_MK64F12.o(.text) referenced from startup_MK64F12.o(RESET)
 <LI><a href="#[56]">USB0_IRQHandler</a> from startup_MK64F12.o(.text) referenced from startup_MK64F12.o(RESET)
 <LI><a href="#[57]">USBDCD_IRQHandler</a> from startup_MK64F12.o(.text) referenced from startup_MK64F12.o(RESET)
 <LI><a href="#[1c]">UsageFault_Handler</a> from startup_MK64F12.o(.text) referenced from startup_MK64F12.o(RESET)
 <LI><a href="#[37]">WDOG_EWM_IRQHandler</a> from startup_MK64F12.o(.text) referenced from startup_MK64F12.o(RESET)
 <LI><a href="#[c5]">sw2_release()</a> from onlineprogram.o(i._Z11sw2_releasev) referenced from onlineprogram.o(i.main)
 <LI><a href="#[c7]">sw3_release()</a> from onlineprogram.o(i._Z11sw3_releasev) referenced from onlineprogram.o(i.main)
 <LI><a href="#[b4]">__default_new_handler()</a> from arm_newhandler_noexceptions.o(.text) referenced from new.o(i._Znwj)
 <LI><a href="#[e5]">FATDirHandle::readdir()</a> from fatdirhandle.o(i._ZN12FATDirHandle7readdirEv) referenced from fatdirhandle.o(.constdata__ZTV12FATDirHandle)
 <LI><a href="#[e4]">FATDirHandle::closedir()</a> from fatdirhandle.o(i._ZN12FATDirHandle8closedirEv) referenced from fatdirhandle.o(.constdata__ZTV12FATDirHandle)
 <LI><a href="#[e6]">FATDirHandle::~FATDirHandle__deallocating()</a> from fatdirhandle.o(i._ZN12FATDirHandleD0Ev) referenced from fatdirhandle.o(.constdata__ZTV12FATDirHandle)
 <LI><a href="#[ec]">SDFileSystem::disk_write(const unsigned char*, unsigned, unsigned)</a> from sdfilesystem.o(i._ZN12SDFileSystem10disk_writeEPKhjj) referenced from sdfilesystem.o(.constdata__ZTV12SDFileSystem)
 <LI><a href="#[ea]">SDFileSystem::disk_status()</a> from sdfilesystem.o(i._ZN12SDFileSystem11disk_statusEv) referenced from sdfilesystem.o(.constdata__ZTV12SDFileSystem)
 <LI><a href="#[ee]">SDFileSystem::disk_sectors()</a> from sdfilesystem.o(i._ZN12SDFileSystem12disk_sectorsEv) referenced from sdfilesystem.o(.constdata__ZTV12SDFileSystem)
 <LI><a href="#[e9]">SDFileSystem::disk_initialize()</a> from sdfilesystem.o(i._ZN12SDFileSystem15disk_initializeEv) referenced from sdfilesystem.o(.constdata__ZTV12SDFileSystem)
 <LI><a href="#[eb]">SDFileSystem::disk_read(unsigned char*, unsigned, unsigned)</a> from sdfilesystem.o(i._ZN12SDFileSystem9disk_readEPhjj) referenced from sdfilesystem.o(.constdata__ZTV12SDFileSystem)
 <LI><a href="#[ed]">SDFileSystem::disk_sync()</a> from sdfilesystem.o(i._ZN12SDFileSystem9disk_syncEv) referenced from sdfilesystem.o(.constdata__ZTV12SDFileSystem)
 <LI><a href="#[b8]">SDFileSystem::~SDFileSystem()</a> from onlineprogram.o(i._ZN12SDFileSystemD1Ev) referenced from sdfilesystem.o(.constdata__ZTV12SDFileSystem)
 <LI><a href="#[b8]">SDFileSystem::~SDFileSystem()</a> from onlineprogram.o(i._ZN12SDFileSystemD1Ev) referenced from onlineprogram.o(i.__sti___17_OnlineProgram_cpp_pc)
 <LI><a href="#[f4]">FATFileHandle::flen()</a> from fatfilehandle.o(i._ZN13FATFileHandle4flenEv) referenced from fatfilehandle.o(.constdata__ZTV13FATFileHandle)
 <LI><a href="#[f1]">FATFileHandle::read(void*, unsigned)</a> from fatfilehandle.o(i._ZN13FATFileHandle4readEPvj) referenced from fatfilehandle.o(.constdata__ZTV13FATFileHandle)
 <LI><a href="#[f0]">FATFileHandle::close()</a> from fatfilehandle.o(i._ZN13FATFileHandle5closeEv) referenced from fatfilehandle.o(.constdata__ZTV13FATFileHandle)
 <LI><a href="#[f3]">FATFileHandle::lseek(long, int)</a> from fatfilehandle.o(i._ZN13FATFileHandle5lseekEli) referenced from fatfilehandle.o(.constdata__ZTV13FATFileHandle)
 <LI><a href="#[ef]">FATFileHandle::write(const void*, unsigned)</a> from fatfilehandle.o(i._ZN13FATFileHandle5writeEPKvj) referenced from fatfilehandle.o(.constdata__ZTV13FATFileHandle)
 <LI><a href="#[f2]">FATFileHandle::isatty()</a> from fatfilehandle.o(i._ZN13FATFileHandle6isattyEv) referenced from fatfilehandle.o(.constdata__ZTV13FATFileHandle)
 <LI><a href="#[f5]">FATFileHandle::~FATFileHandle__deallocating()</a> from fatfilehandle.o(i._ZN13FATFileHandleD0Ev) referenced from fatfilehandle.o(.constdata__ZTV13FATFileHandle)
 <LI><a href="#[fa]">FATFileSystem::disk_status()</a> from fatfilesystem.o(i._ZN13FATFileSystem11disk_statusEv) referenced from fatfilesystem.o(.constdata__ZTV13FATFileSystem)
 <LI><a href="#[f9]">FATFileSystem::disk_initialize()</a> from fatfilesystem.o(i._ZN13FATFileSystem15disk_initializeEv) referenced from fatfilesystem.o(.constdata__ZTV13FATFileSystem)
 <LI><a href="#[e7]">FATFileSystem::open(const char*, int)</a> from fatfilesystem.o(i._ZN13FATFileSystem4openEPKci) referenced from sdfilesystem.o(.constdata__ZTV12SDFileSystem)
 <LI><a href="#[e7]">FATFileSystem::open(const char*, int)</a> from fatfilesystem.o(i._ZN13FATFileSystem4openEPKci) referenced from fatfilesystem.o(.constdata__ZTV13FATFileSystem)
 <LI><a href="#[e8]">FATFileSystem::opendir(const char*)</a> from fatfilesystem.o(i._ZN13FATFileSystem7opendirEPKc) referenced from sdfilesystem.o(.constdata__ZTV12SDFileSystem)
 <LI><a href="#[e8]">FATFileSystem::opendir(const char*)</a> from fatfilesystem.o(i._ZN13FATFileSystem7opendirEPKc) referenced from fatfilesystem.o(.constdata__ZTV13FATFileSystem)
 <LI><a href="#[fc]">FATFileSystem::disk_sync()</a> from fatfilesystem.o(i._ZN13FATFileSystem9disk_syncEv) referenced from fatfilesystem.o(.constdata__ZTV13FATFileSystem)
 <LI><a href="#[f8]">FATFileSystem::~FATFileSystem__sub_object()</a> from fatfilesystem.o(i._ZN13FATFileSystemD2Ev) referenced from fatfilesystem.o(.constdata__ZTV13FATFileSystem)
 <LI><a href="#[b5]">TCPSocketConnection::~TCPSocketConnection()</a> from network.o(i._ZN19TCPSocketConnectionD1Ev) referenced from network.o(i.__sti___11_network_cpp_tcpSock)
 <LI><a href="#[b0]">[local to arm_exceptions_c]::__default_terminate_handler()</a> from arm_exceptions_globs.o(.text) referenced from arm_exceptions_globs.o(.text)
 <LI><a href="#[fd]">mbed::FileHandle::flen()</a> from retarget.o(i._ZN4mbed10FileHandle4flenEv) referenced from retarget.o(.constdata__ZTVN4mbed10FileHandleE)
 <LI><a href="#[fd]">mbed::FileHandle::flen()</a> from retarget.o(i._ZN4mbed10FileHandle4flenEv) referenced from FileLike.o(.constdata__ZTVN4mbed8FileLikeE)
 <LI><a href="#[f6]">mbed::FileHandle::lock()</a> from c12832.o(i._ZN4mbed10FileHandle4lockEv) referenced from fatfilehandle.o(.constdata__ZTV13FATFileHandle)
 <LI><a href="#[f6]">mbed::FileHandle::lock()</a> from c12832.o(i._ZN4mbed10FileHandle4lockEv) referenced from retarget.o(.constdata__ZTVN4mbed10FileHandleE)
 <LI><a href="#[f6]">mbed::FileHandle::lock()</a> from c12832.o(i._ZN4mbed10FileHandle4lockEv) referenced from Stream.o(.constdata__ZTVN4mbed6StreamE)
 <LI><a href="#[f6]">mbed::FileHandle::lock()</a> from c12832.o(i._ZN4mbed10FileHandle4lockEv) referenced from FileLike.o(.constdata__ZTVN4mbed8FileLikeE)
 <LI><a href="#[f7]">mbed::FileHandle::unlock()</a> from c12832.o(i._ZN4mbed10FileHandle6unlockEv) referenced from fatfilehandle.o(.constdata__ZTV13FATFileHandle)
 <LI><a href="#[f7]">mbed::FileHandle::unlock()</a> from c12832.o(i._ZN4mbed10FileHandle6unlockEv) referenced from retarget.o(.constdata__ZTVN4mbed10FileHandleE)
 <LI><a href="#[f7]">mbed::FileHandle::unlock()</a> from c12832.o(i._ZN4mbed10FileHandle6unlockEv) referenced from Stream.o(.constdata__ZTVN4mbed6StreamE)
 <LI><a href="#[f7]">mbed::FileHandle::unlock()</a> from c12832.o(i._ZN4mbed10FileHandle6unlockEv) referenced from FileLike.o(.constdata__ZTVN4mbed8FileLikeE)
 <LI><a href="#[fe]">mbed::FileHandle::~FileHandle__sub_object()</a> from retarget.o(i._ZN4mbed10FileHandleD2Ev) referenced from retarget.o(.constdata__ZTVN4mbed10FileHandleE)
 <LI><a href="#[b2]">mbed::SerialBase::_irq_handler(unsigned, SerialIrq)</a> from SerialBase.o(i._ZN4mbed10SerialBase12_irq_handlerEj9SerialIrq) referenced from SerialBase.o(i._ZN4mbed10SerialBaseC1E7PinNameS1_)
 <LI><a href="#[ff]">mbed::SerialBase::lock()</a> from SerialBase.o(i._ZN4mbed10SerialBase4lockEv) referenced from SerialBase.o(.constdata__ZTVN4mbed10SerialBaseE)
 <LI><a href="#[100]">mbed::SerialBase::unlock()</a> from SerialBase.o(i._ZN4mbed10SerialBase6unlockEv) referenced from SerialBase.o(.constdata__ZTVN4mbed10SerialBaseE)
 <LI><a href="#[b3]">mbed::InterruptIn::_irq_handler(unsigned, gpio_irq_event)</a> from InterruptIn.o(i._ZN4mbed11InterruptIn12_irq_handlerEj14gpio_irq_event) referenced from InterruptIn.o(i._ZN4mbed11InterruptInC1E7PinName)
 <LI><a href="#[b7]">mbed::InterruptIn::~InterruptIn()</a> from InterruptIn.o(i._ZN4mbed11InterruptInD1Ev) referenced from InterruptIn.o(.constdata__ZTVN4mbed11InterruptInE)
 <LI><a href="#[b7]">mbed::InterruptIn::~InterruptIn()</a> from InterruptIn.o(i._ZN4mbed11InterruptInD1Ev) referenced from onlineprogram.o(i.__sti___17_OnlineProgram_cpp_pc)
 <LI><a href="#[104]">mbed::BaseDirHandle::lock()</a> from FileSystemLike.o(i._ZN4mbed13BaseDirHandle4lockEv) referenced from FileSystemLike.o(.constdata__ZTVN4mbed13BaseDirHandleE)
 <LI><a href="#[105]">mbed::BaseDirHandle::unlock()</a> from FileSystemLike.o(i._ZN4mbed13BaseDirHandle6unlockEv) referenced from FileSystemLike.o(.constdata__ZTVN4mbed13BaseDirHandleE)
 <LI><a href="#[102]">mbed::BaseDirHandle::readdir()</a> from FileSystemLike.o(i._ZN4mbed13BaseDirHandle7readdirEv) referenced from FileSystemLike.o(.constdata__ZTVN4mbed13BaseDirHandleE)
 <LI><a href="#[101]">mbed::BaseDirHandle::closedir()</a> from FileSystemLike.o(i._ZN4mbed13BaseDirHandle8closedirEv) referenced from FileSystemLike.o(.constdata__ZTVN4mbed13BaseDirHandleE)
 <LI><a href="#[103]">mbed::BaseDirHandle::~BaseDirHandle__deallocating()</a> from FileSystemLike.o(i._ZN4mbed13BaseDirHandleD0Ev) referenced from FileSystemLike.o(.constdata__ZTVN4mbed13BaseDirHandleE)
 <LI><a href="#[107]">mbed::FileSystemLike::opendir(const char*)</a> from FileSystemLike.o(i._ZN4mbed14FileSystemLike7opendirEPKc) referenced from FileSystemLike.o(.constdata__ZTVN4mbed14FileSystemLikeE)
 <LI><a href="#[106]">mbed::FileSystemLike::~FileSystemLike__sub_object()</a> from FileSystemLike.o(i._ZN4mbed14FileSystemLikeD2Ev) referenced from FileSystemLike.o(.constdata__ZTVN4mbed14FileSystemLikeE)
 <LI><a href="#[109]">mbed::SPI::lock()</a> from SPI.o(i._ZN4mbed3SPI4lockEv) referenced from SPI.o(.constdata__ZTVN4mbed3SPIE)
 <LI><a href="#[108]">mbed::SPI::write(int)</a> from SPI.o(i._ZN4mbed3SPI5writeEi) referenced from SPI.o(.constdata__ZTVN4mbed3SPIE)
 <LI><a href="#[10a]">mbed::SPI::unlock()</a> from SPI.o(i._ZN4mbed3SPI6unlockEv) referenced from SPI.o(.constdata__ZTVN4mbed3SPIE)
 <LI><a href="#[10b]">mbed::Serial::lock()</a> from Serial.o(i._ZN4mbed6Serial4lockEv) referenced from Serial.o(.constdata__ZTVN4mbed6SerialE)
 <LI><a href="#[10c]">mbed::Serial::unlock()</a> from Serial.o(i._ZN4mbed6Serial6unlockEv) referenced from Serial.o(.constdata__ZTVN4mbed6SerialE)
 <LI><a href="#[b6]">mbed::Serial::~Serial()</a> from Serial.o(i._ZN4mbed6SerialD1Ev) referenced from Serial.o(.constdata__ZTVN4mbed6SerialE)
 <LI><a href="#[b6]">mbed::Serial::~Serial()</a> from Serial.o(i._ZN4mbed6SerialD1Ev) referenced from onlineprogram.o(i.__sti___17_OnlineProgram_cpp_pc)
 <LI><a href="#[112]">mbed::Stream::flen()</a> from Stream.o(i._ZN4mbed6Stream4flenEv) referenced from Serial.o(.constdata__ZTVN4mbed6SerialE)
 <LI><a href="#[112]">mbed::Stream::flen()</a> from Stream.o(i._ZN4mbed6Stream4flenEv) referenced from Stream.o(.constdata__ZTVN4mbed6StreamE)
 <LI><a href="#[10f]">mbed::Stream::read(void*, unsigned)</a> from Stream.o(i._ZN4mbed6Stream4readEPvj) referenced from Serial.o(.constdata__ZTVN4mbed6SerialE)
 <LI><a href="#[10f]">mbed::Stream::read(void*, unsigned)</a> from Stream.o(i._ZN4mbed6Stream4readEPvj) referenced from Stream.o(.constdata__ZTVN4mbed6StreamE)
 <LI><a href="#[10e]">mbed::Stream::close()</a> from Stream.o(i._ZN4mbed6Stream5closeEv) referenced from Serial.o(.constdata__ZTVN4mbed6SerialE)
 <LI><a href="#[10e]">mbed::Stream::close()</a> from Stream.o(i._ZN4mbed6Stream5closeEv) referenced from Stream.o(.constdata__ZTVN4mbed6StreamE)
 <LI><a href="#[111]">mbed::Stream::lseek(long, int)</a> from Stream.o(i._ZN4mbed6Stream5lseekEli) referenced from Serial.o(.constdata__ZTVN4mbed6SerialE)
 <LI><a href="#[111]">mbed::Stream::lseek(long, int)</a> from Stream.o(i._ZN4mbed6Stream5lseekEli) referenced from Stream.o(.constdata__ZTVN4mbed6StreamE)
 <LI><a href="#[10d]">mbed::Stream::write(const void*, unsigned)</a> from Stream.o(i._ZN4mbed6Stream5writeEPKvj) referenced from Serial.o(.constdata__ZTVN4mbed6SerialE)
 <LI><a href="#[10d]">mbed::Stream::write(const void*, unsigned)</a> from Stream.o(i._ZN4mbed6Stream5writeEPKvj) referenced from Stream.o(.constdata__ZTVN4mbed6StreamE)
 <LI><a href="#[110]">mbed::Stream::isatty()</a> from Stream.o(i._ZN4mbed6Stream6isattyEv) referenced from Serial.o(.constdata__ZTVN4mbed6SerialE)
 <LI><a href="#[110]">mbed::Stream::isatty()</a> from Stream.o(i._ZN4mbed6Stream6isattyEv) referenced from Stream.o(.constdata__ZTVN4mbed6StreamE)
 <LI><a href="#[117]">mbed::Stream::~Stream__sub_object()</a> from Stream.o(i._ZN4mbed6StreamD2Ev) referenced from Stream.o(.constdata__ZTVN4mbed6StreamE)
 <LI><a href="#[c6]">mbed::Callback&lang;void()&rang;::_staticthunk(void*, void*)</a> from onlineprogram.o(t._ZN4mbed8CallbackIFvvEE12_staticthunkEPvS3_) referenced from onlineprogram.o(i.main)
 <LI><a href="#[118]">mbed::FileBase::~FileBase()</a> from FileBase.o(i._ZN4mbed8FileBaseD1Ev) referenced from FileBase.o(.constdata__ZTVN4mbed8FileBaseE)
 <LI><a href="#[119]">mbed::FileLike::~FileLike__sub_object()</a> from FileLike.o(i._ZN4mbed8FileLikeD2Ev) referenced from FileLike.o(.constdata__ZTVN4mbed8FileLikeE)
 <LI><a href="#[b9]">rtos::Semaphore::~Semaphore()</a> from semaphore.o(i._ZN4rtos9SemaphoreD1Ev) referenced from ethernetinterface.o(i.__sti___21_EthernetInterface_cpp_af02a2e0)
 <LI><a href="#[113]">thunk{-44} to mbed::Serial::lock()</a> from Serial.o(i._ZThn44_N4mbed6Serial4lockEv) referenced from Serial.o(.constdata__ZTVN4mbed6SerialE)
 <LI><a href="#[116]">thunk{-44} to mbed::Serial::_getc()</a> from Serial.o(i._ZThn44_N4mbed6Serial5_getcEv) referenced from Serial.o(.constdata__ZTVN4mbed6SerialE)
 <LI><a href="#[115]">thunk{-44} to mbed::Serial::_putc(int)</a> from Serial.o(i._ZThn44_N4mbed6Serial5_putcEi) referenced from Serial.o(.constdata__ZTVN4mbed6SerialE)
 <LI><a href="#[114]">thunk{-44} to mbed::Serial::unlock()</a> from Serial.o(i._ZThn44_N4mbed6Serial6unlockEv) referenced from Serial.o(.constdata__ZTVN4mbed6SerialE)
 <LI><a href="#[fb]">__cxa_pure_virtual</a> from pure_virt.o(i.__cxa_pure_virtual) referenced 3 times from fatfilesystem.o(.constdata__ZTV13FATFileSystem)
 <LI><a href="#[fb]">__cxa_pure_virtual</a> from pure_virt.o(i.__cxa_pure_virtual) referenced 6 times from retarget.o(.constdata__ZTVN4mbed10FileHandleE)
 <LI><a href="#[fb]">__cxa_pure_virtual</a> from pure_virt.o(i.__cxa_pure_virtual) referenced from FileSystemLike.o(.constdata__ZTVN4mbed14FileSystemLikeE)
 <LI><a href="#[fb]">__cxa_pure_virtual</a> from pure_virt.o(i.__cxa_pure_virtual) referenced 2 times from Stream.o(.constdata__ZTVN4mbed6StreamE)
 <LI><a href="#[fb]">__cxa_pure_virtual</a> from pure_virt.o(i.__cxa_pure_virtual) referenced 6 times from FileLike.o(.constdata__ZTVN4mbed8FileLikeE)
 <LI><a href="#[11d]">__main</a> from __main.o(!!!main) referenced from startup_MK64F12.o(.text)
 <LI><a href="#[11a]">__sti___11_network_cpp_tcpSock</a> from network.o(i.__sti___11_network_cpp_tcpSock) referenced from network.o(.init_array)
 <LI><a href="#[11b]">__sti___17_OnlineProgram_cpp_pc</a> from onlineprogram.o(i.__sti___17_OnlineProgram_cpp_pc) referenced from onlineprogram.o(.init_array)
 <LI><a href="#[11c]">__sti___21_EthernetInterface_cpp_af02a2e0</a> from ethernetinterface.o(i.__sti___21_EthernetInterface_cpp_af02a2e0) referenced from ethernetinterface.o(.init_array)
 <LI><a href="#[af]">_fputc$unlocked</a> from fputc.o(i.fputc) referenced from _printf_char_file_locked.o(.text)
 <LI><a href="#[ab]">_get_lc_ctype</a> from lc_ctype_c.o(locale$$code) referenced from rt_ctype_table.o(.text)
 <LI><a href="#[ac]">_printf_input_char</a> from _printf_char_common.o(.text) referenced from _printf_char_common.o(.text)
 <LI><a href="#[aa]">_sbackspace</a> from _sgetc.o(.text) referenced from __0sscanf.o(.text)
 <LI><a href="#[ad]">_scanf_char_input</a> from scanf_char.o(.text) referenced from scanf_char.o(.text)
 <LI><a href="#[a9]">_sgetc</a> from _sgetc.o(.text) referenced from __0sscanf.o(.text)
 <LI><a href="#[a8]">_sputc</a> from _sputc.o(.text) referenced 2 times from vsprintf.o(.text)
 <LI><a href="#[12]">default_idle_hook</a> from rtos_idle.o(i.default_idle_hook) referenced 2 times from rtos_idle.o(.data)
 <LI><a href="#[c9]">do_close</a> from api_msg.o(i.do_close) referenced from api_lib.o(i.netconn_shutdown)
 <LI><a href="#[c8]">do_delconn</a> from api_msg.o(i.do_delconn) referenced from api_lib.o(i.netconn_delete)
 <LI><a href="#[be]">err_tcp</a> from api_msg.o(i.err_tcp) referenced from api_msg.o(i.do_close_internal)
 <LI><a href="#[10]">free</a> from h1_free_mt.o(.text) referenced 2 times from cjson.o(.data)
 <LI><a href="#[bf]">gpio_irqA</a> from gpio_irq_api.o(i.gpio_irqA) referenced from gpio_irq_api.o(i.gpio_irq_init)
 <LI><a href="#[c0]">gpio_irqB</a> from gpio_irq_api.o(i.gpio_irqB) referenced from gpio_irq_api.o(i.gpio_irq_init)
 <LI><a href="#[c1]">gpio_irqC</a> from gpio_irq_api.o(i.gpio_irqC) referenced from gpio_irq_api.o(i.gpio_irq_init)
 <LI><a href="#[c2]">gpio_irqD</a> from gpio_irq_api.o(i.gpio_irqD) referenced from gpio_irq_api.o(i.gpio_irq_init)
 <LI><a href="#[c3]">gpio_irqE</a> from gpio_irq_api.o(i.gpio_irqE) referenced from gpio_irq_api.o(i.gpio_irq_init)
 <LI><a href="#[c4]">ipfrag_free_pbuf_custom</a> from ip_frag.o(i.ipfrag_free_pbuf_custom) referenced from ip_frag.o(i.ip_frag)
 <LI><a href="#[ae]">isspace</a> from isspace.o(.text) referenced from scanf_char.o(.text)
 <LI><a href="#[f]">malloc</a> from h1_alloc_mt.o(.text) referenced 2 times from cjson.o(.data)
 <LI><a href="#[db]">osThreadExit</a> from rt_cmsis.o(i.osThreadExit) referenced from rt_cmsis.o(i.svcThreadCreate)
 <LI><a href="#[de]">osTimerThread</a> from rt_cmsis.o(i.osTimerThread) referenced from rtx_conf_cm.o(.constdata)
 <LI><a href="#[da]">os_idle_demon</a> from rtx_conf_cm.o(i.os_idle_demon) referenced from rt_task.o(i.rt_sys_init)
 <LI><a href="#[bd]">poll_tcp</a> from api_msg.o(i.poll_tcp) referenced from api_msg.o(i.do_close_internal)
 <LI><a href="#[11]">pre_main</a> from rtx_conf_cm.o(.emb_text) referenced 2 times from rtx_conf_cm.o(.data)
 <LI><a href="#[78]">rt_alloc_box</a> from rt_membox.o(i.rt_alloc_box) referenced from hal_cm4.o(.emb_text)
 <LI><a href="#[79]">rt_free_box</a> from rt_membox.o(i.rt_free_box) referenced from hal_cm4.o(.emb_text)
 <LI><a href="#[bb]">rt_mut_release</a> from rt_mutex.o(i.rt_mut_release) referenced from rtx_conf_cm.o(i._mutex_release)
 <LI><a href="#[ba]">rt_mut_wait</a> from rt_mutex.o(i.rt_mut_wait) referenced from rtx_conf_cm.o(i._mutex_acquire)
 <LI><a href="#[13]">rtc_init</a> from rtc_api.o(i.rtc_init) referenced 2 times from rtc_time.o(.data)
 <LI><a href="#[14]">rtc_isenabled</a> from rtc_api.o(i.rtc_isenabled) referenced 2 times from rtc_time.o(.data)
 <LI><a href="#[15]">rtc_read</a> from rtc_api.o(i.rtc_read) referenced 2 times from rtc_time.o(.data)
 <LI><a href="#[16]">rtc_write</a> from rtc_api.o(i.rtc_write) referenced 2 times from rtc_time.o(.data)
 <LI><a href="#[bc]">sent_tcp</a> from api_msg.o(i.sent_tcp) referenced from api_msg.o(i.do_close_internal)
 <LI><a href="#[ca]">svcKernelInitialize</a> from rt_cmsis.o(i.svcKernelInitialize) referenced from rt_cmsis.o(i.osKernelInitialize)
 <LI><a href="#[cb]">svcKernelRunning</a> from rt_cmsis.o(i.svcKernelRunning) referenced from rt_cmsis.o(i.osKernelStart)
 <LI><a href="#[cc]">svcKernelStart</a> from rt_cmsis.o(i.svcKernelStart) referenced from rt_cmsis.o(i.osKernelStart)
 <LI><a href="#[cd]">svcMessageGet</a> from rt_cmsis.o(i.svcMessageGet) referenced from rt_cmsis.o(i.osMessageGet)
 <LI><a href="#[cd]">svcMessageGet</a> from rt_cmsis.o(i.svcMessageGet) referenced from rt_cmsis.o(i.osTimerThread)
 <LI><a href="#[ce]">svcMessagePut</a> from rt_cmsis.o(i.svcMessagePut) referenced from rt_cmsis.o(i.osMessagePut)
 <LI><a href="#[cf]">svcMutexDelete</a> from rt_cmsis.o(i.svcMutexDelete) referenced from rt_cmsis.o(i.osMutexDelete)
 <LI><a href="#[d0]">svcMutexRelease</a> from rt_cmsis.o(i.svcMutexRelease) referenced from rt_cmsis.o(i.osMutexRelease)
 <LI><a href="#[d1]">svcMutexWait</a> from rt_cmsis.o(i.svcMutexWait) referenced from rt_cmsis.o(i.osMutexWait)
 <LI><a href="#[d2]">svcSemaphoreCreate</a> from rt_cmsis.o(i.svcSemaphoreCreate) referenced from rt_cmsis.o(i.osSemaphoreCreate)
 <LI><a href="#[d3]">svcSemaphoreDelete</a> from rt_cmsis.o(i.svcSemaphoreDelete) referenced from rt_cmsis.o(i.osSemaphoreDelete)
 <LI><a href="#[d4]">svcSemaphoreRelease</a> from rt_cmsis.o(i.svcSemaphoreRelease) referenced from rt_cmsis.o(i.osSemaphoreRelease)
 <LI><a href="#[d5]">svcSemaphoreWait</a> from rt_cmsis.o(i.svcSemaphoreWait) referenced from rt_cmsis.o(i.osSemaphoreWait)
 <LI><a href="#[d6]">svcThreadCreate</a> from rt_cmsis.o(i.svcThreadCreate) referenced from rt_cmsis.o(i.osThreadCreate)
 <LI><a href="#[d7]">svcThreadGetId</a> from rt_cmsis.o(i.svcThreadGetId) referenced from rt_cmsis.o(i.osThreadExit)
 <LI><a href="#[d8]">svcThreadTerminate</a> from rt_cmsis.o(i.svcThreadTerminate) referenced from rt_cmsis.o(i.osThreadExit)
 <LI><a href="#[d9]">svcTimerCall</a> from rt_cmsis.o(i.svcTimerCall) referenced from rt_cmsis.o(i.osTimerThread)
 <LI><a href="#[dc]">tcpip_tcp_timer</a> from timers.o(i.tcpip_tcp_timer) referenced from timers.o(i.tcp_timer_needed)
 <LI><a href="#[dc]">tcpip_tcp_timer</a> from timers.o(i.tcpip_tcp_timer) referenced from timers.o(i.tcpip_tcp_timer)
 <LI><a href="#[e2]">us_ticker_clear_interrupt</a> from us_ticker.o(i.us_ticker_clear_interrupt) referenced from us_ticker_api.o(.constdata)
 <LI><a href="#[e1]">us_ticker_disable_interrupt</a> from us_ticker.o(i.us_ticker_disable_interrupt) referenced from us_ticker_api.o(.constdata)
 <LI><a href="#[df]">us_ticker_init</a> from us_ticker.o(i.us_ticker_init) referenced from us_ticker_api.o(.constdata)
 <LI><a href="#[dd]">us_ticker_irq_handler</a> from us_ticker_api.o(i.us_ticker_irq_handler) referenced from us_ticker.o(i.us_ticker_init)
 <LI><a href="#[e0]">us_ticker_read</a> from us_ticker.o(i.us_ticker_read) referenced from us_ticker_api.o(.constdata)
 <LI><a href="#[e3]">us_ticker_set_interrupt</a> from us_ticker.o(i.us_ticker_set_interrupt) referenced from us_ticker_api.o(.constdata)
</UL>
<P>
<H3>
Global Symbols
</H3>
<P><STRONG><a name="[11d]"></a>__main</STRONG> (Thumb, 8 bytes, Stack size 0 bytes, __main.o(!!!main))
<BR><BR>[Stack]<UL><LI>Max Depth = 92 + Unknown Stack Size
<LI>Call Chain = __main &rArr; __rt_entry &rArr; osKernelInitialize &rArr; svcThreadCreate &rArr; rt_tsk_create &rArr; rt_dispatch &rArr; rt_put_prio
</UL>
<BR>[Calls]<UL><LI><a href="#[122]">&gt;&gt;</a>&nbsp;&nbsp;&nbsp;__rt_entry
<LI><a href="#[121]">&gt;&gt;</a>&nbsp;&nbsp;&nbsp;__scatterload
</UL>

<P><STRONG><a name="[121]"></a>__scatterload</STRONG> (Thumb, 0 bytes, Stack size unknown bytes, __scatter.o(!!!scatter))
<BR><BR>[Called By]<UL><LI><a href="#[11d]">&gt;&gt;</a>&nbsp;&nbsp;&nbsp;__main
</UL>

<P><STRONG><a name="[123]"></a>__scatterload_rt2</STRONG> (Thumb, 44 bytes, Stack size unknown bytes, __scatter.o(!!!scatter), UNUSED)
<BR><BR>[Calls]<UL><LI><a href="#[122]">&gt;&gt;</a>&nbsp;&nbsp;&nbsp;__rt_entry
</UL>

<P><STRONG><a name="[339]"></a>__scatterload_rt2_thumb_only</STRONG> (Thumb, 0 bytes, Stack size unknown bytes, __scatter.o(!!!scatter), UNUSED)

<P><STRONG><a name="[33a]"></a>__scatterload_null</STRONG> (Thumb, 0 bytes, Stack size unknown bytes, __scatter.o(!!!scatter), UNUSED)

<P><STRONG><a name="[33b]"></a>__decompress</STRONG> (Thumb, 58 bytes, Stack size unknown bytes, __dczerorl.o(!!dczerorl), UNUSED)

<P><STRONG><a name="[33c]"></a>__decompress0</STRONG> (Thumb, 0 bytes, Stack size unknown bytes, __dczerorl.o(!!dczerorl), UNUSED)

<P><STRONG><a name="[33d]"></a>__scatterload_zeroinit</STRONG> (Thumb, 28 bytes, Stack size unknown bytes, __scatter_zi.o(!!handler_zi), UNUSED)

<P><STRONG><a name="[124]"></a>_printf_n</STRONG> (Thumb, 0 bytes, Stack size unknown bytes, _printf_n.o(.ARM.Collect$$_printf_percent$$00000001))
<BR><BR>[Calls]<UL><LI><a href="#[125]">&gt;&gt;</a>&nbsp;&nbsp;&nbsp;_printf_charcount
</UL>

<P><STRONG><a name="[174]"></a>_printf_percent</STRONG> (Thumb, 0 bytes, Stack size unknown bytes, _printf_percent.o(.ARM.Collect$$_printf_percent$$00000000))
<BR><BR>[Called By]<UL><LI><a href="#[172]">&gt;&gt;</a>&nbsp;&nbsp;&nbsp;__printf
</UL>

<P><STRONG><a name="[126]"></a>_printf_p</STRONG> (Thumb, 0 bytes, Stack size unknown bytes, _printf_p.o(.ARM.Collect$$_printf_percent$$00000002))
<BR><BR>[Stack]<UL><LI>Max Depth = 64 + Unknown Stack Size
<LI>Call Chain = _printf_p &rArr; _printf_hex_ptr &rArr; _printf_longlong_hex &rArr; _printf_int_common &rArr; _printf_post_padding
</UL>
<BR>[Calls]<UL><LI><a href="#[127]">&gt;&gt;</a>&nbsp;&nbsp;&nbsp;_printf_hex_ptr
</UL>

<P><STRONG><a name="[128]"></a>_printf_f</STRONG> (Thumb, 0 bytes, Stack size unknown bytes, _printf_f.o(.ARM.Collect$$_printf_percent$$00000003))
<BR><BR>[Stack]<UL><LI>Max Depth = 320 + Unknown Stack Size
<LI>Call Chain = _printf_f &rArr; _printf_fp_dec &rArr; _printf_fp_dec_real &rArr; _fp_digits &rArr; _btod_etento &rArr; _btod_emul &rArr; _e2e
</UL>
<BR>[Calls]<UL><LI><a href="#[129]">&gt;&gt;</a>&nbsp;&nbsp;&nbsp;_printf_fp_dec
</UL>

<P><STRONG><a name="[12a]"></a>_printf_e</STRONG> (Thumb, 0 bytes, Stack size unknown bytes, _printf_e.o(.ARM.Collect$$_printf_percent$$00000004))
<BR><BR>[Stack]<UL><LI>Max Depth = 320 + Unknown Stack Size
<LI>Call Chain = _printf_e &rArr; _printf_fp_dec &rArr; _printf_fp_dec_real &rArr; _fp_digits &rArr; _btod_etento &rArr; _btod_emul &rArr; _e2e
</UL>
<BR>[Calls]<UL><LI><a href="#[129]">&gt;&gt;</a>&nbsp;&nbsp;&nbsp;_printf_fp_dec
</UL>

<P><STRONG><a name="[12b]"></a>_printf_g</STRONG> (Thumb, 0 bytes, Stack size unknown bytes, _printf_g.o(.ARM.Collect$$_printf_percent$$00000005))
<BR><BR>[Stack]<UL><LI>Max Depth = 320 + Unknown Stack Size
<LI>Call Chain = _printf_g &rArr; _printf_fp_dec &rArr; _printf_fp_dec_real &rArr; _fp_digits &rArr; _btod_etento &rArr; _btod_emul &rArr; _e2e
</UL>
<BR>[Calls]<UL><LI><a href="#[129]">&gt;&gt;</a>&nbsp;&nbsp;&nbsp;_printf_fp_dec
</UL>

<P><STRONG><a name="[12c]"></a>_printf_a</STRONG> (Thumb, 0 bytes, Stack size unknown bytes, _printf_a.o(.ARM.Collect$$_printf_percent$$00000006))
<BR><BR>[Stack]<UL><LI>Max Depth = 112 + Unknown Stack Size
<LI>Call Chain = _printf_a &rArr; _printf_fp_hex &rArr; _printf_fp_hex_real &rArr; _printf_fp_infnan &rArr; _printf_post_padding
</UL>
<BR>[Calls]<UL><LI><a href="#[12d]">&gt;&gt;</a>&nbsp;&nbsp;&nbsp;_printf_fp_hex
</UL>

<P><STRONG><a name="[33e]"></a>_printf_ll</STRONG> (Thumb, 0 bytes, Stack size unknown bytes, _printf_ll.o(.ARM.Collect$$_printf_percent$$00000007))

<P><STRONG><a name="[12e]"></a>_printf_i</STRONG> (Thumb, 0 bytes, Stack size unknown bytes, _printf_i.o(.ARM.Collect$$_printf_percent$$00000008))
<BR><BR>[Stack]<UL><LI>Max Depth = 72 + Unknown Stack Size
<LI>Call Chain = _printf_i &rArr; _printf_int_dec &rArr; _printf_int_common &rArr; _printf_post_padding
</UL>
<BR>[Calls]<UL><LI><a href="#[12f]">&gt;&gt;</a>&nbsp;&nbsp;&nbsp;_printf_int_dec
</UL>

<P><STRONG><a name="[130]"></a>_printf_d</STRONG> (Thumb, 0 bytes, Stack size unknown bytes, _printf_d.o(.ARM.Collect$$_printf_percent$$00000009))
<BR><BR>[Stack]<UL><LI>Max Depth = 72 + Unknown Stack Size
<LI>Call Chain = _printf_d &rArr; _printf_int_dec &rArr; _printf_int_common &rArr; _printf_post_padding
</UL>
<BR>[Calls]<UL><LI><a href="#[12f]">&gt;&gt;</a>&nbsp;&nbsp;&nbsp;_printf_int_dec
</UL>

<P><STRONG><a name="[131]"></a>_printf_u</STRONG> (Thumb, 0 bytes, Stack size unknown bytes, _printf_u.o(.ARM.Collect$$_printf_percent$$0000000A))
<BR><BR>[Stack]<UL><LI>Max Depth = 72 + Unknown Stack Size
<LI>Call Chain = _printf_u &rArr; _printf_int_dec &rArr; _printf_int_common &rArr; _printf_post_padding
</UL>
<BR>[Calls]<UL><LI><a href="#[12f]">&gt;&gt;</a>&nbsp;&nbsp;&nbsp;_printf_int_dec
</UL>

<P><STRONG><a name="[132]"></a>_printf_o</STRONG> (Thumb, 0 bytes, Stack size unknown bytes, _printf_o.o(.ARM.Collect$$_printf_percent$$0000000B))
<BR><BR>[Stack]<UL><LI>Max Depth = 64 + Unknown Stack Size
<LI>Call Chain = _printf_o &rArr; _printf_int_oct &rArr; _printf_longlong_oct &rArr; _printf_int_common &rArr; _printf_post_padding
</UL>
<BR>[Calls]<UL><LI><a href="#[133]">&gt;&gt;</a>&nbsp;&nbsp;&nbsp;_printf_int_oct
</UL>

<P><STRONG><a name="[134]"></a>_printf_x</STRONG> (Thumb, 0 bytes, Stack size unknown bytes, _printf_x.o(.ARM.Collect$$_printf_percent$$0000000C))
<BR><BR>[Stack]<UL><LI>Max Depth = 80 + Unknown Stack Size
<LI>Call Chain = _printf_x &rArr; _printf_int_hex &rArr; _printf_longlong_hex &rArr; _printf_int_common &rArr; _printf_post_padding
</UL>
<BR>[Calls]<UL><LI><a href="#[135]">&gt;&gt;</a>&nbsp;&nbsp;&nbsp;_printf_int_hex
</UL>

<P><STRONG><a name="[136]"></a>_printf_lli</STRONG> (Thumb, 0 bytes, Stack size unknown bytes, _printf_lli.o(.ARM.Collect$$_printf_percent$$0000000D))
<BR><BR>[Stack]<UL><LI>Max Depth = 72 + Unknown Stack Size
<LI>Call Chain = _printf_lli &rArr; _printf_longlong_dec &rArr; _printf_int_common &rArr; _printf_post_padding
</UL>
<BR>[Calls]<UL><LI><a href="#[137]">&gt;&gt;</a>&nbsp;&nbsp;&nbsp;_printf_longlong_dec
</UL>

<P><STRONG><a name="[138]"></a>_printf_lld</STRONG> (Thumb, 0 bytes, Stack size unknown bytes, _printf_lld.o(.ARM.Collect$$_printf_percent$$0000000E))
<BR><BR>[Stack]<UL><LI>Max Depth = 72 + Unknown Stack Size
<LI>Call Chain = _printf_lld &rArr; _printf_longlong_dec &rArr; _printf_int_common &rArr; _printf_post_padding
</UL>
<BR>[Calls]<UL><LI><a href="#[137]">&gt;&gt;</a>&nbsp;&nbsp;&nbsp;_printf_longlong_dec
</UL>

<P><STRONG><a name="[139]"></a>_printf_llu</STRONG> (Thumb, 0 bytes, Stack size unknown bytes, _printf_llu.o(.ARM.Collect$$_printf_percent$$0000000F))
<BR><BR>[Stack]<UL><LI>Max Depth = 72 + Unknown Stack Size
<LI>Call Chain = _printf_llu &rArr; _printf_longlong_dec &rArr; _printf_int_common &rArr; _printf_post_padding
</UL>
<BR>[Calls]<UL><LI><a href="#[137]">&gt;&gt;</a>&nbsp;&nbsp;&nbsp;_printf_longlong_dec
</UL>

<P><STRONG><a name="[13a]"></a>_printf_llo</STRONG> (Thumb, 0 bytes, Stack size unknown bytes, _printf_llo.o(.ARM.Collect$$_printf_percent$$00000010))
<BR><BR>[Stack]<UL><LI>Max Depth = 56 + Unknown Stack Size
<LI>Call Chain = _printf_llo &rArr; _printf_ll_oct &rArr; _printf_longlong_oct &rArr; _printf_int_common &rArr; _printf_post_padding
</UL>
<BR>[Calls]<UL><LI><a href="#[13b]">&gt;&gt;</a>&nbsp;&nbsp;&nbsp;_printf_ll_oct
</UL>

<P><STRONG><a name="[13c]"></a>_printf_llx</STRONG> (Thumb, 0 bytes, Stack size unknown bytes, _printf_llx.o(.ARM.Collect$$_printf_percent$$00000011))
<BR><BR>[Stack]<UL><LI>Max Depth = 64 + Unknown Stack Size
<LI>Call Chain = _printf_llx &rArr; _printf_ll_hex &rArr; _printf_longlong_hex &rArr; _printf_int_common &rArr; _printf_post_padding
</UL>
<BR>[Calls]<UL><LI><a href="#[13d]">&gt;&gt;</a>&nbsp;&nbsp;&nbsp;_printf_ll_hex
</UL>

<P><STRONG><a name="[33f]"></a>_printf_l</STRONG> (Thumb, 0 bytes, Stack size unknown bytes, _printf_l.o(.ARM.Collect$$_printf_percent$$00000012))

<P><STRONG><a name="[13e]"></a>_printf_c</STRONG> (Thumb, 0 bytes, Stack size unknown bytes, _printf_c.o(.ARM.Collect$$_printf_percent$$00000013))
<BR><BR>[Stack]<UL><LI>Max Depth = 40 + Unknown Stack Size
<LI>Call Chain = _printf_c &rArr; _printf_char &rArr; _printf_cs_common &rArr; _printf_str &rArr; _printf_post_padding
</UL>
<BR>[Calls]<UL><LI><a href="#[13f]">&gt;&gt;</a>&nbsp;&nbsp;&nbsp;_printf_char
</UL>

<P><STRONG><a name="[140]"></a>_printf_s</STRONG> (Thumb, 0 bytes, Stack size unknown bytes, _printf_s.o(.ARM.Collect$$_printf_percent$$00000014))
<BR><BR>[Stack]<UL><LI>Max Depth = 40 + Unknown Stack Size
<LI>Call Chain = _printf_s &rArr; _printf_string &rArr; _printf_cs_common &rArr; _printf_str &rArr; _printf_post_padding
</UL>
<BR>[Calls]<UL><LI><a href="#[141]">&gt;&gt;</a>&nbsp;&nbsp;&nbsp;_printf_string
</UL>

<P><STRONG><a name="[142]"></a>_printf_lc</STRONG> (Thumb, 0 bytes, Stack size unknown bytes, _printf_lc.o(.ARM.Collect$$_printf_percent$$00000015))
<BR><BR>[Stack]<UL><LI>Max Depth = 96 + Unknown Stack Size
<LI>Call Chain = _printf_lc &rArr; _printf_wchar &rArr; _printf_lcs_common &rArr; _printf_wctomb &rArr; _wcrtomb &rArr; __rt_ctype_table &rArr; __rt_locale
</UL>
<BR>[Calls]<UL><LI><a href="#[143]">&gt;&gt;</a>&nbsp;&nbsp;&nbsp;_printf_wchar
</UL>

<P><STRONG><a name="[144]"></a>_printf_ls</STRONG> (Thumb, 0 bytes, Stack size unknown bytes, _printf_ls.o(.ARM.Collect$$_printf_percent$$00000016))
<BR><BR>[Stack]<UL><LI>Max Depth = 96 + Unknown Stack Size
<LI>Call Chain = _printf_ls &rArr; _printf_wstring &rArr; _printf_lcs_common &rArr; _printf_wctomb &rArr; _wcrtomb &rArr; __rt_ctype_table &rArr; __rt_locale
</UL>
<BR>[Calls]<UL><LI><a href="#[145]">&gt;&gt;</a>&nbsp;&nbsp;&nbsp;_printf_wstring
</UL>

<P><STRONG><a name="[340]"></a>_printf_percent_end</STRONG> (Thumb, 0 bytes, Stack size unknown bytes, _printf_percent_end.o(.ARM.Collect$$_printf_percent$$00000017))

<P><STRONG><a name="[152]"></a>__rt_lib_init</STRONG> (Thumb, 0 bytes, Stack size unknown bytes, libinit.o(.ARM.Collect$$libinit$$00000000))
<BR><BR>[Called By]<UL><LI><a href="#[11]">&gt;&gt;</a>&nbsp;&nbsp;&nbsp;pre_main
</UL>

<P><STRONG><a name="[146]"></a>__rt_lib_init_fp_1</STRONG> (Thumb, 0 bytes, Stack size unknown bytes, libinit2.o(.ARM.Collect$$libinit$$00000001))
<BR><BR>[Calls]<UL><LI><a href="#[147]">&gt;&gt;</a>&nbsp;&nbsp;&nbsp;_fp_init
</UL>

<P><STRONG><a name="[148]"></a>__rt_lib_init_heap_2</STRONG> (Thumb, 0 bytes, Stack size unknown bytes, libinit2.o(.ARM.Collect$$libinit$$00000005))
<BR><BR>[Stack]<UL><LI>Max Depth = 424 + Unknown Stack Size
<LI>Call Chain = __rt_lib_init_heap_2 &rArr; _init_alloc &rArr; __Heap_Initialize &rArr; _mutex_initialize &rArr; error &rArr; exit &rArr;  fflush (Cycle)
</UL>
<BR>[Calls]<UL><LI><a href="#[149]">&gt;&gt;</a>&nbsp;&nbsp;&nbsp;_init_alloc
</UL>

<P><STRONG><a name="[341]"></a>__rt_lib_init_preinit_1</STRONG> (Thumb, 0 bytes, Stack size unknown bytes, libinit2.o(.ARM.Collect$$libinit$$00000004))

<P><STRONG><a name="[342]"></a>__rt_lib_init_heap_1</STRONG> (Thumb, 0 bytes, Stack size unknown bytes, libinit2.o(.ARM.Collect$$libinit$$0000000A))

<P><STRONG><a name="[14a]"></a>__rt_lib_init_lc_common</STRONG> (Thumb, 0 bytes, Stack size unknown bytes, libinit2.o(.ARM.Collect$$libinit$$0000000F))
<BR><BR>[Stack]<UL><LI>Max Depth = 8 + Unknown Stack Size
<LI>Call Chain = __rt_lib_init_lc_common &rArr; __rt_locale
</UL>
<BR>[Calls]<UL><LI><a href="#[14b]">&gt;&gt;</a>&nbsp;&nbsp;&nbsp;__rt_locale
</UL>

<P><STRONG><a name="[343]"></a>__rt_lib_init_rand_1</STRONG> (Thumb, 0 bytes, Stack size unknown bytes, libinit2.o(.ARM.Collect$$libinit$$0000000E))

<P><STRONG><a name="[344]"></a>__rt_lib_init_user_alloc_1</STRONG> (Thumb, 0 bytes, Stack size unknown bytes, libinit2.o(.ARM.Collect$$libinit$$0000000C))

<P><STRONG><a name="[345]"></a>__rt_lib_init_lc_collate_1</STRONG> (Thumb, 0 bytes, Stack size unknown bytes, libinit2.o(.ARM.Collect$$libinit$$00000011))

<P><STRONG><a name="[14c]"></a>__rt_lib_init_lc_ctype_2</STRONG> (Thumb, 0 bytes, Stack size unknown bytes, libinit2.o(.ARM.Collect$$libinit$$00000012))
<BR><BR>[Stack]<UL><LI>Max Depth = 8 + Unknown Stack Size
<LI>Call Chain = __rt_lib_init_lc_ctype_2 &rArr; _get_lc_ctype
</UL>
<BR>[Calls]<UL><LI><a href="#[ab]">&gt;&gt;</a>&nbsp;&nbsp;&nbsp;_get_lc_ctype
</UL>

<P><STRONG><a name="[346]"></a>__rt_lib_init_lc_ctype_1</STRONG> (Thumb, 0 bytes, Stack size unknown bytes, libinit2.o(.ARM.Collect$$libinit$$00000013))

<P><STRONG><a name="[347]"></a>__rt_lib_init_lc_monetary_1</STRONG> (Thumb, 0 bytes, Stack size unknown bytes, libinit2.o(.ARM.Collect$$libinit$$00000015))

<P><STRONG><a name="[14d]"></a>__rt_lib_init_lc_numeric_2</STRONG> (Thumb, 0 bytes, Stack size unknown bytes, libinit2.o(.ARM.Collect$$libinit$$00000016))
<BR><BR>[Stack]<UL><LI>Max Depth = 8 + Unknown Stack Size
<LI>Call Chain = __rt_lib_init_lc_numeric_2 &rArr; _get_lc_numeric
</UL>
<BR>[Calls]<UL><LI><a href="#[14e]">&gt;&gt;</a>&nbsp;&nbsp;&nbsp;_get_lc_numeric
</UL>

<P><STRONG><a name="[348]"></a>__rt_lib_init_atexit_1</STRONG> (Thumb, 0 bytes, Stack size unknown bytes, libinit2.o(.ARM.Collect$$libinit$$0000001B))

<P><STRONG><a name="[349]"></a>__rt_lib_init_clock_1</STRONG> (Thumb, 0 bytes, Stack size unknown bytes, libinit2.o(.ARM.Collect$$libinit$$00000021))

<P><STRONG><a name="[34a]"></a>__rt_lib_init_fp_trap_1</STRONG> (Thumb, 0 bytes, Stack size unknown bytes, libinit2.o(.ARM.Collect$$libinit$$0000001F))

<P><STRONG><a name="[34b]"></a>__rt_lib_init_getenv_1</STRONG> (Thumb, 0 bytes, Stack size unknown bytes, libinit2.o(.ARM.Collect$$libinit$$00000023))

<P><STRONG><a name="[34c]"></a>__rt_lib_init_lc_numeric_1</STRONG> (Thumb, 0 bytes, Stack size unknown bytes, libinit2.o(.ARM.Collect$$libinit$$00000017))

<P><STRONG><a name="[34d]"></a>__rt_lib_init_lc_time_1</STRONG> (Thumb, 0 bytes, Stack size unknown bytes, libinit2.o(.ARM.Collect$$libinit$$00000019))

<P><STRONG><a name="[34e]"></a>__rt_lib_init_signal_1</STRONG> (Thumb, 0 bytes, Stack size unknown bytes, libinit2.o(.ARM.Collect$$libinit$$0000001D))

<P><STRONG><a name="[14f]"></a>__rt_lib_init_stdio_2</STRONG> (Thumb, 0 bytes, Stack size unknown bytes, libinit2.o(.ARM.Collect$$libinit$$00000024))
<BR><BR>[Stack]<UL><LI>Max Depth = 584 + Unknown Stack Size
<LI>Call Chain = __rt_lib_init_stdio_2 &rArr; _initio &rArr; freopen &rArr; _freopen_locked &rArr; _fclose_internal &rArr; _fflush &rArr; _writebuf &rArr; _sys_write &rArr; serial_init &rArr; pinmap_pinout &rArr; error &rArr; exit &rArr;  fflush (Cycle)
</UL>
<BR>[Calls]<UL><LI><a href="#[150]">&gt;&gt;</a>&nbsp;&nbsp;&nbsp;_initio
</UL>

<P><STRONG><a name="[34f]"></a>__rt_lib_init_alloca_1</STRONG> (Thumb, 0 bytes, Stack size unknown bytes, libinit2.o(.ARM.Collect$$libinit$$0000002E))

<P><STRONG><a name="[350]"></a>__rt_lib_init_argv_1</STRONG> (Thumb, 0 bytes, Stack size unknown bytes, libinit2.o(.ARM.Collect$$libinit$$0000002C))

<P><STRONG><a name="[151]"></a>__rt_lib_init_cpp_2</STRONG> (Thumb, 0 bytes, Stack size unknown bytes, libinit2.o(.ARM.Collect$$libinit$$00000031))
<BR><BR>[Stack]<UL><LI>Max Depth = 16 + Unknown Stack Size
<LI>Call Chain = __rt_lib_init_cpp_2 &rArr; __cpp_initialize__aeabi_
</UL>
<BR>[Calls]<UL><LI><a href="#[120]">&gt;&gt;</a>&nbsp;&nbsp;&nbsp;__cpp_initialize__aeabi_
</UL>

<P><STRONG><a name="[351]"></a>__rt_lib_init_exceptions_1</STRONG> (Thumb, 0 bytes, Stack size unknown bytes, libinit2.o(.ARM.Collect$$libinit$$00000030))

<P><STRONG><a name="[352]"></a>__rt_lib_init_stdio_1</STRONG> (Thumb, 0 bytes, Stack size unknown bytes, libinit2.o(.ARM.Collect$$libinit$$00000025))

<P><STRONG><a name="[353]"></a>__rt_lib_init_cpp_1</STRONG> (Thumb, 0 bytes, Stack size unknown bytes, libinit2.o(.ARM.Collect$$libinit$$00000032))

<P><STRONG><a name="[354]"></a>__rt_lib_init_return</STRONG> (Thumb, 0 bytes, Stack size unknown bytes, libinit2.o(.ARM.Collect$$libinit$$00000033))

<P><STRONG><a name="[355]"></a>__rt_lib_shutdown_cpp_2</STRONG> (Thumb, 0 bytes, Stack size 0 bytes, libshutdown2.o(.ARM.Collect$$libshutdown$$00000002))

<P><STRONG><a name="[356]"></a>__rt_lib_shutdown_stdio_2</STRONG> (Thumb, 0 bytes, Stack size 0 bytes, libshutdown2.o(.ARM.Collect$$libshutdown$$00000004))

<P><STRONG><a name="[11]"></a>pre_main</STRONG> (Thumb, 20 bytes, Stack size 0 bytes, rtx_conf_cm.o(.emb_text))
<BR><BR>[Stack]<UL><LI>Max Depth = 680 + Unknown Stack Size
<LI>Call Chain = pre_main &rArr; main &rArr; $Super$$main &rArr; test() &rArr; getConfig(const char*, ISP_CONFIG*) &rArr; fopen &rArr; _freopen_locked &rArr; _fclose_internal &rArr; _fflush &rArr; _writebuf &rArr; _sys_write &rArr; serial_init &rArr; pinmap_pinout &rArr; error &rArr; exit &rArr;  fflush (Cycle)
</UL>
<BR>[Calls]<UL><LI><a href="#[153]">&gt;&gt;</a>&nbsp;&nbsp;&nbsp;main
<LI><a href="#[152]">&gt;&gt;</a>&nbsp;&nbsp;&nbsp;__rt_lib_init
</UL>
<BR>[Address Reference Count : 1]<UL><LI> rtx_conf_cm.o(.data)
</UL>
<P><STRONG><a name="[122]"></a>__rt_entry</STRONG> (Thumb, 36 bytes, Stack size 0 bytes, rtx_conf_cm.o(.emb_text))
<BR><BR>[Stack]<UL><LI>Max Depth = 92<LI>Call Chain = __rt_entry &rArr; osKernelInitialize &rArr; svcThreadCreate &rArr; rt_tsk_create &rArr; rt_dispatch &rArr; rt_put_prio
</UL>
<BR>[Calls]<UL><LI><a href="#[156]">&gt;&gt;</a>&nbsp;&nbsp;&nbsp;set_main_stack
<LI><a href="#[154]">&gt;&gt;</a>&nbsp;&nbsp;&nbsp;__user_setup_stackheap
<LI><a href="#[157]">&gt;&gt;</a>&nbsp;&nbsp;&nbsp;osThreadCreate
<LI><a href="#[158]">&gt;&gt;</a>&nbsp;&nbsp;&nbsp;osKernelStart
<LI><a href="#[155]">&gt;&gt;</a>&nbsp;&nbsp;&nbsp;osKernelInitialize
</UL>
<BR>[Called By]<UL><LI><a href="#[11d]">&gt;&gt;</a>&nbsp;&nbsp;&nbsp;__main
<LI><a href="#[123]">&gt;&gt;</a>&nbsp;&nbsp;&nbsp;__scatterload_rt2
</UL>

<P><STRONG><a name="[357]"></a>rt_set_PSP</STRONG> (Thumb, 6 bytes, Stack size 0 bytes, hal_cm4.o(.emb_text), UNUSED)

<P><STRONG><a name="[2ff]"></a>rt_get_PSP</STRONG> (Thumb, 6 bytes, Stack size 0 bytes, hal_cm4.o(.emb_text))
<BR><BR>[Called By]<UL><LI><a href="#[2fe]">&gt;&gt;</a>&nbsp;&nbsp;&nbsp;rt_tsk_delete
</UL>

<P><STRONG><a name="[358]"></a>os_set_env</STRONG> (Thumb, 24 bytes, Stack size 0 bytes, hal_cm4.o(.emb_text), UNUSED)

<P><STRONG><a name="[359]"></a>_alloc_box</STRONG> (Thumb, 28 bytes, Stack size 0 bytes, hal_cm4.o(.emb_text), UNUSED)

<P><STRONG><a name="[35a]"></a>_free_box</STRONG> (Thumb, 28 bytes, Stack size 0 bytes, hal_cm4.o(.emb_text), UNUSED)

<P><STRONG><a name="[1d]"></a>SVC_Handler</STRONG> (Thumb, 168 bytes, Stack size 0 bytes, hal_cm4.o(.emb_text))
<BR><BR>[Stack]<UL><LI>Max Depth = 392 + Unknown Stack Size
<LI>Call Chain = SVC_Handler &rArr; rt_stk_check &rArr; os_error &rArr; error &rArr; exit &rArr;  fflush (Cycle)
</UL>
<BR>[Calls]<UL><LI><a href="#[159]">&gt;&gt;</a>&nbsp;&nbsp;&nbsp;rt_stk_check
</UL>
<BR>[Address Reference Count : 1]<UL><LI> startup_MK64F12.o(RESET)
</UL>
<P><STRONG><a name="[1f]"></a>PendSV_Handler</STRONG> (Thumb, 96 bytes, Stack size 0 bytes, hal_cm4.o(.emb_text))
<BR><BR>[Stack]<UL><LI>Max Depth = 432 + Unknown Stack Size
<LI>Call Chain = PendSV_Handler &rArr; rt_pop_req &rArr; rt_mbx_psh &rArr; os_error &rArr; error &rArr; exit &rArr;  fflush (Cycle)
</UL>
<BR>[Calls]<UL><LI><a href="#[159]">&gt;&gt;</a>&nbsp;&nbsp;&nbsp;rt_stk_check
<LI><a href="#[15a]">&gt;&gt;</a>&nbsp;&nbsp;&nbsp;rt_pop_req
</UL>
<BR>[Address Reference Count : 1]<UL><LI> startup_MK64F12.o(RESET)
</UL>
<P><STRONG><a name="[20]"></a>SysTick_Handler</STRONG> (Thumb, 8 bytes, Stack size 0 bytes, hal_cm4.o(.emb_text))
<BR><BR>[Stack]<UL><LI>Max Depth = 456 + Unknown Stack Size
<LI>Call Chain = SysTick_Handler &rArr; rt_systick &rArr; sysTimerTick &rArr; isr_mbx_send &rArr; rt_psq_enq &rArr; os_error &rArr; error &rArr; exit &rArr;  fflush (Cycle)
</UL>
<BR>[Calls]<UL><LI><a href="#[15b]">&gt;&gt;</a>&nbsp;&nbsp;&nbsp;rt_systick
</UL>
<BR>[Address Reference Count : 1]<UL><LI> startup_MK64F12.o(RESET)
</UL>
<P><STRONG><a name="[15c]"></a>OS_Tick_Handler</STRONG> (Thumb, 12 bytes, Stack size 0 bytes, hal_cm4.o(.emb_text), UNUSED)
<BR><BR>[Calls]<UL><LI><a href="#[15d]">&gt;&gt;</a>&nbsp;&nbsp;&nbsp;os_tick_irqack
<LI><a href="#[15b]">&gt;&gt;</a>&nbsp;&nbsp;&nbsp;rt_systick
</UL>

<P><STRONG><a name="[31c]"></a>__asm___9_tcp_out_c_aa11f9a3____REV16</STRONG> (Thumb, 4 bytes, Stack size 0 bytes, tcp_out.o(.rev16_text))
<BR><BR>[Called By]<UL><LI><a href="#[29a]">&gt;&gt;</a>&nbsp;&nbsp;&nbsp;tcp_write
<LI><a href="#[29b]">&gt;&gt;</a>&nbsp;&nbsp;&nbsp;tcp_output
<LI><a href="#[320]">&gt;&gt;</a>&nbsp;&nbsp;&nbsp;tcp_send_empty_ack
<LI><a href="#[325]">&gt;&gt;</a>&nbsp;&nbsp;&nbsp;tcp_zero_window_probe
<LI><a href="#[319]">&gt;&gt;</a>&nbsp;&nbsp;&nbsp;tcp_send_fin
<LI><a href="#[315]">&gt;&gt;</a>&nbsp;&nbsp;&nbsp;tcp_rst
<LI><a href="#[31f]">&gt;&gt;</a>&nbsp;&nbsp;&nbsp;tcp_keepalive
<LI><a href="#[31a]">&gt;&gt;</a>&nbsp;&nbsp;&nbsp;tcp_enqueue_flags
</UL>

<P><STRONG><a name="[35b]"></a>_maybe_terminate_alloc</STRONG> (Thumb, 0 bytes, Stack size 0 bytes, maybetermalloc1.o(.emb_text), UNUSED)

<P><STRONG><a name="[2af]"></a>__asm___13_inet_chksum_c_1410e14c____REV16</STRONG> (Thumb, 4 bytes, Stack size 0 bytes, inet_chksum.o(.rev16_text))
<BR><BR>[Called By]<UL><LI><a href="#[2ad]">&gt;&gt;</a>&nbsp;&nbsp;&nbsp;lwip_standard_chksum
<LI><a href="#[2b0]">&gt;&gt;</a>&nbsp;&nbsp;&nbsp;inet_chksum_pseudo_partial
<LI><a href="#[2ae]">&gt;&gt;</a>&nbsp;&nbsp;&nbsp;inet_chksum_pseudo
</UL>

<P><STRONG><a name="[2bd]"></a>__asm___4_ip_c_ip_route____REV16</STRONG> (Thumb, 4 bytes, Stack size 0 bytes, ip.o(.rev16_text))
<BR><BR>[Called By]<UL><LI><a href="#[2bb]">&gt;&gt;</a>&nbsp;&nbsp;&nbsp;ip_output_if_opt
</UL>

<P><STRONG><a name="[2b2]"></a>__asm___9_ip_frag_c_8e8622ef____REV16</STRONG> (Thumb, 4 bytes, Stack size 0 bytes, ip_frag.o(.rev16_text))
<BR><BR>[Called By]<UL><LI><a href="#[2b1]">&gt;&gt;</a>&nbsp;&nbsp;&nbsp;ip_frag
</UL>

<P><STRONG><a name="[17]"></a>Reset_Handler</STRONG> (Thumb, 18 bytes, Stack size 0 bytes, startup_MK64F12.o(.text))
<BR>[Address Reference Count : 1]<UL><LI> startup_MK64F12.o(RESET)
</UL>
<P><STRONG><a name="[19]"></a>HardFault_Handler</STRONG> (Thumb, 2 bytes, Stack size 0 bytes, startup_MK64F12.o(.text))
<BR><BR>[Calls]<UL><LI><a href="#[19]">&gt;&gt;</a>&nbsp;&nbsp;&nbsp;HardFault_Handler
</UL>
<BR>[Called By]<UL><LI><a href="#[19]">&gt;&gt;</a>&nbsp;&nbsp;&nbsp;HardFault_Handler
</UL>
<BR>[Address Reference Count : 1]<UL><LI> startup_MK64F12.o(RESET)
</UL>
<P><STRONG><a name="[1a]"></a>MemManage_Handler</STRONG> (Thumb, 2 bytes, Stack size 0 bytes, startup_MK64F12.o(.text))
<BR><BR>[Calls]<UL><LI><a href="#[1a]">&gt;&gt;</a>&nbsp;&nbsp;&nbsp;MemManage_Handler
</UL>
<BR>[Called By]<UL><LI><a href="#[1a]">&gt;&gt;</a>&nbsp;&nbsp;&nbsp;MemManage_Handler
</UL>
<BR>[Address Reference Count : 1]<UL><LI> startup_MK64F12.o(RESET)
</UL>
<P><STRONG><a name="[1b]"></a>BusFault_Handler</STRONG> (Thumb, 2 bytes, Stack size 0 bytes, startup_MK64F12.o(.text))
<BR><BR>[Calls]<UL><LI><a href="#[1b]">&gt;&gt;</a>&nbsp;&nbsp;&nbsp;BusFault_Handler
</UL>
<BR>[Called By]<UL><LI><a href="#[1b]">&gt;&gt;</a>&nbsp;&nbsp;&nbsp;BusFault_Handler
</UL>
<BR>[Address Reference Count : 1]<UL><LI> startup_MK64F12.o(RESET)
</UL>
<P><STRONG><a name="[1c]"></a>UsageFault_Handler</STRONG> (Thumb, 2 bytes, Stack size 0 bytes, startup_MK64F12.o(.text))
<BR><BR>[Calls]<UL><LI><a href="#[1c]">&gt;&gt;</a>&nbsp;&nbsp;&nbsp;UsageFault_Handler
</UL>
<BR>[Called By]<UL><LI><a href="#[1c]">&gt;&gt;</a>&nbsp;&nbsp;&nbsp;UsageFault_Handler
</UL>
<BR>[Address Reference Count : 1]<UL><LI> startup_MK64F12.o(RESET)
</UL>
<P><STRONG><a name="[1e]"></a>DebugMon_Handler</STRONG> (Thumb, 2 bytes, Stack size 0 bytes, startup_MK64F12.o(.text))
<BR><BR>[Calls]<UL><LI><a href="#[1e]">&gt;&gt;</a>&nbsp;&nbsp;&nbsp;DebugMon_Handler
</UL>
<BR>[Called By]<UL><LI><a href="#[1e]">&gt;&gt;</a>&nbsp;&nbsp;&nbsp;DebugMon_Handler
</UL>
<BR>[Address Reference Count : 1]<UL><LI> startup_MK64F12.o(RESET)
</UL>
<P><STRONG><a name="[21]"></a>DMA0_IRQHandler</STRONG> (Thumb, 4 bytes, Stack size 0 bytes, startup_MK64F12.o(.text))
<BR>[Address Reference Count : 1]<UL><LI> startup_MK64F12.o(RESET)
</UL>
<P><STRONG><a name="[22]"></a>DMA1_IRQHandler</STRONG> (Thumb, 4 bytes, Stack size 0 bytes, startup_MK64F12.o(.text))
<BR>[Address Reference Count : 1]<UL><LI> startup_MK64F12.o(RESET)
</UL>
<P><STRONG><a name="[23]"></a>DMA2_IRQHandler</STRONG> (Thumb, 4 bytes, Stack size 0 bytes, startup_MK64F12.o(.text))
<BR>[Address Reference Count : 1]<UL><LI> startup_MK64F12.o(RESET)
</UL>
<P><STRONG><a name="[24]"></a>DMA3_IRQHandler</STRONG> (Thumb, 4 bytes, Stack size 0 bytes, startup_MK64F12.o(.text))
<BR>[Address Reference Count : 1]<UL><LI> startup_MK64F12.o(RESET)
</UL>
<P><STRONG><a name="[25]"></a>DMA4_IRQHandler</STRONG> (Thumb, 4 bytes, Stack size 0 bytes, startup_MK64F12.o(.text))
<BR>[Address Reference Count : 1]<UL><LI> startup_MK64F12.o(RESET)
</UL>
<P><STRONG><a name="[26]"></a>DMA5_IRQHandler</STRONG> (Thumb, 4 bytes, Stack size 0 bytes, startup_MK64F12.o(.text))
<BR>[Address Reference Count : 1]<UL><LI> startup_MK64F12.o(RESET)
</UL>
<P><STRONG><a name="[27]"></a>DMA6_IRQHandler</STRONG> (Thumb, 4 bytes, Stack size 0 bytes, startup_MK64F12.o(.text))
<BR>[Address Reference Count : 1]<UL><LI> startup_MK64F12.o(RESET)
</UL>
<P><STRONG><a name="[28]"></a>DMA7_IRQHandler</STRONG> (Thumb, 4 bytes, Stack size 0 bytes, startup_MK64F12.o(.text))
<BR>[Address Reference Count : 1]<UL><LI> startup_MK64F12.o(RESET)
</UL>
<P><STRONG><a name="[29]"></a>DMA8_IRQHandler</STRONG> (Thumb, 4 bytes, Stack size 0 bytes, startup_MK64F12.o(.text))
<BR>[Address Reference Count : 1]<UL><LI> startup_MK64F12.o(RESET)
</UL>
<P><STRONG><a name="[2a]"></a>DMA9_IRQHandler</STRONG> (Thumb, 4 bytes, Stack size 0 bytes, startup_MK64F12.o(.text))
<BR>[Address Reference Count : 1]<UL><LI> startup_MK64F12.o(RESET)
</UL>
<P><STRONG><a name="[2b]"></a>DMA10_IRQHandler</STRONG> (Thumb, 4 bytes, Stack size 0 bytes, startup_MK64F12.o(.text))
<BR>[Address Reference Count : 1]<UL><LI> startup_MK64F12.o(RESET)
</UL>
<P><STRONG><a name="[2c]"></a>DMA11_IRQHandler</STRONG> (Thumb, 4 bytes, Stack size 0 bytes, startup_MK64F12.o(.text))
<BR>[Address Reference Count : 1]<UL><LI> startup_MK64F12.o(RESET)
</UL>
<P><STRONG><a name="[2d]"></a>DMA12_IRQHandler</STRONG> (Thumb, 4 bytes, Stack size 0 bytes, startup_MK64F12.o(.text))
<BR>[Address Reference Count : 1]<UL><LI> startup_MK64F12.o(RESET)
</UL>
<P><STRONG><a name="[2e]"></a>DMA13_IRQHandler</STRONG> (Thumb, 4 bytes, Stack size 0 bytes, startup_MK64F12.o(.text))
<BR>[Address Reference Count : 1]<UL><LI> startup_MK64F12.o(RESET)
</UL>
<P><STRONG><a name="[2f]"></a>DMA14_IRQHandler</STRONG> (Thumb, 4 bytes, Stack size 0 bytes, startup_MK64F12.o(.text))
<BR>[Address Reference Count : 1]<UL><LI> startup_MK64F12.o(RESET)
</UL>
<P><STRONG><a name="[30]"></a>DMA15_IRQHandler</STRONG> (Thumb, 4 bytes, Stack size 0 bytes, startup_MK64F12.o(.text))
<BR>[Address Reference Count : 1]<UL><LI> startup_MK64F12.o(RESET)
</UL>
<P><STRONG><a name="[31]"></a>DMA_Error_IRQHandler</STRONG> (Thumb, 4 bytes, Stack size 0 bytes, startup_MK64F12.o(.text))
<BR>[Address Reference Count : 1]<UL><LI> startup_MK64F12.o(RESET)
</UL>
<P><STRONG><a name="[39]"></a>I2C0_IRQHandler</STRONG> (Thumb, 4 bytes, Stack size 0 bytes, startup_MK64F12.o(.text))
<BR>[Address Reference Count : 1]<UL><LI> startup_MK64F12.o(RESET)
</UL>
<P><STRONG><a name="[3a]"></a>I2C1_IRQHandler</STRONG> (Thumb, 4 bytes, Stack size 0 bytes, startup_MK64F12.o(.text))
<BR>[Address Reference Count : 1]<UL><LI> startup_MK64F12.o(RESET)
</UL>
<P><STRONG><a name="[3b]"></a>SPI0_IRQHandler</STRONG> (Thumb, 4 bytes, Stack size 0 bytes, startup_MK64F12.o(.text))
<BR>[Address Reference Count : 1]<UL><LI> startup_MK64F12.o(RESET)
</UL>
<P><STRONG><a name="[3c]"></a>SPI1_IRQHandler</STRONG> (Thumb, 4 bytes, Stack size 0 bytes, startup_MK64F12.o(.text))
<BR>[Address Reference Count : 1]<UL><LI> startup_MK64F12.o(RESET)
</UL>
<P><STRONG><a name="[3d]"></a>I2S0_Tx_IRQHandler</STRONG> (Thumb, 4 bytes, Stack size 0 bytes, startup_MK64F12.o(.text))
<BR>[Address Reference Count : 1]<UL><LI> startup_MK64F12.o(RESET)
</UL>
<P><STRONG><a name="[3e]"></a>I2S0_Rx_IRQHandler</STRONG> (Thumb, 4 bytes, Stack size 0 bytes, startup_MK64F12.o(.text))
<BR>[Address Reference Count : 1]<UL><LI> startup_MK64F12.o(RESET)
</UL>
<P><STRONG><a name="[3f]"></a>UART0_LON_IRQHandler</STRONG> (Thumb, 4 bytes, Stack size 0 bytes, startup_MK64F12.o(.text))
<BR>[Address Reference Count : 1]<UL><LI> startup_MK64F12.o(RESET)
</UL>
<P><STRONG><a name="[40]"></a>UART0_RX_TX_IRQHandler</STRONG> (Thumb, 4 bytes, Stack size 0 bytes, startup_MK64F12.o(.text))
<BR>[Address Reference Count : 1]<UL><LI> startup_MK64F12.o(RESET)
</UL>
<P><STRONG><a name="[41]"></a>UART0_ERR_IRQHandler</STRONG> (Thumb, 4 bytes, Stack size 0 bytes, startup_MK64F12.o(.text))
<BR>[Address Reference Count : 1]<UL><LI> startup_MK64F12.o(RESET)
</UL>
<P><STRONG><a name="[42]"></a>UART1_RX_TX_IRQHandler</STRONG> (Thumb, 4 bytes, Stack size 0 bytes, startup_MK64F12.o(.text))
<BR>[Address Reference Count : 1]<UL><LI> startup_MK64F12.o(RESET)
</UL>
<P><STRONG><a name="[43]"></a>UART1_ERR_IRQHandler</STRONG> (Thumb, 4 bytes, Stack size 0 bytes, startup_MK64F12.o(.text))
<BR>[Address Reference Count : 1]<UL><LI> startup_MK64F12.o(RESET)
</UL>
<P><STRONG><a name="[44]"></a>UART2_RX_TX_IRQHandler</STRONG> (Thumb, 4 bytes, Stack size 0 bytes, startup_MK64F12.o(.text))
<BR>[Address Reference Count : 1]<UL><LI> startup_MK64F12.o(RESET)
</UL>
<P><STRONG><a name="[45]"></a>UART2_ERR_IRQHandler</STRONG> (Thumb, 4 bytes, Stack size 0 bytes, startup_MK64F12.o(.text))
<BR>[Address Reference Count : 1]<UL><LI> startup_MK64F12.o(RESET)
</UL>
<P><STRONG><a name="[46]"></a>UART3_RX_TX_IRQHandler</STRONG> (Thumb, 4 bytes, Stack size 0 bytes, startup_MK64F12.o(.text))
<BR>[Address Reference Count : 1]<UL><LI> startup_MK64F12.o(RESET)
</UL>
<P><STRONG><a name="[47]"></a>UART3_ERR_IRQHandler</STRONG> (Thumb, 4 bytes, Stack size 0 bytes, startup_MK64F12.o(.text))
<BR>[Address Reference Count : 1]<UL><LI> startup_MK64F12.o(RESET)
</UL>
<P><STRONG><a name="[62]"></a>SPI2_IRQHandler</STRONG> (Thumb, 4 bytes, Stack size 0 bytes, startup_MK64F12.o(.text))
<BR>[Address Reference Count : 1]<UL><LI> startup_MK64F12.o(RESET)
</UL>
<P><STRONG><a name="[63]"></a>UART4_RX_TX_IRQHandler</STRONG> (Thumb, 4 bytes, Stack size 0 bytes, startup_MK64F12.o(.text))
<BR>[Address Reference Count : 1]<UL><LI> startup_MK64F12.o(RESET)
</UL>
<P><STRONG><a name="[64]"></a>UART4_ERR_IRQHandler</STRONG> (Thumb, 4 bytes, Stack size 0 bytes, startup_MK64F12.o(.text))
<BR>[Address Reference Count : 1]<UL><LI> startup_MK64F12.o(RESET)
</UL>
<P><STRONG><a name="[65]"></a>UART5_RX_TX_IRQHandler</STRONG> (Thumb, 4 bytes, Stack size 0 bytes, startup_MK64F12.o(.text))
<BR>[Address Reference Count : 1]<UL><LI> startup_MK64F12.o(RESET)
</UL>
<P><STRONG><a name="[66]"></a>UART5_ERR_IRQHandler</STRONG> (Thumb, 4 bytes, Stack size 0 bytes, startup_MK64F12.o(.text))
<BR>[Address Reference Count : 1]<UL><LI> startup_MK64F12.o(RESET)
</UL>
<P><STRONG><a name="[6b]"></a>I2C2_IRQHandler</STRONG> (Thumb, 4 bytes, Stack size 0 bytes, startup_MK64F12.o(.text))
<BR>[Address Reference Count : 1]<UL><LI> startup_MK64F12.o(RESET)
</UL>
<P><STRONG><a name="[6c]"></a>CAN0_ORed_Message_buffer_IRQHandler</STRONG> (Thumb, 4 bytes, Stack size 0 bytes, startup_MK64F12.o(.text))
<BR>[Address Reference Count : 1]<UL><LI> startup_MK64F12.o(RESET)
</UL>
<P><STRONG><a name="[6d]"></a>CAN0_Bus_Off_IRQHandler</STRONG> (Thumb, 4 bytes, Stack size 0 bytes, startup_MK64F12.o(.text))
<BR>[Address Reference Count : 1]<UL><LI> startup_MK64F12.o(RESET)
</UL>
<P><STRONG><a name="[6e]"></a>CAN0_Error_IRQHandler</STRONG> (Thumb, 4 bytes, Stack size 0 bytes, startup_MK64F12.o(.text))
<BR>[Address Reference Count : 1]<UL><LI> startup_MK64F12.o(RESET)
</UL>
<P><STRONG><a name="[6f]"></a>CAN0_Tx_Warning_IRQHandler</STRONG> (Thumb, 4 bytes, Stack size 0 bytes, startup_MK64F12.o(.text))
<BR>[Address Reference Count : 1]<UL><LI> startup_MK64F12.o(RESET)
</UL>
<P><STRONG><a name="[70]"></a>CAN0_Rx_Warning_IRQHandler</STRONG> (Thumb, 4 bytes, Stack size 0 bytes, startup_MK64F12.o(.text))
<BR>[Address Reference Count : 1]<UL><LI> startup_MK64F12.o(RESET)
</UL>
<P><STRONG><a name="[71]"></a>CAN0_Wake_Up_IRQHandler</STRONG> (Thumb, 4 bytes, Stack size 0 bytes, startup_MK64F12.o(.text))
<BR>[Address Reference Count : 1]<UL><LI> startup_MK64F12.o(RESET)
</UL>
<P><STRONG><a name="[72]"></a>SDHC_IRQHandler</STRONG> (Thumb, 4 bytes, Stack size 0 bytes, startup_MK64F12.o(.text))
<BR>[Address Reference Count : 1]<UL><LI> startup_MK64F12.o(RESET)
</UL>
<P><STRONG><a name="[48]"></a>ADC0_IRQHandler</STRONG> (Thumb, 0 bytes, Stack size 0 bytes, startup_MK64F12.o(.text))
<BR><BR>[Calls]<UL><LI><a href="#[77]">&gt;&gt;</a>&nbsp;&nbsp;&nbsp;DefaultISR
</UL>
<BR>[Address Reference Count : 1]<UL><LI> startup_MK64F12.o(RESET)
</UL>
<P><STRONG><a name="[6a]"></a>ADC1_IRQHandler</STRONG> (Thumb, 0 bytes, Stack size 0 bytes, startup_MK64F12.o(.text))
<BR>[Address Reference Count : 1]<UL><LI> startup_MK64F12.o(RESET)
</UL>
<P><STRONG><a name="[a2]"></a>CAN0_DriverIRQHandler</STRONG> (Thumb, 0 bytes, Stack size 0 bytes, startup_MK64F12.o(.text))
<BR>[Address Reference Count : 1]<UL><LI> startup_MK64F12.o(.text)
</UL>
<P><STRONG><a name="[49]"></a>CMP0_IRQHandler</STRONG> (Thumb, 0 bytes, Stack size 0 bytes, startup_MK64F12.o(.text))
<BR>[Address Reference Count : 1]<UL><LI> startup_MK64F12.o(RESET)
</UL>
<P><STRONG><a name="[4a]"></a>CMP1_IRQHandler</STRONG> (Thumb, 0 bytes, Stack size 0 bytes, startup_MK64F12.o(.text))
<BR>[Address Reference Count : 1]<UL><LI> startup_MK64F12.o(RESET)
</UL>
<P><STRONG><a name="[67]"></a>CMP2_IRQHandler</STRONG> (Thumb, 0 bytes, Stack size 0 bytes, startup_MK64F12.o(.text))
<BR>[Address Reference Count : 1]<UL><LI> startup_MK64F12.o(RESET)
</UL>
<P><STRONG><a name="[4e]"></a>CMT_IRQHandler</STRONG> (Thumb, 0 bytes, Stack size 0 bytes, startup_MK64F12.o(.text))
<BR>[Address Reference Count : 1]<UL><LI> startup_MK64F12.o(RESET)
</UL>
<P><STRONG><a name="[59]"></a>DAC0_IRQHandler</STRONG> (Thumb, 0 bytes, Stack size 0 bytes, startup_MK64F12.o(.text))
<BR>[Address Reference Count : 1]<UL><LI> startup_MK64F12.o(RESET)
</UL>
<P><STRONG><a name="[69]"></a>DAC1_IRQHandler</STRONG> (Thumb, 0 bytes, Stack size 0 bytes, startup_MK64F12.o(.text))
<BR>[Address Reference Count : 1]<UL><LI> startup_MK64F12.o(RESET)
</UL>
<P><STRONG><a name="[7c]"></a>DMA0_DriverIRQHandler</STRONG> (Thumb, 0 bytes, Stack size 0 bytes, startup_MK64F12.o(.text))
<BR>[Address Reference Count : 1]<UL><LI> startup_MK64F12.o(.text)
</UL>
<P><STRONG><a name="[86]"></a>DMA10_DriverIRQHandler</STRONG> (Thumb, 0 bytes, Stack size 0 bytes, startup_MK64F12.o(.text))
<BR>[Address Reference Count : 1]<UL><LI> startup_MK64F12.o(.text)
</UL>
<P><STRONG><a name="[87]"></a>DMA11_DriverIRQHandler</STRONG> (Thumb, 0 bytes, Stack size 0 bytes, startup_MK64F12.o(.text))
<BR>[Address Reference Count : 1]<UL><LI> startup_MK64F12.o(.text)
</UL>
<P><STRONG><a name="[88]"></a>DMA12_DriverIRQHandler</STRONG> (Thumb, 0 bytes, Stack size 0 bytes, startup_MK64F12.o(.text))
<BR>[Address Reference Count : 1]<UL><LI> startup_MK64F12.o(.text)
</UL>
<P><STRONG><a name="[89]"></a>DMA13_DriverIRQHandler</STRONG> (Thumb, 0 bytes, Stack size 0 bytes, startup_MK64F12.o(.text))
<BR>[Address Reference Count : 1]<UL><LI> startup_MK64F12.o(.text)
</UL>
<P><STRONG><a name="[8a]"></a>DMA14_DriverIRQHandler</STRONG> (Thumb, 0 bytes, Stack size 0 bytes, startup_MK64F12.o(.text))
<BR>[Address Reference Count : 1]<UL><LI> startup_MK64F12.o(.text)
</UL>
<P><STRONG><a name="[8b]"></a>DMA15_DriverIRQHandler</STRONG> (Thumb, 0 bytes, Stack size 0 bytes, startup_MK64F12.o(.text))
<BR>[Address Reference Count : 1]<UL><LI> startup_MK64F12.o(.text)
</UL>
<P><STRONG><a name="[7d]"></a>DMA1_DriverIRQHandler</STRONG> (Thumb, 0 bytes, Stack size 0 bytes, startup_MK64F12.o(.text))
<BR>[Address Reference Count : 1]<UL><LI> startup_MK64F12.o(.text)
</UL>
<P><STRONG><a name="[7e]"></a>DMA2_DriverIRQHandler</STRONG> (Thumb, 0 bytes, Stack size 0 bytes, startup_MK64F12.o(.text))
<BR>[Address Reference Count : 1]<UL><LI> startup_MK64F12.o(.text)
</UL>
<P><STRONG><a name="[7f]"></a>DMA3_DriverIRQHandler</STRONG> (Thumb, 0 bytes, Stack size 0 bytes, startup_MK64F12.o(.text))
<BR>[Address Reference Count : 1]<UL><LI> startup_MK64F12.o(.text)
</UL>
<P><STRONG><a name="[80]"></a>DMA4_DriverIRQHandler</STRONG> (Thumb, 0 bytes, Stack size 0 bytes, startup_MK64F12.o(.text))
<BR>[Address Reference Count : 1]<UL><LI> startup_MK64F12.o(.text)
</UL>
<P><STRONG><a name="[81]"></a>DMA5_DriverIRQHandler</STRONG> (Thumb, 0 bytes, Stack size 0 bytes, startup_MK64F12.o(.text))
<BR>[Address Reference Count : 1]<UL><LI> startup_MK64F12.o(.text)
</UL>
<P><STRONG><a name="[82]"></a>DMA6_DriverIRQHandler</STRONG> (Thumb, 0 bytes, Stack size 0 bytes, startup_MK64F12.o(.text))
<BR>[Address Reference Count : 1]<UL><LI> startup_MK64F12.o(.text)
</UL>
<P><STRONG><a name="[83]"></a>DMA7_DriverIRQHandler</STRONG> (Thumb, 0 bytes, Stack size 0 bytes, startup_MK64F12.o(.text))
[...]
</UL>
<BR>[Calls]<UL><LI><a href="#[219]">&gt;&gt;</a>&nbsp;&nbsp;&nbsp;get_fat(FATFS*, unsigned long)
</UL>
<BR>[Called By]<UL><LI><a href="#[207]">&gt;&gt;</a>&nbsp;&nbsp;&nbsp;dir_find(FATFS_DIR*)
<LI><a href="#[21b]">&gt;&gt;</a>&nbsp;&nbsp;&nbsp;dir_register(FATFS_DIR*)
<LI><a href="#[203]">&gt;&gt;</a>&nbsp;&nbsp;&nbsp;follow_path(FATFS_DIR*, const char*)
<LI><a href="#[245]">&gt;&gt;</a>&nbsp;&nbsp;&nbsp;f_opendir
<LI><a href="#[22f]">&gt;&gt;</a>&nbsp;&nbsp;&nbsp;f_readdir
</UL>

<P><STRONG><a name="[21c]"></a>mem_cpy(void*, const void*, unsigned)</STRONG> (Thumb, 48 bytes, Stack size 0 bytes, ff.o(i._Z7mem_cpyPvPKvj))
<BR><BR>[Called By]<UL><LI><a href="#[21b]">&gt;&gt;</a>&nbsp;&nbsp;&nbsp;dir_register(FATFS_DIR*)
<LI><a href="#[240]">&gt;&gt;</a>&nbsp;&nbsp;&nbsp;f_write
<LI><a href="#[23d]">&gt;&gt;</a>&nbsp;&nbsp;&nbsp;f_read
</UL>

<P><STRONG><a name="[206]"></a>mem_set(void*, int, unsigned)</STRONG> (Thumb, 40 bytes, Stack size 0 bytes, ff.o(i._Z7mem_setPvij))
<BR><BR>[Called By]<UL><LI><a href="#[21d]">&gt;&gt;</a>&nbsp;&nbsp;&nbsp;dir_next(FATFS_DIR*, int)
<LI><a href="#[223]">&gt;&gt;</a>&nbsp;&nbsp;&nbsp;sync_fs(FATFS*)
<LI><a href="#[21b]">&gt;&gt;</a>&nbsp;&nbsp;&nbsp;dir_register(FATFS_DIR*)
<LI><a href="#[203]">&gt;&gt;</a>&nbsp;&nbsp;&nbsp;follow_path(FATFS_DIR*, const char*)
</UL>

<P><STRONG><a name="[223]"></a>sync_fs(FATFS*)</STRONG> (Thumb, 182 bytes, Stack size 16 bytes, ff.o(i._Z7sync_fsP5FATFS))
<BR><BR>[Stack]<UL><LI>Max Depth = 216 + Unknown Stack Size
<LI>Call Chain = sync_fs(FATFS*) &rArr; sync_window(FATFS*) &rArr; disk_write &rArr; debug_if(int, const char*, ...) &rArr; __c89vfprintf &rArr; _printf_char_file &rArr; _printf_char_common &rArr; __printf
</UL>
<BR>[Calls]<UL><LI><a href="#[206]">&gt;&gt;</a>&nbsp;&nbsp;&nbsp;mem_set(void*, int, unsigned)
<LI><a href="#[208]">&gt;&gt;</a>&nbsp;&nbsp;&nbsp;sync_window(FATFS*)
<LI><a href="#[217]">&gt;&gt;</a>&nbsp;&nbsp;&nbsp;disk_write
<LI><a href="#[224]">&gt;&gt;</a>&nbsp;&nbsp;&nbsp;disk_ioctl
</UL>
<BR>[Called By]<UL><LI><a href="#[2a2]">&gt;&gt;</a>&nbsp;&nbsp;&nbsp;f_sync
</UL>

<P><STRONG><a name="[207]"></a>dir_find(FATFS_DIR*)</STRONG> (Thumb, 448 bytes, Stack size 48 bytes, ff.o(i._Z8dir_findP9FATFS_DIR))
<BR><BR>[Stack]<UL><LI>Max Depth = 360 + Unknown Stack Size
<LI>Call Chain = dir_find(FATFS_DIR*) &rArr; dir_next(FATFS_DIR*, int) &rArr; create_chain(FATFS*, unsigned long) &rArr; put_fat(FATFS*, unsigned long, unsigned long) &rArr; move_window(FATFS*, unsigned long) &rArr; sync_window(FATFS*) &rArr; disk_write &rArr; debug_if(int, const char*, ...) &rArr; __c89vfprintf &rArr; _printf_char_file &rArr; _printf_char_common &rArr; __printf
</UL>
<BR>[Calls]<UL><LI><a href="#[21d]">&gt;&gt;</a>&nbsp;&nbsp;&nbsp;dir_next(FATFS_DIR*, int)
<LI><a href="#[204]">&gt;&gt;</a>&nbsp;&nbsp;&nbsp;dir_sdi(FATFS_DIR*, unsigned)
<LI><a href="#[208]">&gt;&gt;</a>&nbsp;&nbsp;&nbsp;sync_window(FATFS*)
<LI><a href="#[209]">&gt;&gt;</a>&nbsp;&nbsp;&nbsp;disk_read
<LI><a href="#[229]">&gt;&gt;</a>&nbsp;&nbsp;&nbsp;ff_wtoupper
</UL>
<BR>[Called By]<UL><LI><a href="#[21b]">&gt;&gt;</a>&nbsp;&nbsp;&nbsp;dir_register(FATFS_DIR*)
<LI><a href="#[203]">&gt;&gt;</a>&nbsp;&nbsp;&nbsp;follow_path(FATFS_DIR*, const char*)
</UL>

<P><STRONG><a name="[21d]"></a>dir_next(FATFS_DIR*, int)</STRONG> (Thumb, 372 bytes, Stack size 40 bytes, ff.o(i._Z8dir_nextP9FATFS_DIRi))
<BR><BR>[Stack]<UL><LI>Max Depth = 312 + Unknown Stack Size
<LI>Call Chain = dir_next(FATFS_DIR*, int) &rArr; create_chain(FATFS*, unsigned long) &rArr; put_fat(FATFS*, unsigned long, unsigned long) &rArr; move_window(FATFS*, unsigned long) &rArr; sync_window(FATFS*) &rArr; disk_write &rArr; debug_if(int, const char*, ...) &rArr; __c89vfprintf &rArr; _printf_char_file &rArr; _printf_char_common &rArr; __printf
</UL>
<BR>[Calls]<UL><LI><a href="#[219]">&gt;&gt;</a>&nbsp;&nbsp;&nbsp;get_fat(FATFS*, unsigned long)
<LI><a href="#[206]">&gt;&gt;</a>&nbsp;&nbsp;&nbsp;mem_set(void*, int, unsigned)
<LI><a href="#[218]">&gt;&gt;</a>&nbsp;&nbsp;&nbsp;create_chain(FATFS*, unsigned long)
<LI><a href="#[208]">&gt;&gt;</a>&nbsp;&nbsp;&nbsp;sync_window(FATFS*)
<LI><a href="#[217]">&gt;&gt;</a>&nbsp;&nbsp;&nbsp;disk_write
</UL>
<BR>[Called By]<UL><LI><a href="#[22a]">&gt;&gt;</a>&nbsp;&nbsp;&nbsp;dir_read(FATFS_DIR*, int)
<LI><a href="#[207]">&gt;&gt;</a>&nbsp;&nbsp;&nbsp;dir_find(FATFS_DIR*)
<LI><a href="#[21b]">&gt;&gt;</a>&nbsp;&nbsp;&nbsp;dir_register(FATFS_DIR*)
<LI><a href="#[22f]">&gt;&gt;</a>&nbsp;&nbsp;&nbsp;f_readdir
</UL>

<P><STRONG><a name="[22a]"></a>dir_read(FATFS_DIR*, int)</STRONG> (Thumb, 374 bytes, Stack size 48 bytes, ff.o(i._Z8dir_readP9FATFS_DIRi))
<BR><BR>[Stack]<UL><LI>Max Depth = 360 + Unknown Stack Size
<LI>Call Chain = dir_read(FATFS_DIR*, int) &rArr; dir_next(FATFS_DIR*, int) &rArr; create_chain(FATFS*, unsigned long) &rArr; put_fat(FATFS*, unsigned long, unsigned long) &rArr; move_window(FATFS*, unsigned long) &rArr; sync_window(FATFS*) &rArr; disk_write &rArr; debug_if(int, const char*, ...) &rArr; __c89vfprintf &rArr; _printf_char_file &rArr; _printf_char_common &rArr; __printf
</UL>
<BR>[Calls]<UL><LI><a href="#[21d]">&gt;&gt;</a>&nbsp;&nbsp;&nbsp;dir_next(FATFS_DIR*, int)
<LI><a href="#[208]">&gt;&gt;</a>&nbsp;&nbsp;&nbsp;sync_window(FATFS*)
<LI><a href="#[209]">&gt;&gt;</a>&nbsp;&nbsp;&nbsp;disk_read
</UL>
<BR>[Called By]<UL><LI><a href="#[22f]">&gt;&gt;</a>&nbsp;&nbsp;&nbsp;f_readdir
</UL>

<P><STRONG><a name="[22c]"></a>validate(void*)</STRONG> (Thumb, 42 bytes, Stack size 8 bytes, ff.o(i._Z8validatePv))
<BR><BR>[Stack]<UL><LI>Max Depth = 168 + Unknown Stack Size
<LI>Call Chain = validate(void*) &rArr; disk_status &rArr; debug_if(int, const char*, ...) &rArr; __c89vfprintf &rArr; _printf_char_file &rArr; _printf_char_common &rArr; __printf
</UL>
<BR>[Calls]<UL><LI><a href="#[200]">&gt;&gt;</a>&nbsp;&nbsp;&nbsp;disk_status
</UL>
<BR>[Called By]<UL><LI><a href="#[240]">&gt;&gt;</a>&nbsp;&nbsp;&nbsp;f_write
<LI><a href="#[2a2]">&gt;&gt;</a>&nbsp;&nbsp;&nbsp;f_sync
<LI><a href="#[23d]">&gt;&gt;</a>&nbsp;&nbsp;&nbsp;f_read
<LI><a href="#[23f]">&gt;&gt;</a>&nbsp;&nbsp;&nbsp;f_lseek
<LI><a href="#[23e]">&gt;&gt;</a>&nbsp;&nbsp;&nbsp;f_close
<LI><a href="#[22f]">&gt;&gt;</a>&nbsp;&nbsp;&nbsp;f_readdir
<LI><a href="#[230]">&gt;&gt;</a>&nbsp;&nbsp;&nbsp;f_closedir
</UL>

<P><STRONG><a name="[30c]"></a>rt_ms2tick</STRONG> (Thumb, 64 bytes, Stack size 0 bytes, rt_cmsis.o(i.rt_ms2tick))
<BR><BR>[Called By]<UL><LI><a href="#[d5]">&gt;&gt;</a>&nbsp;&nbsp;&nbsp;svcSemaphoreWait
<LI><a href="#[d1]">&gt;&gt;</a>&nbsp;&nbsp;&nbsp;svcMutexWait
<LI><a href="#[ce]">&gt;&gt;</a>&nbsp;&nbsp;&nbsp;svcMessagePut
<LI><a href="#[cd]">&gt;&gt;</a>&nbsp;&nbsp;&nbsp;svcMessageGet
</UL>

<P><STRONG><a name="[28f]"></a>do_close_internal</STRONG> (Thumb, 276 bytes, Stack size 24 bytes, api_msg.o(i.do_close_internal))
<BR><BR>[Stack]<UL><LI>Max Depth = 832 + Unknown Stack Size
<LI>Call Chain = do_close_internal &rArr; tcp_shutdown &rArr; tcp_close_shutdown &rArr; tcp_pcb_remove &rArr; tcp_output &rArr; tcp_send_empty_ack &rArr; ip_output &rArr; ip_output_if_opt &rArr; ip_frag &rArr; pbuf_alloc &rArr; mem_malloc &rArr; sys_mutex_unlock &rArr; error &rArr; exit &rArr;  fflush (Cycle)
</UL>
<BR>[Calls]<UL><LI><a href="#[28d]">&gt;&gt;</a>&nbsp;&nbsp;&nbsp;sys_sem_signal
<LI><a href="#[295]">&gt;&gt;</a>&nbsp;&nbsp;&nbsp;tcp_shutdown
<LI><a href="#[292]">&gt;&gt;</a>&nbsp;&nbsp;&nbsp;tcp_sent
<LI><a href="#[290]">&gt;&gt;</a>&nbsp;&nbsp;&nbsp;tcp_recv
<LI><a href="#[293]">&gt;&gt;</a>&nbsp;&nbsp;&nbsp;tcp_poll
<LI><a href="#[294]">&gt;&gt;</a>&nbsp;&nbsp;&nbsp;tcp_err
<LI><a href="#[297]">&gt;&gt;</a>&nbsp;&nbsp;&nbsp;tcp_close
<LI><a href="#[296]">&gt;&gt;</a>&nbsp;&nbsp;&nbsp;tcp_arg
<LI><a href="#[291]">&gt;&gt;</a>&nbsp;&nbsp;&nbsp;tcp_accept
</UL>
<BR>[Called By]<UL><LI><a href="#[bc]">&gt;&gt;</a>&nbsp;&nbsp;&nbsp;sent_tcp
<LI><a href="#[bd]">&gt;&gt;</a>&nbsp;&nbsp;&nbsp;poll_tcp
<LI><a href="#[c8]">&gt;&gt;</a>&nbsp;&nbsp;&nbsp;do_delconn
</UL>

<P><STRONG><a name="[299]"></a>do_writemore</STRONG> (Thumb, 286 bytes, Stack size 32 bytes, api_msg.o(i.do_writemore))
<BR><BR>[Stack]<UL><LI>Max Depth = 776 + Unknown Stack Size
<LI>Call Chain = do_writemore &rArr; tcp_output &rArr; tcp_send_empty_ack &rArr; ip_output &rArr; ip_output_if_opt &rArr; ip_frag &rArr; pbuf_alloc &rArr; mem_malloc &rArr; sys_mutex_unlock &rArr; error &rArr; exit &rArr;  fflush (Cycle)
</UL>
<BR>[Calls]<UL><LI><a href="#[28d]">&gt;&gt;</a>&nbsp;&nbsp;&nbsp;sys_sem_signal
<LI><a href="#[29a]">&gt;&gt;</a>&nbsp;&nbsp;&nbsp;tcp_write
<LI><a href="#[29b]">&gt;&gt;</a>&nbsp;&nbsp;&nbsp;tcp_output
</UL>
<BR>[Called By]<UL><LI><a href="#[bc]">&gt;&gt;</a>&nbsp;&nbsp;&nbsp;sent_tcp
<LI><a href="#[bd]">&gt;&gt;</a>&nbsp;&nbsp;&nbsp;poll_tcp
</UL>

<P><STRONG><a name="[be]"></a>err_tcp</STRONG> (Thumb, 154 bytes, Stack size 24 bytes, api_msg.o(i.err_tcp))
<BR><BR>[Stack]<UL><LI>Max Depth = 464 + Unknown Stack Size
<LI>Call Chain = err_tcp &rArr; sys_mbox_trypost &rArr; osMessagePut &rArr; isr_mbx_send &rArr; rt_psq_enq &rArr; os_error &rArr; error &rArr; exit &rArr;  fflush (Cycle)
</UL>
<BR>[Calls]<UL><LI><a href="#[28d]">&gt;&gt;</a>&nbsp;&nbsp;&nbsp;sys_sem_signal
<LI><a href="#[29e]">&gt;&gt;</a>&nbsp;&nbsp;&nbsp;sys_mbox_trypost
<LI><a href="#[29d]">&gt;&gt;</a>&nbsp;&nbsp;&nbsp;sys_arch_unprotect
<LI><a href="#[29c]">&gt;&gt;</a>&nbsp;&nbsp;&nbsp;sys_arch_protect
</UL>
<BR>[Address Reference Count : 1]<UL><LI> api_msg.o(i.do_close_internal)
</UL>
<P><STRONG><a name="[28e]"></a>netconn_drain</STRONG> (Thumb, 178 bytes, Stack size 24 bytes, api_msg.o(i.netconn_drain))
<BR><BR>[Stack]<UL><LI>Max Depth = 848 + Unknown Stack Size
 + In Cycle
<LI>Call Chain = netconn_drain &rArr;  netconn_drain (Cycle)
</UL>
<BR>[Calls]<UL><LI><a href="#[2b8]">&gt;&gt;</a>&nbsp;&nbsp;&nbsp;pbuf_free
<LI><a href="#[2d3]">&gt;&gt;</a>&nbsp;&nbsp;&nbsp;tcp_recved
<LI><a href="#[2d1]">&gt;&gt;</a>&nbsp;&nbsp;&nbsp;tcp_abort
<LI><a href="#[2cf]">&gt;&gt;</a>&nbsp;&nbsp;&nbsp;sys_arch_mbox_tryfetch
<LI><a href="#[2c5]">&gt;&gt;</a>&nbsp;&nbsp;&nbsp;netbuf_delete
<LI><a href="#[28e]">&gt;&gt;</a>&nbsp;&nbsp;&nbsp;netconn_drain
<LI><a href="#[2d2]">&gt;&gt;</a>&nbsp;&nbsp;&nbsp;sys_sem_free
<LI><a href="#[2d0]">&gt;&gt;</a>&nbsp;&nbsp;&nbsp;sys_mbox_free
<LI><a href="#[2b9]">&gt;&gt;</a>&nbsp;&nbsp;&nbsp;memp_free
</UL>
<BR>[Called By]<UL><LI><a href="#[28e]">&gt;&gt;</a>&nbsp;&nbsp;&nbsp;netconn_drain
<LI><a href="#[c8]">&gt;&gt;</a>&nbsp;&nbsp;&nbsp;do_delconn
<LI><a href="#[c9]">&gt;&gt;</a>&nbsp;&nbsp;&nbsp;do_close
</UL>

<P><STRONG><a name="[bd]"></a>poll_tcp</STRONG> (Thumb, 90 bytes, Stack size 8 bytes, api_msg.o(i.poll_tcp))
<BR><BR>[Stack]<UL><LI>Max Depth = 840 + Unknown Stack Size
<LI>Call Chain = poll_tcp &rArr; do_close_internal &rArr; tcp_shutdown &rArr; tcp_close_shutdown &rArr; tcp_pcb_remove &rArr; tcp_output &rArr; tcp_send_empty_ack &rArr; ip_output &rArr; ip_output_if_opt &rArr; ip_frag &rArr; pbuf_alloc &rArr; mem_malloc &rArr; sys_mutex_unlock &rArr; error &rArr; exit &rArr;  fflush (Cycle)
</UL>
<BR>[Calls]<UL><LI><a href="#[299]">&gt;&gt;</a>&nbsp;&nbsp;&nbsp;do_writemore
<LI><a href="#[28f]">&gt;&gt;</a>&nbsp;&nbsp;&nbsp;do_close_internal
</UL>
<BR>[Address Reference Count : 1]<UL><LI> api_msg.o(i.do_close_internal)
</UL>
<P><STRONG><a name="[bc]"></a>sent_tcp</STRONG> (Thumb, 90 bytes, Stack size 16 bytes, api_msg.o(i.sent_tcp))
<BR><BR>[Stack]<UL><LI>Max Depth = 848 + Unknown Stack Size
<LI>Call Chain = sent_tcp &rArr; do_close_internal &rArr; tcp_shutdown &rArr; tcp_close_shutdown &rArr; tcp_pcb_remove &rArr; tcp_output &rArr; tcp_send_empty_ack &rArr; ip_output &rArr; ip_output_if_opt &rArr; ip_frag &rArr; pbuf_alloc &rArr; mem_malloc &rArr; sys_mutex_unlock &rArr; error &rArr; exit &rArr;  fflush (Cycle)
</UL>
<BR>[Calls]<UL><LI><a href="#[299]">&gt;&gt;</a>&nbsp;&nbsp;&nbsp;do_writemore
<LI><a href="#[28f]">&gt;&gt;</a>&nbsp;&nbsp;&nbsp;do_close_internal
</UL>
<BR>[Address Reference Count : 1]<UL><LI> api_msg.o(i.do_close_internal)
</UL>
<P><STRONG><a name="[316]"></a>tcp_close_shutdown</STRONG> (Thumb, 294 bytes, Stack size 32 bytes, tcp.o(i.tcp_close_shutdown))
<BR><BR>[Stack]<UL><LI>Max Depth = 792 + Unknown Stack Size
<LI>Call Chain = tcp_close_shutdown &rArr; tcp_pcb_remove &rArr; tcp_output &rArr; tcp_send_empty_ack &rArr; ip_output &rArr; ip_output_if_opt &rArr; ip_frag &rArr; pbuf_alloc &rArr; mem_malloc &rArr; sys_mutex_unlock &rArr; error &rArr; exit &rArr;  fflush (Cycle)
</UL>
<BR>[Calls]<UL><LI><a href="#[29b]">&gt;&gt;</a>&nbsp;&nbsp;&nbsp;tcp_output
<LI><a href="#[2b9]">&gt;&gt;</a>&nbsp;&nbsp;&nbsp;memp_free
<LI><a href="#[318]">&gt;&gt;</a>&nbsp;&nbsp;&nbsp;tcp_timer_needed
<LI><a href="#[319]">&gt;&gt;</a>&nbsp;&nbsp;&nbsp;tcp_send_fin
<LI><a href="#[315]">&gt;&gt;</a>&nbsp;&nbsp;&nbsp;tcp_rst
<LI><a href="#[314]">&gt;&gt;</a>&nbsp;&nbsp;&nbsp;tcp_pcb_remove
<LI><a href="#[317]">&gt;&gt;</a>&nbsp;&nbsp;&nbsp;tcp_pcb_purge
</UL>
<BR>[Called By]<UL><LI><a href="#[295]">&gt;&gt;</a>&nbsp;&nbsp;&nbsp;tcp_shutdown
<LI><a href="#[297]">&gt;&gt;</a>&nbsp;&nbsp;&nbsp;tcp_close
</UL>

<P><STRONG><a name="[dc]"></a>tcpip_tcp_timer</STRONG> (Thumb, 40 bytes, Stack size 8 bytes, timers.o(i.tcpip_tcp_timer))
<BR><BR>[Stack]<UL><LI>Max Depth = 808 + Unknown Stack Size
<LI>Call Chain = tcpip_tcp_timer &rArr; tcp_tmr &rArr; tcp_slowtmr &rArr; tcp_output &rArr; tcp_send_empty_ack &rArr; ip_output &rArr; ip_output_if_opt &rArr; ip_frag &rArr; pbuf_alloc &rArr; mem_malloc &rArr; sys_mutex_unlock &rArr; error &rArr; exit &rArr;  fflush (Cycle)
</UL>
<BR>[Calls]<UL><LI><a href="#[312]">&gt;&gt;</a>&nbsp;&nbsp;&nbsp;sys_timeout
<LI><a href="#[326]">&gt;&gt;</a>&nbsp;&nbsp;&nbsp;tcp_tmr
</UL>
<BR>[Address Reference Count : 2]<UL><LI> timers.o(i.tcp_timer_needed)
<LI> timers.o(i.tcpip_tcp_timer)
</UL>
<P><STRONG><a name="[2ad]"></a>lwip_standard_chksum</STRONG> (Thumb, 98 bytes, Stack size 16 bytes, inet_chksum.o(i.lwip_standard_chksum))
<BR><BR>[Stack]<UL><LI>Max Depth = 16<LI>Call Chain = lwip_standard_chksum
</UL>
<BR>[Calls]<UL><LI><a href="#[2af]">&gt;&gt;</a>&nbsp;&nbsp;&nbsp;__asm___13_inet_chksum_c_1410e14c____REV16
</UL>
<BR>[Called By]<UL><LI><a href="#[2c3]">&gt;&gt;</a>&nbsp;&nbsp;&nbsp;lwip_chksum_copy
<LI><a href="#[2b0]">&gt;&gt;</a>&nbsp;&nbsp;&nbsp;inet_chksum_pseudo_partial
<LI><a href="#[2ac]">&gt;&gt;</a>&nbsp;&nbsp;&nbsp;inet_chksum
<LI><a href="#[2ae]">&gt;&gt;</a>&nbsp;&nbsp;&nbsp;inet_chksum_pseudo
</UL>

<P><STRONG><a name="[c4]"></a>ipfrag_free_pbuf_custom</STRONG> (Thumb, 26 bytes, Stack size 8 bytes, ip_frag.o(i.ipfrag_free_pbuf_custom))
<BR><BR>[Stack]<UL><LI>Max Depth = 432 + Unknown Stack Size
<LI>Call Chain = ipfrag_free_pbuf_custom &rArr; pbuf_free &rArr; mem_free &rArr; sys_mutex_unlock &rArr; error &rArr; exit &rArr;  fflush (Cycle)
</UL>
<BR>[Calls]<UL><LI><a href="#[2b8]">&gt;&gt;</a>&nbsp;&nbsp;&nbsp;pbuf_free
<LI><a href="#[2b9]">&gt;&gt;</a>&nbsp;&nbsp;&nbsp;memp_free
</UL>
<BR>[Address Reference Count : 1]<UL><LI> ip_frag.o(i.ip_frag)
</UL>
<P><STRONG><a name="[12]"></a>default_idle_hook</STRONG> (Thumb, 2 bytes, Stack size 0 bytes, rtos_idle.o(i.default_idle_hook))
<BR>[Address Reference Count : 1]<UL><LI> rtos_idle.o(.data)
</UL>
<P><STRONG><a name="[1e7]"></a>CLOCK_GetFllRefClkFreq</STRONG> (Thumb, 142 bytes, Stack size 8 bytes, fsl_clock.o(i.CLOCK_GetFllRefClkFreq))
<BR><BR>[Stack]<UL><LI>Max Depth = 80<LI>Call Chain = CLOCK_GetFllRefClkFreq &rArr; __aeabi_assert &rArr; __assert_puts &rArr;  fflush (Cycle)
</UL>
<BR>[Calls]<UL><LI><a href="#[193]">&gt;&gt;</a>&nbsp;&nbsp;&nbsp;__aeabi_assert
</UL>
<BR>[Called By]<UL><LI><a href="#[1e8]">&gt;&gt;</a>&nbsp;&nbsp;&nbsp;CLOCK_GetFreq
<LI><a href="#[1e9]">&gt;&gt;</a>&nbsp;&nbsp;&nbsp;CLOCK_GetOutClkFreq
</UL>

<P><STRONG><a name="[b1]"></a>&lang;Func1&rang;</STRONG> (Thumb, 8 bytes, Stack size 0 bytes, SerialBase.o(i.<Func1>))
<BR>[Address Reference Count : 1]<UL><LI> SerialBase.o(i._ZN4mbed10SerialBaseC1E7PinNameS1_)
</UL>
<P><STRONG><a name="[2aa]"></a>handle_interrupt_in</STRONG> (Thumb, 122 bytes, Stack size 56 bytes, gpio_irq_api.o(i.handle_interrupt_in))
<BR><BR>[Stack]<UL><LI>Max Depth = 56<LI>Call Chain = handle_interrupt_in
</UL>
<BR>[Called By]<UL><LI><a href="#[c3]">&gt;&gt;</a>&nbsp;&nbsp;&nbsp;gpio_irqE
<LI><a href="#[c2]">&gt;&gt;</a>&nbsp;&nbsp;&nbsp;gpio_irqD
<LI><a href="#[c1]">&gt;&gt;</a>&nbsp;&nbsp;&nbsp;gpio_irqC
<LI><a href="#[c0]">&gt;&gt;</a>&nbsp;&nbsp;&nbsp;gpio_irqB
<LI><a href="#[bf]">&gt;&gt;</a>&nbsp;&nbsp;&nbsp;gpio_irqA
</UL>

<P><STRONG><a name="[15f]"></a>Heap1_SizeAdjust</STRONG> (Thumb, 8 bytes, Stack size 0 bytes, h1_alloc_mt.o(.text))
<BR><BR>[Called By]<UL><LI><a href="#[15e]">&gt;&gt;</a>&nbsp;&nbsp;&nbsp;_malloc_internal
</UL>

<P><STRONG><a name="[18c]"></a>_freopen_locked</STRONG> (Thumb, 174 bytes, Stack size 32 bytes, fopen_locked.o(.text))
<BR><BR>[Stack]<UL><LI>Max Depth = 552 + Unknown Stack Size
<LI>Call Chain = _freopen_locked &rArr; _fclose_internal &rArr; _fflush &rArr; _writebuf &rArr; _sys_write &rArr; serial_init &rArr; pinmap_pinout &rArr; error &rArr; exit &rArr;  fflush (Cycle)
</UL>
<BR>[Calls]<UL><LI><a href="#[18d]">&gt;&gt;</a>&nbsp;&nbsp;&nbsp;_sys_open
<LI><a href="#[11f]">&gt;&gt;</a>&nbsp;&nbsp;&nbsp;_mutex_release
<LI><a href="#[11e]">&gt;&gt;</a>&nbsp;&nbsp;&nbsp;_mutex_acquire
<LI><a href="#[184]">&gt;&gt;</a>&nbsp;&nbsp;&nbsp;_fclose_internal
<LI><a href="#[179]">&gt;&gt;</a>&nbsp;&nbsp;&nbsp;_fseek
</UL>
<BR>[Called By]<UL><LI><a href="#[18f]">&gt;&gt;</a>&nbsp;&nbsp;&nbsp;fopen
<LI><a href="#[18e]">&gt;&gt;</a>&nbsp;&nbsp;&nbsp;freopen
</UL>

<P><STRONG><a name="[336]"></a>_dadd1</STRONG> (Thumb, 0 bytes, Stack size unknown bytes, daddsub_clz.o(x$fpl$dadd), UNUSED)
<BR><BR>[Called By]<UL><LI><a href="#[337]">&gt;&gt;</a>&nbsp;&nbsp;&nbsp;_dsub
<LI><a href="#[335]">&gt;&gt;</a>&nbsp;&nbsp;&nbsp;_drsb
</UL>

<P><STRONG><a name="[329]"></a>_dsub1</STRONG> (Thumb, 0 bytes, Stack size unknown bytes, daddsub_clz.o(x$fpl$dsub), UNUSED)
<BR><BR>[Called By]<UL><LI><a href="#[335]">&gt;&gt;</a>&nbsp;&nbsp;&nbsp;_drsb
<LI><a href="#[328]">&gt;&gt;</a>&nbsp;&nbsp;&nbsp;_dadd
</UL>

<P><STRONG><a name="[1a7]"></a>_fp_digits</STRONG> (Thumb, 428 bytes, Stack size 96 bytes, _printf_fp_dec.o(.text))
<BR><BR>[Stack]<UL><LI>Max Depth = 216<LI>Call Chain = _fp_digits &rArr; _btod_etento &rArr; _btod_emul &rArr; _e2e
</UL>
<BR>[Calls]<UL><LI><a href="#[1ab]">&gt;&gt;</a>&nbsp;&nbsp;&nbsp;_btod_emul
<LI><a href="#[1aa]">&gt;&gt;</a>&nbsp;&nbsp;&nbsp;_btod_ediv
<LI><a href="#[1a9]">&gt;&gt;</a>&nbsp;&nbsp;&nbsp;_btod_d2e
<LI><a href="#[1a8]">&gt;&gt;</a>&nbsp;&nbsp;&nbsp;_btod_etento
<LI><a href="#[1ac]">&gt;&gt;</a>&nbsp;&nbsp;&nbsp;_ll_udiv10
</UL>
<BR>[Called By]<UL><LI><a href="#[1ad]">&gt;&gt;</a>&nbsp;&nbsp;&nbsp;_printf_fp_dec_real
</UL>

<P><STRONG><a name="[ac]"></a>_printf_input_char</STRONG> (Thumb, 10 bytes, Stack size 0 bytes, _printf_char_common.o(.text))
<BR>[Address Reference Count : 1]<UL><LI> _printf_char_common.o(.text)
</UL>
<P><STRONG><a name="[ad]"></a>_scanf_char_input</STRONG> (Thumb, 12 bytes, Stack size 0 bytes, scanf_char.o(.text))
<BR>[Address Reference Count : 1]<UL><LI> scanf_char.o(.text)
</UL>
<P><STRONG><a name="[b0]"></a>[local to arm_exceptions_c]::__default_terminate_handler()</STRONG> (Thumb, 6 bytes, Stack size 8 bytes, arm_exceptions_globs.o(.text))
<BR><BR>[Stack]<UL><LI>Max Depth = 56<LI>Call Chain = [local to arm_exceptions_c]::__default_terminate_handler() &rArr; abort &rArr; __rt_SIGABRT &rArr; __rt_SIGABRT_inner &rArr; __default_signal_display &rArr; _ttywrch
</UL>
<BR>[Calls]<UL><LI><a href="#[195]">&gt;&gt;</a>&nbsp;&nbsp;&nbsp;abort
</UL>
<BR>[Address Reference Count : 1]<UL><LI> arm_exceptions_globs.o(.text)
</UL><P>
<H3>
Undefined Global Symbols
</H3><HR></body></html>
