Component: ARM Compiler 5.06 update 5 (build 528) Tool: armlink [4d35e2]

==============================================================================

Section Cross References

    main.o(i._Z11sw2_releasev) refers to gpio_api.o(i.gpio_read) for gpio_read
    main.o(i._Z11sw2_releasev) refers to gpio_api.o(i.gpio_write) for gpio_write
    main.o(i._Z11sw2_releasev) refers to main.o(.data) for .data
    main.o(i.__sti___8_main_cpp_pc) refers to Serial.o(i._ZN4mbed6SerialC1E7PinNameS1_PKc) for mbed::Serial::Serial(PinName, PinName, const char*)
    main.o(i.__sti___8_main_cpp_pc) refers to aeabi_atexit.o(.text) for __aeabi_atexit
    main.o(i.__sti___8_main_cpp_pc) refers to gpio.o(i.gpio_init_out) for gpio_init_out
    main.o(i.__sti___8_main_cpp_pc) refers to InterruptIn.o(i._ZN4mbed11InterruptInC1E7PinName) for mbed::InterruptIn::InterruptIn(PinName)
    main.o(i.__sti___8_main_cpp_pc) refers to main.o(.bss) for .bss
    main.o(i.__sti___8_main_cpp_pc) refers to Serial.o(i._ZN4mbed6SerialD1Ev) for mbed::Serial::~Serial()
    main.o(i.__sti___8_main_cpp_pc) refers to main.o(.data) for .data
    main.o(i.__sti___8_main_cpp_pc) refers to InterruptIn.o(i._ZN4mbed11InterruptInD1Ev) for mbed::InterruptIn::~InterruptIn()
    main.o(i.main) refers to SerialBase.o(i._ZN4mbed10SerialBase4baudEi) for mbed::SerialBase::baud(int)
    main.o(i.main) refers to InterruptIn.o(i._ZN4mbed11InterruptIn4riseENS_8CallbackIFvvEEE) for mbed::InterruptIn::rise(mbed::Callback<void()>)
    main.o(i.main) refers to Stream.o(i._ZN4mbed6Stream6printfEPKcz) for mbed::Stream::printf(const char*, ...)
    main.o(i.main) refers to program.o(i._Z16ISP_syncBaudRatev) for ISP_syncBaudRate()
    main.o(i.main) refers to program.o(i._Z13ISP_getPartIDPc) for ISP_getPartID(char*)
    main.o(i.main) refers to main.o(.bss) for .bss
    main.o(i.main) refers to main.o(i._Z11sw2_releasev) for sw2_release()
    main.o(i.main) refers to main.o(t._ZN4mbed8CallbackIFvvEE12_staticthunkEPvS3_) for mbed::Callback<void()>::_staticthunk(void*, void*)
    main.o(.ARM.exidx) refers to main.o(i._Z11sw2_releasev) for i._Z11sw2_releasev
    main.o(.ARM.exidx) refers to main.o(i.main) for i.main
    main.o(.ARM.exidx) refers to main.o(i.__sti___8_main_cpp_pc) for i.__sti___8_main_cpp_pc
    main.o(.init_array) refers to main.o(i.__sti___8_main_cpp_pc) for __sti___8_main_cpp_pc
    main.o(.init_array) refers to init_aeabi.o(.text) for __cpp_initialize__aeabi_
    program.o(i._Z11ISP_getRespPcj) refers to SerialBase.o(i._ZN4mbed10SerialBase8readableEv) for mbed::SerialBase::readable()
    program.o(i._Z11ISP_getRespPcj) refers to Stream.o(i._ZN4mbed6Stream4getcEv) for mbed::Stream::getc()
    program.o(i._Z11ISP_getRespPcj) refers to wait_api.o(i.wait_us) for wait_us
    program.o(i._Z11ISP_getRespPcj) refers to main.o(.bss) for isp
    program.o(i._Z13ISP_getPartIDPc) refers to _printf_percent.o(.ARM.Collect$$_printf_percent$$00000000) for _printf_percent
    program.o(i._Z13ISP_getPartIDPc) refers to _printf_d.o(.ARM.Collect$$_printf_percent$$00000009) for _printf_d
    program.o(i._Z13ISP_getPartIDPc) refers to _printf_dec.o(.text) for _printf_int_dec
    program.o(i._Z13ISP_getPartIDPc) refers to Stream.o(i._ZN4mbed6Stream4putcEi) for mbed::Stream::putc(int)
    program.o(i._Z13ISP_getPartIDPc) refers to Stream.o(i._ZN4mbed6Stream4putsEPKc) for mbed::Stream::puts(const char*)
    program.o(i._Z13ISP_getPartIDPc) refers to rt_memclr.o(.text) for __aeabi_memclr
    program.o(i._Z13ISP_getPartIDPc) refers to SerialBase.o(i._ZN4mbed10SerialBase8readableEv) for mbed::SerialBase::readable()
    program.o(i._Z13ISP_getPartIDPc) refers to Stream.o(i._ZN4mbed6Stream4getcEv) for mbed::Stream::getc()
    program.o(i._Z13ISP_getPartIDPc) refers to wait_api.o(i.wait_us) for wait_us
    program.o(i._Z13ISP_getPartIDPc) refers to __2sprintf.o(.text) for __2sprintf
    program.o(i._Z13ISP_getPartIDPc) refers to strstr.o(.text) for strstr
    program.o(i._Z13ISP_getPartIDPc) refers to program.o(.data) for .data
    program.o(i._Z13ISP_getPartIDPc) refers to main.o(.bss) for isp
    program.o(i._Z13ISP_getPartIDPc) refers to program.o(.bss) for .bss
    program.o(i._Z16ISP_syncBaudRatev) refers to _printf_percent.o(.ARM.Collect$$_printf_percent$$00000000) for _printf_percent
    program.o(i._Z16ISP_syncBaudRatev) refers to _printf_d.o(.ARM.Collect$$_printf_percent$$00000009) for _printf_d
    program.o(i._Z16ISP_syncBaudRatev) refers to _printf_dec.o(.text) for _printf_int_dec
    program.o(i._Z16ISP_syncBaudRatev) refers to rt_memclr.o(.text) for __aeabi_memclr
    program.o(i._Z16ISP_syncBaudRatev) refers to Stream.o(i._ZN4mbed6Stream4putsEPKc) for mbed::Stream::puts(const char*)
    program.o(i._Z16ISP_syncBaudRatev) refers to SerialBase.o(i._ZN4mbed10SerialBase8readableEv) for mbed::SerialBase::readable()
    program.o(i._Z16ISP_syncBaudRatev) refers to Stream.o(i._ZN4mbed6Stream4getcEv) for mbed::Stream::getc()
[...]
    osSemaphoreDelete                        0x000060c1   Thumb Code    18  rt_cmsis.o(i.osSemaphoreDelete)
    osThreadCreate                           0x000060d9   Thumb Code    44  rt_cmsis.o(i.osThreadCreate)
    osThreadExit                             0x0000610d   Thumb Code    14  rt_cmsis.o(i.osThreadExit)
    osTimerThread                            0x00006125   Thumb Code    54  rt_cmsis.o(i.osTimerThread)
    os_error                                 0x00006169   Thumb Code    22  rtx_conf_cm.o(i.os_error)
    os_idle_demon                            0x000061ad   Thumb Code     4  rtx_conf_cm.o(i.os_idle_demon)
    os_tick_init                             0x000061b1   Thumb Code    32  rt_system.o(i.os_tick_init)
    os_tick_irqack                           0x000061d9   Thumb Code     2  rt_system.o(i.os_tick_irqack)
    pin_function                             0x000061dd   Thumb Code    86  pinmap.o(i.pin_function)
    pin_mode                                 0x00006259   Thumb Code    86  pinmap.o(i.pin_mode)
    pinmap_merge                             0x000062cd   Thumb Code    38  pinmap_common.o(i.pinmap_merge)
    pinmap_peripheral                        0x00006309   Thumb Code    58  pinmap_common.o(i.pinmap_peripheral)
    pinmap_pinout                            0x00006365   Thumb Code    66  pinmap_common.o(i.pinmap_pinout)
    rt_alloc_box                             0x000063bd   Thumb Code    26  rt_membox.o(i.rt_alloc_box)
    rt_block                                 0x000063d9   Thumb Code    68  rt_task.o(i.rt_block)
    rt_chk_robin                             0x00006429   Thumb Code    60  rt_robin.o(i.rt_chk_robin)
    rt_dec_dly                               0x00006471   Thumb Code   186  rt_list.o(i.rt_dec_dly)
    rt_dispatch                              0x00006539   Thumb Code   114  rt_task.o(i.rt_dispatch)
    rt_evt_psh                               0x000065b9   Thumb Code    80  rt_event.o(i.rt_evt_psh)
    rt_free_box                              0x0000660d   Thumb Code    46  rt_membox.o(i.rt_free_box)
    rt_get_first                             0x0000663b   Thumb Code    42  rt_list.o(i.rt_get_first)
    rt_init_robin                            0x00006665   Thumb Code    14  rt_robin.o(i.rt_init_robin)
    rt_init_stack                            0x0000667d   Thumb Code   246  hal_cm.o(i.rt_init_stack)
    rt_mbx_check                             0x0000677d   Thumb Code     8  rt_mailbox.o(i.rt_mbx_check)
    rt_mbx_init                              0x00006785   Thumb Code    26  rt_mailbox.o(i.rt_mbx_init)
    rt_mbx_psh                               0x000067a1   Thumb Code   270  rt_mailbox.o(i.rt_mbx_psh)
    rt_mbx_wait                              0x000068b5   Thumb Code   180  rt_mailbox.o(i.rt_mbx_wait)
    rt_mut_init                              0x000069b5   Thumb Code    16  rt_mutex.o(i.rt_mut_init)
    rt_mut_release                           0x000069c5   Thumb Code   218  rt_mutex.o(i.rt_mut_release)
    rt_mut_wait                              0x00006aa9   Thumb Code   104  rt_mutex.o(i.rt_mut_wait)
    rt_pop_req                               0x00006b15   Thumb Code   116  rt_system.o(i.rt_pop_req)
    rt_psh_req                               0x00006b95   Thumb Code    24  rt_system.o(i.rt_psh_req)
    rt_psq_enq                               0x00006bb5   Thumb Code    88  rt_list.o(i.rt_psq_enq)
    rt_put_dly                               0x00006c11   Thumb Code    98  rt_list.o(i.rt_put_dly)
    rt_put_prio                              0x00006c79   Thumb Code    66  rt_list.o(i.rt_put_prio)
    rt_put_rdy_first                         0x00006cbd   Thumb Code    14  rt_list.o(i.rt_put_rdy_first)
    rt_resort_prio                           0x00006cd1   Thumb Code   136  rt_list.o(i.rt_resort_prio)
    rt_ret_val                               0x00006d5d   Thumb Code    18  hal_cm.o(i.rt_ret_val)
    rt_ret_val2                              0x00006d6f   Thumb Code    20  hal_cm.o(i.rt_ret_val2)
    rt_rmv_dly                               0x00006d83   Thumb Code    44  rt_list.o(i.rt_rmv_dly)
    rt_rmv_list                              0x00006db1   Thumb Code    44  rt_list.o(i.rt_rmv_list)
    rt_sem_delete                            0x00006de1   Thumb Code    86  rt_semaphore.o(i.rt_sem_delete)
    rt_sem_init                              0x00006e41   Thumb Code    12  rt_semaphore.o(i.rt_sem_init)
    rt_sem_psh                               0x00006e4d   Thumb Code    48  rt_semaphore.o(i.rt_sem_psh)
    rt_stk_check                             0x00006e81   Thumb Code    36  rt_system.o(i.rt_stk_check)
    rt_switch_req                            0x00006ead   Thumb Code    26  rt_task.o(i.rt_switch_req)
    rt_sys_init                              0x00006ed1   Thumb Code   226  rt_task.o(i.rt_sys_init)
    rt_sys_start                             0x00006ff9   Thumb Code   112  rt_task.o(i.rt_sys_start)
    rt_systick                               0x00007079   Thumb Code    50  rt_system.o(i.rt_systick)
    rt_tsk_create                            0x000070b9   Thumb Code   212  rt_task.o(i.rt_tsk_create)
    rt_tsk_delete                            0x0000719d   Thumb Code   340  rt_task.o(i.rt_tsk_delete)
    rt_tsk_prio                              0x00007309   Thumb Code   108  rt_task.o(i.rt_tsk_prio)
    rt_tsk_self                              0x00007385   Thumb Code    12  rt_task.o(i.rt_tsk_self)
    rtos_idle_loop                           0x00007395   Thumb Code     8  rtos_idle.o(i.rtos_idle_loop)
    serial_baud                              0x000073a1   Thumb Code    38  serial_api.o(i.serial_baud)
    serial_getc                              0x000073d1   Thumb Code    52  serial_api.o(i.serial_getc)
    serial_init                              0x00007409   Thumb Code   214  serial_api.o(i.serial_init)
    serial_irq_handler                       0x00007515   Thumb Code    14  serial_api.o(i.serial_irq_handler)
    serial_putc                              0x0000752d   Thumb Code    58  serial_api.o(i.serial_putc)
    serial_readable                          0x0000756d   Thumb Code    42  serial_api.o(i.serial_readable)
    set_main_stack                           0x0000759d   Thumb Code    32  rtx_conf_cm.o(i.set_main_stack)
    svcKernelInitialize                      0x000075c5   Thumb Code    94  rt_cmsis.o(i.svcKernelInitialize)
    svcKernelRunning                         0x0000763d   Thumb Code     6  rt_cmsis.o(i.svcKernelRunning)
    svcKernelStart                           0x00007649   Thumb Code    66  rt_cmsis.o(i.svcKernelStart)
    svcMessageGet                            0x00007695   Thumb Code    68  rt_cmsis.o(i.svcMessageGet)
    svcSemaphoreCreate                       0x000076d9   Thumb Code    38  rt_cmsis.o(i.svcSemaphoreCreate)
    svcSemaphoreDelete                       0x000076ff   Thumb Code    28  rt_cmsis.o(i.svcSemaphoreDelete)
    svcThreadCreate                          0x0000771d   Thumb Code   110  rt_cmsis.o(i.svcThreadCreate)
    svcThreadGetId                           0x00007799   Thumb Code    24  rt_cmsis.o(i.svcThreadGetId)
    svcThreadTerminate                       0x000077b5   Thumb Code    52  rt_cmsis.o(i.svcThreadTerminate)
    svcTimerCall                             0x000077ed   Thumb Code    26  rt_cmsis.o(i.svcTimerCall)
    sysTimerTick                             0x00007809   Thumb Code   166  rt_cmsis.o(i.sysTimerTick)
    ticker_irq_handler                       0x000078b9   Thumb Code    78  ticker_api.o(i.ticker_irq_handler)
    us_ticker_clear_interrupt                0x00007909   Thumb Code    10  us_ticker.o(i.us_ticker_clear_interrupt)
    us_ticker_disable_interrupt              0x00007919   Thumb Code    16  us_ticker.o(i.us_ticker_disable_interrupt)
    us_ticker_init                           0x0000792d   Thumb Code   156  us_ticker.o(i.us_ticker_init)
    us_ticker_irq_handler                    0x000079ed   Thumb Code     6  us_ticker_api.o(i.us_ticker_irq_handler)
    us_ticker_read                           0x000079f9   Thumb Code    24  us_ticker.o(i.us_ticker_read)
    us_ticker_set_interrupt                  0x00007a19   Thumb Code   112  us_ticker.o(i.us_ticker_set_interrupt)
    wait_ms                                  0x00007a9d   Thumb Code    28  wait_api.o(i.wait_ms)
    wait_us                                  0x00007ab9   Thumb Code    24  wait_api.o(i.wait_us)
    _get_lc_ctype                            0x00007ad1   Thumb Code    44  lc_ctype_c.o(locale$$code)
    _get_lc_numeric                          0x00007afd   Thumb Code    44  lc_numeric_c.o(locale$$code)
    mbed::Callback<void()>::_staticthunk(void*, void*) 0x00007b29   Thumb Code     4  main.o(t._ZN4mbed8CallbackIFvvEE12_staticthunkEPvS3_)
    _fp_init                                 0x00007b2d   Thumb Code    10  fpinit.o(x$fpl$fpinit)
    __fplib_config_fpu_vfp                   0x00007b35   Thumb Code     0  fpinit.o(x$fpl$fpinit)
    __fplib_config_pureend_doubles           0x00007b35   Thumb Code     0  fpinit.o(x$fpl$fpinit)
    _printf_fp_dec                           0x00007b37   Thumb Code     4  printf1.o(x$fpl$printf1)
    _printf_fp_hex                           0x00007b3b   Thumb Code     4  printf2.o(x$fpl$printf2)
    __I$use$fp                               0x00007b3e   Number         0  usenofp.o(x$fpl$usenofp)
    os_maxtaskrun                            0x00007b3e   Data           2  rtx_conf_cm.o(.constdata)
    os_stackinfo                             0x00007b40   Data           4  rtx_conf_cm.o(.constdata)
    os_rrobin                                0x00007b44   Data           4  rtx_conf_cm.o(.constdata)
    os_trv                                   0x00007b48   Data           4  rtx_conf_cm.o(.constdata)
    os_flags                                 0x00007b4c   Data           1  rtx_conf_cm.o(.constdata)
    CMSIS_RTOS_API_Version                   0x00007b50   Data           4  rtx_conf_cm.o(.constdata)
    CMSIS_RTOS_RTX_Version                   0x00007b54   Data           4  rtx_conf_cm.o(.constdata)
    os_clockrate                             0x00007b58   Data           4  rtx_conf_cm.o(.constdata)
    os_timernum                              0x00007b5c   Data           4  rtx_conf_cm.o(.constdata)
    mp_tcb_size                              0x00007b60   Data           2  rtx_conf_cm.o(.constdata)
    mp_stk_size                              0x00007b64   Data           4  rtx_conf_cm.o(.constdata)
    os_fifo_size                             0x00007b68   Data           1  rtx_conf_cm.o(.constdata)
    os_thread_def_osTimerThread              0x00007b6c   Data          20  rtx_conf_cm.o(.constdata)
    os_messageQ_def_osTimerMessageQ          0x00007b80   Data           8  rtx_conf_cm.o(.constdata)
    mp_tmr_size                              0x00007b88   Data           2  rtx_conf_cm.o(.constdata)
    __stdin_name                             0x00007b8a   Data           7  retarget.o(.constdata)
    __stdout_name                            0x00007b91   Data           8  retarget.o(.constdata)
    __stderr_name                            0x00007b99   Data           8  retarget.o(.constdata)
    g_defaultClockConfigVlpr                 0x00007ba4   Data          32  fsl_clock_config.o(.constdata)
    g_defaultClockConfigRun                  0x00007bc4   Data          32  fsl_clock_config.o(.constdata)
    PinMap_UART_TX                           0x00007c78   Data         144  PeripheralPins.o(.constdata)
    PinMap_UART_RX                           0x00007d08   Data         144  PeripheralPins.o(.constdata)
    vtable for mbed::FileHandle              0x00007f4c   Data          52  retarget.o(.constdata__ZTVN4mbed10FileHandleE)
    vtable for mbed::SerialBase              0x00007f80   Data          24  SerialBase.o(.constdata__ZTVN4mbed10SerialBaseE)
    vtable for mbed::InterruptIn             0x00007f98   Data          16  InterruptIn.o(.constdata__ZTVN4mbed11InterruptInE)
    vtable for mbed::Serial                  0x00007fa8   Data         108  Serial.o(.constdata__ZTVN4mbed6SerialE)
    vtable for mbed::Stream                  0x00008014   Data          76  Stream.o(.constdata__ZTVN4mbed6StreamE)
    vtable for mbed::FileBase                0x00008060   Data          16  FileBase.o(.constdata__ZTVN4mbed8FileBaseE)
    vtable for mbed::FileLike                0x00008070   Data          68  FileLike.o(.constdata__ZTVN4mbed8FileLikeE)
    Region$$Table$$Base                      0x00008474   Number         0  anon$$obj.o(Region$$Table)
    Region$$Table$$Limit                     0x00008494   Number         0  anon$$obj.o(Region$$Table)
    __ctype                                  0x000084a1   Data           0  lc_ctype_c.o(locale$$data)
    SHT$$INIT_ARRAY$$Base                    0x000085c0   Number         0  main.o(.init_array)
    SHT$$INIT_ARRAY$$Limit                   0x000085c8   Number         0  init_aeabi.o(.init_array)
    Image$$VECTOR_RAM$$Base                  0x1fff0000   Number         0  anon$$obj.o ABSOLUTE
    Image$$RW_m_data$$Base                   0x1fff0400   Number         0  anon$$obj.o ABSOLUTE
    led                                      0x20000000   Data           4  main.o(.data)
    isp_cmd_list                             0x20000004   Data          14  program.o(.data)
    os_initialized                           0x20000014   Data           1  rt_cmsis.o(.data)
    os_running                               0x20000015   Data           1  rt_cmsis.o(.data)
    os_timer_head                            0x20000018   Data           4  rt_cmsis.o(.data)
    osEventObs                               0x20000020   Data           4  rt_oseventobserver.o(.data)
    os_robin                                 0x20000024   Data           8  rt_robin.o(.data)
    os_tick_irqn                             0x20000030   Data           4  rt_system.o(.data)
    os_tsk                                   0x20000034   Data           8  rt_task.o(.data)
    os_time                                  0x2000003c   Data           4  rt_time.o(.data)
    m_tmr                                    0x20000040   Data           4  rtx_conf_cm.o(.data)
    os_thread_def_main                       0x20000048   Data          20  rtx_conf_cm.o(.data)
    osThreadId_osTimerThread                 0x2000005c   Data           4  rtx_conf_cm.o(.data)
    osMessageQId_osTimerMessageQ             0x20000060   Data           4  rtx_conf_cm.o(.data)
    armcc_heap_base                          0x20000064   Data           4  rtx_conf_cm.o(.data)
    armcc_heap_top                           0x20000068   Data           4  rtx_conf_cm.o(.data)
    SystemCoreClock                          0x2000006c   Data           4  system_MK64F12.o(.data)
    g_xtal0Freq                              0x2000007c   Data           4  fsl_clock.o(.data)
    g_xtal32Freq                             0x20000080   Data           4  fsl_clock.o(.data)
    stdio_uart_inited                        0x20000088   Data           4  serial_api.o(.data)
    stdio_uart                               0x20000090   Data           4  serial_api.o(.data)
    mbed::FileBase::_head                    0x200000a8   Data           4  FileBase.o(.data)
    __aeabi_stdin                            0x200000bc   Data           4  stdio_streams.o(.data)
    __aeabi_stdout                           0x200000c0   Data           4  stdio_streams.o(.data)
    __aeabi_stderr                           0x200000c4   Data           4  stdio_streams.o(.data)
    _stream_list_lock                        0x200000c8   Data           4  streamlock.o(.data)
    pc                                       0x200000cc   Data          92  main.o(.bss)
    isp                                      0x20000128   Data          92  main.o(.bss)
    sw2                                      0x20000184   Data          52  main.o(.bss)
    ispRecvBuf                               0x200001b8   Data        1024  program.o(.bss)
    os_rdy                                   0x20000674   Data          24  rt_list.o(.bss)
    os_dly                                   0x2000068c   Data          24  rt_list.o(.bss)
    os_idle_TCB                              0x200006a4   Data          60  rt_task.o(.bss)
    os_messageQ_q_osTimerMessageQ            0x200006e0   Data          32  rtx_conf_cm.o(.bss)
    mp_tcb                                   0x20000700   Data         912  rtx_conf_cm.o(.bss)
    mp_stk                                   0x20000a90   Data         528  rtx_conf_cm.o(.bss)
    os_fifo                                  0x20000ca0   Data         132  rtx_conf_cm.o(.bss)
    os_active_TCB                            0x20000d24   Data          60  rtx_conf_cm.o(.bss)
    os_thread_def_stack_osTimerThread        0x20000d60   Data         800  rtx_conf_cm.o(.bss)
    __libspace_start                         0x200019dc   Data          96  libspace.o(.bss)
    __stdin                                  0x20001a3c   Data          84  stdio_streams.o(.bss)
    __temporary_stack_top$libspace           0x20001a3c   Data           0  libspace.o(.bss)
    __stdout                                 0x20001a90   Data          84  stdio_streams.o(.bss)
    __stderr                                 0x20001ae4   Data          84  stdio_streams.o(.bss)
    Image$$RW_IRAM1$$ZI$$Limit               0x20001b38   Number         0  anon$$obj.o ABSOLUTE



==============================================================================

Memory Map of the image

  Image Entry point : 0x00000411

  Load Region LR_m_text (Base: 0x00000000, Size: 0x00008694, Max: 0x00080000, ABSOLUTE)

    Execution Region VECTOR_ROM (Exec base: 0x00000000, Load base: 0x00000000, Size: 0x00000400, Max: 0x00000400, ABSOLUTE)

    Exec Addr    Load Addr    Size         Type   Attr      Idx    E Section Name        Object

    0x00000000   0x00000000   0x00000400   Data   RO         3889    RESET               startup_MK64F12.o


    Execution Region ER_m_flash_config (Exec base: 0x00000400, Load base: 0x00000400, Size: 0x00000010, Max: 0x00000010, ABSOLUTE)

    Exec Addr    Load Addr    Size         Type   Attr      Idx    E Section Name        Object

    0x00000400   0x00000400   0x00000010   Data   RO         3890    FlashConfig         startup_MK64F12.o


    Execution Region ER_m_text (Exec base: 0x00000410, Load base: 0x00000410, Size: 0x000081b8, Max: 0x0007fbf0, ABSOLUTE)

    Exec Addr    Load Addr    Size         Type   Attr      Idx    E Section Name        Object

    0x00000410   0x00000410   0x00000008   Code   RO         8636  * !!!main             c_w.l(__main.o)
    0x00000418   0x00000418   0x00000034   Code   RO         9418    !!!scatter          c_w.l(__scatter.o)
    0x0000044c   0x0000044c   0x0000001a   Code   RO         9420    !!handler_copy      c_w.l(__scatter_copy.o)
    0x00000466   0x00000466   0x00000002   PAD
    0x00000468   0x00000468   0x0000001c   Code   RO         9422    !!handler_zi        c_w.l(__scatter_zi.o)
    0x00000484   0x00000484   0x00000000   Code   RO         8551    .ARM.Collect$$_printf_percent$$00000000  c_w.l(_printf_percent.o)
    0x00000484   0x00000484   0x00000006   Code   RO         8910    .ARM.Collect$$_printf_percent$$00000001  c_w.l(_printf_n.o)
    0x0000048a   0x0000048a   0x00000006   Code   RO         8547    .ARM.Collect$$_printf_percent$$00000002  c_w.l(_printf_p.o)
    0x00000490   0x00000490   0x00000006   Code   RO         8549    .ARM.Collect$$_printf_percent$$00000003  c_w.l(_printf_f.o)
    0x00000496   0x00000496   0x00000006   Code   RO         8550    .ARM.Collect$$_printf_percent$$00000004  c_w.l(_printf_e.o)
    0x0000049c   0x0000049c   0x00000006   Code   RO         8914    .ARM.Collect$$_printf_percent$$00000005  c_w.l(_printf_g.o)
    0x000004a2   0x000004a2   0x00000006   Code   RO         8915    .ARM.Collect$$_printf_percent$$00000006  c_w.l(_printf_a.o)
    0x000004a8   0x000004a8   0x0000000a   Code   RO         8920    .ARM.Collect$$_printf_percent$$00000007  c_w.l(_printf_ll.o)
    0x000004b2   0x000004b2   0x00000006   Code   RO         8912    .ARM.Collect$$_printf_percent$$00000008  c_w.l(_printf_i.o)
    0x000004b8   0x000004b8   0x00000006   Code   RO         8548    .ARM.Collect$$_printf_percent$$00000009  c_w.l(_printf_d.o)
    0x000004be   0x000004be   0x00000006   Code   RO         8913    .ARM.Collect$$_printf_percent$$0000000A  c_w.l(_printf_u.o)
    0x000004c4   0x000004c4   0x00000006   Code   RO         8911    .ARM.Collect$$_printf_percent$$0000000B  c_w.l(_printf_o.o)
    0x000004ca   0x000004ca   0x00000006   Code   RO         8546    .ARM.Collect$$_printf_percent$$0000000C  c_w.l(_printf_x.o)
    0x000004d0   0x000004d0   0x00000006   Code   RO         8917    .ARM.Collect$$_printf_percent$$0000000D  c_w.l(_printf_lli.o)
    0x000004d6   0x000004d6   0x00000006   Code   RO         8918    .ARM.Collect$$_printf_percent$$0000000E  c_w.l(_printf_lld.o)
    0x000004dc   0x000004dc   0x00000006   Code   RO         8919    .ARM.Collect$$_printf_percent$$0000000F  c_w.l(_printf_llu.o)
    0x000004e2   0x000004e2   0x00000006   Code   RO         8924    .ARM.Collect$$_printf_percent$$00000010  c_w.l(_printf_llo.o)
    0x000004e8   0x000004e8   0x00000006   Code   RO         8925    .ARM.Collect$$_printf_percent$$00000011  c_w.l(_printf_llx.o)
    0x000004ee   0x000004ee   0x0000000a   Code   RO         8921    .ARM.Collect$$_printf_percent$$00000012  c_w.l(_printf_l.o)
    0x000004f8   0x000004f8   0x00000006   Code   RO         8909    .ARM.Collect$$_printf_percent$$00000013  c_w.l(_printf_c.o)
    0x000004fe   0x000004fe   0x00000006   Code   RO         8545    .ARM.Collect$$_printf_percent$$00000014  c_w.l(_printf_s.o)
    0x00000504   0x00000504   0x00000006   Code   RO         8922    .ARM.Collect$$_printf_percent$$00000015  c_w.l(_printf_lc.o)
    0x0000050a   0x0000050a   0x00000006   Code   RO         8923    .ARM.Collect$$_printf_percent$$00000016  c_w.l(_printf_ls.o)
    0x00000510   0x00000510   0x00000004   Code   RO         8916    .ARM.Collect$$_printf_percent$$00000017  c_w.l(_printf_percent_end.o)
    0x00000514   0x00000514   0x00000002   Code   RO         8635    .ARM.Collect$$libinit$$00000000  c_w.l(libinit.o)
    0x00000516   0x00000516   0x00000004   Code   RO         8978    .ARM.Collect$$libinit$$00000001  c_w.l(libinit2.o)
    0x0000051a   0x0000051a   0x00000000   Code   RO         8981    .ARM.Collect$$libinit$$00000004  c_w.l(libinit2.o)
    0x0000051a   0x0000051a   0x00000008   Code   RO         8982    .ARM.Collect$$libinit$$00000005  c_w.l(libinit2.o)
    0x00000522   0x00000522   0x00000000   Code   RO         8984    .ARM.Collect$$libinit$$0000000A  c_w.l(libinit2.o)
    0x00000522   0x00000522   0x00000000   Code   RO         8986    .ARM.Collect$$libinit$$0000000C  c_w.l(libinit2.o)
    0x00000522   0x00000522   0x00000000   Code   RO         8988    .ARM.Collect$$libinit$$0000000E  c_w.l(libinit2.o)
    0x00000522   0x00000522   0x00000006   Code   RO         8989    .ARM.Collect$$libinit$$0000000F  c_w.l(libinit2.o)
    0x00000528   0x00000528   0x00000000   Code   RO         8991    .ARM.Collect$$libinit$$00000011  c_w.l(libinit2.o)
    0x00000528   0x00000528   0x0000000c   Code   RO         8992    .ARM.Collect$$libinit$$00000012  c_w.l(libinit2.o)
    0x00000534   0x00000534   0x00000000   Code   RO         8993    .ARM.Collect$$libinit$$00000013  c_w.l(libinit2.o)
    0x00000534   0x00000534   0x00000000   Code   RO         8995    .ARM.Collect$$libinit$$00000015  c_w.l(libinit2.o)
    0x00000534   0x00000534   0x0000000a   Code   RO         8996    .ARM.Collect$$libinit$$00000016  c_w.l(libinit2.o)
    0x0000053e   0x0000053e   0x00000000   Code   RO         8997    .ARM.Collect$$libinit$$00000017  c_w.l(libinit2.o)
    0x0000053e   0x0000053e   0x00000000   Code   RO         8999    .ARM.Collect$$libinit$$00000019  c_w.l(libinit2.o)
    0x0000053e   0x0000053e   0x00000000   Code   RO         9001    .ARM.Collect$$libinit$$0000001B  c_w.l(libinit2.o)
    0x0000053e   0x0000053e   0x00000000   Code   RO         9003    .ARM.Collect$$libinit$$0000001D  c_w.l(libinit2.o)
    0x0000053e   0x0000053e   0x00000000   Code   RO         9005    .ARM.Collect$$libinit$$0000001F  c_w.l(libinit2.o)
    0x0000053e   0x0000053e   0x00000000   Code   RO         9007    .ARM.Collect$$libinit$$00000021  c_w.l(libinit2.o)
    0x0000053e   0x0000053e   0x00000000   Code   RO         9009    .ARM.Collect$$libinit$$00000023  c_w.l(libinit2.o)
    0x0000053e   0x0000053e   0x00000004   Code   RO         9010    .ARM.Collect$$libinit$$00000024  c_w.l(libinit2.o)
    0x00000542   0x00000542   0x00000000   Code   RO         9011    .ARM.Collect$$libinit$$00000025  c_w.l(libinit2.o)
    0x00000542   0x00000542   0x00000000   Code   RO         9015    .ARM.Collect$$libinit$$0000002C  c_w.l(libinit2.o)
    0x00000542   0x00000542   0x00000000   Code   RO         9017    .ARM.Collect$$libinit$$0000002E  c_w.l(libinit2.o)
    0x00000542   0x00000542   0x00000000   Code   RO         9019    .ARM.Collect$$libinit$$00000030  c_w.l(libinit2.o)
    0x00000542   0x00000542   0x00000004   Code   RO         9020    .ARM.Collect$$libinit$$00000031  c_w.l(libinit2.o)
    0x00000546   0x00000546   0x00000000   Code   RO         9021    .ARM.Collect$$libinit$$00000032  c_w.l(libinit2.o)
    0x00000546   0x00000546   0x00000002   Code   RO         9022    .ARM.Collect$$libinit$$00000033  c_w.l(libinit2.o)
    0x00000548   0x00000548   0x00000000   Code   RO         9248    .ARM.Collect$$libshutdown$$00000002  c_w.l(libshutdown2.o)
    0x00000548   0x00000548   0x00000000   Code   RO         9250    .ARM.Collect$$libshutdown$$00000004  c_w.l(libshutdown2.o)
    0x00000548   0x00000548   0x0000004c   Code   RO         3307    .emb_text           rtx_conf_cm.o
    0x00000594   0x00000594   0x00000198   Code   RO         3720    .emb_text           hal_cm4.o
    0x0000072c   0x0000072c   0x00000000   Code   RO         9132    .emb_text           c_w.l(maybetermalloc1.o)
    0x0000072c   0x0000072c   0x000001c0   Code   RO         3891    .text               startup_MK64F12.o
    0x000008ec   0x000008ec   0x00000008   Code   RO         8405    .text               c_w.l(libspace.o)
    0x000008f4   0x000008f4   0x0000009e   Code   RO         8418    .text               c_w.l(h1_alloc_mt.o)
    0x00000992   0x00000992   0x00000076   Code   RO         8420    .text               c_w.l(h1_free_mt.o)
    0x00000a08   0x00000a08   0x00000024   Code   RO         8476    .text               c_w.l(vsprintf.o)
    0x00000a2c   0x00000a2c   0x0000000a   Code   RO         8478    .text               c_w.l(c89vfprintf.o)
    0x00000a36   0x00000a36   0x00000002   PAD
    0x00000a38   0x00000a38   0x0000002c   Code   RO         8484    .text               c_w.l(__2sprintf.o)
    0x00000a64   0x00000a64   0x0000004e   Code   RO         8498    .text               c_w.l(_printf_pad.o)
    0x00000ab2   0x00000ab2   0x00000052   Code   RO         8500    .text               c_w.l(_printf_str.o)
    0x00000b04   0x00000b04   0x00000078   Code   RO         8502    .text               c_w.l(_printf_dec.o)
    0x00000b7c   0x00000b7c   0x00000094   Code   RO         8522    .text               c_w.l(_printf_hex_int_ll_ptr.o)
    0x00000c10   0x00000c10   0x00000188   Code   RO         8542    .text               c_w.l(__printf_flags_ss_wp.o)
    0x00000d98   0x00000d98   0x0000003c   Code   RO         8554    .text               c_w.l(__0sscanf.o)
    0x00000dd4   0x00000dd4   0x0000014c   Code   RO         8556    .text               c_w.l(_scanf_int.o)
    0x00000f20   0x00000f20   0x00000014   Code   RO         8578    .text               c_w.l(setbuf.o)
    0x00000f34   0x00000f34   0x0000004c   Code   RO         8586    .text               c_w.l(fclose.o)
    0x00000f80   0x00000f80   0x00000020   Code   RO         8588    .text               c_w.l(fgetc_locked.o)
    0x00000fa0   0x00000fa0   0x00000024   Code   RO         8590    .text               c_w.l(fputc_locked.o)
    0x00000fc4   0x00000fc4   0x00000034   Code   RO         8592    .text               c_w.l(fclose_locked.o)
    0x00000ff8   0x00000ff8   0x00000090   Code   RO         8594    .text               c_w.l(fflush_locked.o)
    0x00001088   0x00001088   0x00000068   Code   RO         8596    .text               c_w.l(setvbuf_locked.o)
    0x000010f0   0x000010f0   0x00000144   Code   RO         8598    .text               c_w.l(fopen_locked.o)
    0x00001234   0x00001234   0x0000002e   Code   RO         8608    .text               c_w.l(aeabi_atexit.o)
    0x00001262   0x00001262   0x00000002   PAD
    0x00001264   0x00001264   0x00000080   Code   RO         8611    .text               c_w.l(assert.o)
    0x000012e4   0x000012e4   0x00000024   Code   RO         8615    .text               c_w.l(strstr.o)
    0x00001308   0x00001308   0x0000003e   Code   RO         8619    .text               c_w.l(strlen.o)
    0x00001346   0x00001346   0x00000096   Code   RO         8621    .text               c_w.l(strncmp.o)
    0x000013dc   0x000013dc   0x0000008a   Code   RO         8623    .text               c_w.l(rt_memcpy_v6.o)
    0x00001466   0x00001466   0x00000044   Code   RO         8625    .text               c_w.l(rt_memclr.o)
    0x000014aa   0x000014aa   0x0000004e   Code   RO         8627    .text               c_w.l(rt_memclr_w.o)
    0x000014f8   0x000014f8   0x00000080   Code   RO         8631    .text               c_w.l(strcmpv7m.o)
    0x00001578   0x00001578   0x00000006   Code   RO         8633    .text               c_w.l(heapauxi.o)
    0x0000157e   0x0000157e   0x00000002   PAD
    0x00001580   0x00001580   0x00000024   Code   RO         8641    .text               c_w.l(init_aeabi.o)
    0x000015a4   0x000015a4   0x00000010   Code   RO         8824    .text               c_w.l(rt_ctype_table.o)
    0x000015b4   0x000015b4   0x0000000a   Code   RO         8835    .text               c_w.l(rt_heap_descriptor_twolibspace.o)
    0x000015be   0x000015be   0x0000000a   Code   RO         8849    .text               c_w.l(rt_ddtor_pointer_addr_twolibspace.o)
    0x000015c8   0x000015c8   0x00000004   Code   RO         8856    .text               c_w.l(rt_errno_addr_twolibspace.o)
    0x000015cc   0x000015cc   0x00000004   Code   RO         8858    .text               c_w.l(hguard.o)
    0x000015d0   0x000015d0   0x0000008a   Code   RO         8860    .text               c_w.l(init_alloc.o)
    0x0000165a   0x0000165a   0x00000012   Code   RO         8866    .text               c_w.l(h1_init_mt.o)
    0x0000166c   0x0000166c   0x00000024   Code   RO         8880    .text               c_w.l(_printf_truncate.o)
    0x00001690   0x00001690   0x000000b2   Code   RO         8882    .text               c_w.l(_printf_intcommon.o)
    0x00001742   0x00001742   0x00000028   Code   RO         8884    .text               c_w.l(_printf_charcount.o)
    0x0000176a   0x0000176a   0x0000041e   Code   RO         8886    .text               c_w.l(_printf_fp_dec.o)
    0x00001b88   0x00001b88   0x00000030   Code   RO         8888    .text               c_w.l(_printf_char_common.o)
    0x00001bb8   0x00001bb8   0x0000000a   Code   RO         8890    .text               c_w.l(_sputc.o)
    0x00001bc2   0x00001bc2   0x0000002c   Code   RO         8894    .text               c_w.l(_printf_char.o)
    0x00001bee   0x00001bee   0x00000002   PAD
    0x00001bf0   0x00001bf0   0x000000bc   Code   RO         8898    .text               c_w.l(_printf_wctomb.o)
    0x00001cac   0x00001cac   0x0000007c   Code   RO         8901    .text               c_w.l(_printf_longlong_dec.o)
    0x00001d28   0x00001d28   0x00000070   Code   RO         8907    .text               c_w.l(_printf_oct_int_ll.o)
    0x00001d98   0x00001d98   0x0000001c   Code   RO         8926    .text               c_w.l(_chval.o)
    0x00001db4   0x00001db4   0x0000002c   Code   RO         8932    .text               c_w.l(scanf_char.o)
    0x00001de0   0x00001de0   0x00000040   Code   RO         8934    .text               c_w.l(_sgetc.o)
    0x00001e20   0x00001e20   0x0000023a   Code   RO         8948    .text               c_w.l(filbuf.o)
    0x0000205a   0x0000205a   0x000001d6   Code   RO         8950    .text               c_w.l(flsbuf.o)
    0x00002230   0x00002230   0x000000f8   Code   RO         8952    .text               c_w.l(fseek.o)
    0x00002328   0x00002328   0x000000f0   Code   RO         8954    .text               c_w.l(stdio.o)
    0x00002418   0x00002418   0x000001c8   Code   RO         8961    .text               c_w.l(initio_locked.o)
    0x000025e0   0x000025e0   0x00000016   Code   RO         8963    .text               c_w.l(abort.o)
    0x000025f6   0x000025f6   0x00000042   Code   RO         8965    .text               c_w.l(cxa_finalize.o)
    0x00002638   0x00002638   0x0000000e   Code   RO         8968    .text               c_w.l(defsig_pvfn_outer.o)
    0x00002646   0x00002646   0x00000064   Code   RO         8974    .text               c_w.l(rt_memcpy_w.o)
    0x000026aa   0x000026aa   0x0000000e   Code   RO         9115    .text               c_w.l(sys_wrch.o)
    0x000026b8   0x000026b8   0x0000000c   Code   RO         9117    .text               c_w.l(sys_exit.o)
    0x000026c4   0x000026c4   0x0000000a   Code   RO         9128    .text               c_w.l(rt_locale_twolibspace.o)
    0x000026ce   0x000026ce   0x0000003e   Code   RO         9136    .text               c_w.l(h1_extend_mt.o)
    0x0000270c   0x0000270c   0x0000008a   Code   RO         9138    .text               c_w.l(lludiv10.o)
    0x00002796   0x00002796   0x00000012   Code   RO         9140    .text               c_w.l(isspace.o)
    0x000027a8   0x000027a8   0x000002fc   Code   RO         9142    .text               c_w.l(_printf_fp_hex.o)
    0x00002aa4   0x00002aa4   0x00000080   Code   RO         9145    .text               c_w.l(_printf_fp_infnan.o)
    0x00002b24   0x00002b24   0x00000040   Code   RO         9149    .text               c_w.l(_printf_char_file_locked.o)
    0x00002b64   0x00002b64   0x0000002c   Code   RO         9151    .text               c_w.l(_printf_wchar.o)
    0x00002b90   0x00002b90   0x00000374   Code   RO         9153    .text               c_w.l(_scanf.o)
    0x00002f04   0x00002f04   0x000000e4   Code   RO         9163    .text               c_w.l(bigflt0.o)
    0x00002fe8   0x00002fe8   0x00000042   Code   RO         9190    .text               c_w.l(ftell.o)
    0x0000302a   0x0000302a   0x00000036   Code   RO         9202    .text               c_w.l(fputs_locked.o)
    0x00003060   0x00003060   0x0000005c   Code   RO         9212    .text               c_w.l(flushlinebuffered_locked.o)
    0x000030bc   0x000030bc   0x00000040   Code   RO         9216    .text               c_w.l(_wcrtomb.o)
    0x000030fc   0x000030fc   0x0000000a   Code   RO         9224    .text               c_w.l(defsig_exit.o)
    0x00003106   0x00003106   0x0000000e   Code   RO         9226    .text               c_w.l(defsig_abrt_outer.o)
    0x00003114   0x00003114   0x0000000e   Code   RO         9230    .text               c_w.l(defsig_rtred_outer.o)
    0x00003122   0x00003122   0x0000000e   Code   RO         9234    .text               c_w.l(defsig_rtmem_outer.o)
    0x00003130   0x00003130   0x00000030   Code   RO         9238    .text               c_w.l(defsig_pvfn_inner.o)
    0x00003160   0x00003160   0x00000018   Code   RO         9240    .text               c_w.l(assert_stdio.o)
    0x00003178   0x00003178   0x00000002   Code   RO         9300    .text               c_w.l(use_no_semi.o)
    0x0000317a   0x0000317a   0x00000000   Code   RO         9302    .text               c_w.l(indicate_semi.o)
    0x0000317a   0x0000317a   0x00000032   Code   RO         9316    .text               c_w.l(defsig_general.o)
    0x000031ac   0x000031ac   0x00000030   Code   RO         9318    .text               c_w.l(defsig_abrt_inner.o)
    0x000031dc   0x000031dc   0x00000034   Code   RO         9324    .text               c_w.l(defsig_rtred_inner.o)
    0x00003210   0x00003210   0x00000050   Code   RO         9326    .text               c_w.l(defsig_rtmem_inner.o)
    0x00003260   0x00003260   0x0000003e   Code   RO         9166    CL$$btod_d2e        c_w.l(btod.o)
    0x0000329e   0x0000329e   0x00000046   Code   RO         9168    CL$$btod_d2e_denorm_low  c_w.l(btod.o)
    0x000032e4   0x000032e4   0x00000060   Code   RO         9167    CL$$btod_d2e_norm_op1  c_w.l(btod.o)
    0x00003344   0x00003344   0x00000338   Code   RO         9176    CL$$btod_div_common  c_w.l(btod.o)
    0x0000367c   0x0000367c   0x000000dc   Code   RO         9173    CL$$btod_e2e        c_w.l(btod.o)
    0x00003758   0x00003758   0x0000002a   Code   RO         9170    CL$$btod_ediv       c_w.l(btod.o)
    0x00003782   0x00003782   0x0000002a   Code   RO         9169    CL$$btod_emul       c_w.l(btod.o)
    0x000037ac   0x000037ac   0x00000244   Code   RO         9175    CL$$btod_mult_common  c_w.l(btod.o)
    0x000039f0   0x000039f0   0x00000004   Code   RO         3730    SVC_TABLE           svc_table.o
    0x000039f4   0x000039f4   0x00000012   Code   RO         3772    i.$Sub$$main        retarget.o
    0x00003a06   0x00003a06   0x00000008   Code   RO         7816    i.<Func1>           mbed.ar(SerialBase.o)
    0x00003a0e   0x00003a0e   0x00000002   PAD
    0x00003a10   0x00003a10   0x00000058   Code   RO         7290    i.BOARD_BootClockRUN  mbed.ar(fsl_clock_config.o)
    0x00003a68   0x00003a68   0x00000048   Code   RO         7332    i.CLOCK_BootToPeeMode  mbed.ar(fsl_clock.o)
    0x00003ab0   0x00003ab0   0x0000004c   Code   RO         7336    i.CLOCK_EnablePll0  mbed.ar(fsl_clock.o)
    0x00003afc   0x00003afc   0x0000007c   Code   RO         7342    i.CLOCK_GetEr32kClkFreq  mbed.ar(fsl_clock.o)
    0x00003b78   0x00003b78   0x000000b0   Code   RO         7347    i.CLOCK_GetFllRefClkFreq  mbed.ar(fsl_clock.o)
    0x00003c28   0x00003c28   0x000001b8   Code   RO         7348    i.CLOCK_GetFreq     mbed.ar(fsl_clock.o)
    0x00003de0   0x00003de0   0x0000003c   Code   RO         7351    i.CLOCK_GetOsc0ErClkFreq  mbed.ar(fsl_clock.o)
    0x00003e1c   0x00003e1c   0x000000c4   Code   RO         7352    i.CLOCK_GetOutClkFreq  mbed.ar(fsl_clock.o)
    0x00003ee0   0x00003ee0   0x00000074   Code   RO         7354    i.CLOCK_GetPll0Freq  mbed.ar(fsl_clock.o)
    0x00003f54   0x00003f54   0x0000007c   Code   RO         7357    i.CLOCK_InitOsc0    mbed.ar(fsl_clock.o)
    0x00003fd0   0x00003fd0   0x00000044   Code   RO         7361    i.CLOCK_SetExternalRefClkConfig  mbed.ar(fsl_clock.o)
    0x00004014   0x00004014   0x0000008c   Code   RO         7366    i.CLOCK_SetInternalRefClkConfig  mbed.ar(fsl_clock.o)
    0x000040a0   0x000040a0   0x00000088   Code   RO         7369    i.CLOCK_SetPbeMode  mbed.ar(fsl_clock.o)
    0x00004128   0x00004128   0x00000028   Code   RO         7373    i.CLOCK_SetSimConfig  mbed.ar(fsl_clock.o)
    0x00004150   0x00004150   0x00000002   Code   RO         7431    i.ENET_1588_Timer_IRQHandler  mbed.ar(fsl_enet.o)
    0x00004152   0x00004152   0x00000002   PAD
    0x00004154   0x00004154   0x00000074   Code   RO         7435    i.ENET_Error_IRQHandler  mbed.ar(fsl_enet.o)
    0x000041c8   0x000041c8   0x0000017c   Code   RO         7443    i.ENET_ReadFrame    mbed.ar(fsl_enet.o)
    0x00004344   0x00004344   0x0000004c   Code   RO         7445    i.ENET_Receive_IRQHandler  mbed.ar(fsl_enet.o)
    0x00004390   0x00004390   0x0000004c   Code   RO         7454    i.ENET_Transmit_IRQHandler  mbed.ar(fsl_enet.o)
    0x000043dc   0x000043dc   0x00000060   Code   RO         7320    i.InstallIRQHandler  mbed.ar(fsl_common.o)
    0x0000443c   0x0000443c   0x0000000c   Code   RO         3758    i.NMI_Handler       mbed_overrides.o
    0x00004448   0x00004448   0x00000098   Code   RO         8043    i.PIT_Init          mbed.ar(fsl_pit.o)
    0x000044e0   0x000044e0   0x00000050   Code   RO         8346    i.SPI0_DriverIRQHandler  mbed.ar(fsl_dspi.o)
    0x00004530   0x00004530   0x00000050   Code   RO         8347    i.SPI1_DriverIRQHandler  mbed.ar(fsl_dspi.o)
    0x00004580   0x00004580   0x00000050   Code   RO         8348    i.SPI2_DriverIRQHandler  mbed.ar(fsl_dspi.o)
    0x000045d0   0x000045d0   0x00000028   Code   RO         3900    i.SystemInit        system_MK64F12.o
    0x000045f8   0x000045f8   0x00000018   Code   RO         8077    i.UART0_RX_TX_DriverIRQHandler  mbed.ar(fsl_uart.o)
    0x00004610   0x00004610   0x00000018   Code   RO         8079    i.UART1_RX_TX_DriverIRQHandler  mbed.ar(fsl_uart.o)
    0x00004628   0x00004628   0x00000018   Code   RO         8081    i.UART2_RX_TX_DriverIRQHandler  mbed.ar(fsl_uart.o)
    0x00004640   0x00004640   0x00000018   Code   RO         8083    i.UART3_RX_TX_DriverIRQHandler  mbed.ar(fsl_uart.o)
    0x00004658   0x00004658   0x00000018   Code   RO         8085    i.UART4_RX_TX_DriverIRQHandler  mbed.ar(fsl_uart.o)
    0x00004670   0x00004670   0x00000018   Code   RO         8087    i.UART5_RX_TX_DriverIRQHandler  mbed.ar(fsl_uart.o)
    0x00004688   0x00004688   0x00000038   Code   RO         8088    i.UART_ClearStatusFlags  mbed.ar(fsl_uart.o)
    0x000046c0   0x000046c0   0x00000034   Code   RO         8092    i.UART_GetDefaultConfig  mbed.ar(fsl_uart.o)
    0x000046f4   0x000046f4   0x00000050   Code   RO         8094    i.UART_GetInstance  mbed.ar(fsl_uart.o)
    0x00004744   0x00004744   0x00000016   Code   RO         8095    i.UART_GetStatusFlags  mbed.ar(fsl_uart.o)
    0x0000475a   0x0000475a   0x00000002   PAD
    0x0000475c   0x0000475c   0x0000021c   Code   RO         8096    i.UART_Init         mbed.ar(fsl_uart.o)
    0x00004978   0x00004978   0x00000040   Code   RO         8098    i.UART_SetBaudRate  mbed.ar(fsl_uart.o)
    0x000049b8   0x000049b8   0x00000020   Code   RO            5    i._Z11sw2_releasev  main.o
    0x000049d8   0x000049d8   0x000000b4   Code   RO          374    i._Z13ISP_getPartIDPc  program.o
    0x00004a8c   0x00004a8c   0x000002a0   Code   RO          375    i._Z16ISP_syncBaudRatev  program.o
    0x00004d2c   0x00004d2c   0x00000052   Code   RO         3883    i._ZN4mbed10FileHandle4flenEv  retarget.o
    0x00004d7e   0x00004d7e   0x00000002   Code   RO          699    i._ZN4mbed10FileHandle4lockEv  c12832.o
    0x00004d80   0x00004d80   0x00000002   Code   RO          705    i._ZN4mbed10FileHandle6unlockEv  c12832.o
    0x00004d82   0x00004d82   0x00000002   PAD
    0x00004d84   0x00004d84   0x00000030   Code   RO         3774    i._ZN4mbed10FileHandleD2Ev  retarget.o
    0x00004db4   0x00004db4   0x00000006   Code   RO         7817    i._ZN4mbed10SerialBase10_base_getcEv  mbed.ar(SerialBase.o)
    0x00004dba   0x00004dba   0x0000000e   Code   RO         7818    i._ZN4mbed10SerialBase10_base_putcEi  mbed.ar(SerialBase.o)
    0x00004dc8   0x00004dc8   0x00000014   Code   RO         7820    i._ZN4mbed10SerialBase12_irq_handlerEj9SerialIrq  mbed.ar(SerialBase.o)
    0x00004ddc   0x00004ddc   0x00000024   Code   RO         7821    i._ZN4mbed10SerialBase4baudEi  mbed.ar(SerialBase.o)
    0x00004e00   0x00004e00   0x00000002   Code   RO         7822    i._ZN4mbed10SerialBase4lockEv  mbed.ar(SerialBase.o)
    0x00004e02   0x00004e02   0x00000002   Code   RO         7825    i._ZN4mbed10SerialBase6unlockEv  mbed.ar(SerialBase.o)
    0x00004e04   0x00004e04   0x00000020   Code   RO         7826    i._ZN4mbed10SerialBase8readableEv  mbed.ar(SerialBase.o)
    0x00004e24   0x00004e24   0x0000004c   Code   RO         7828    i._ZN4mbed10SerialBaseC1E7PinNameS1_  mbed.ar(SerialBase.o)
    0x00004e70   0x00004e70   0x0000002c   Code   RO         7676    i._ZN4mbed11InterruptIn12_irq_handlerEj14gpio_irq_event  mbed.ar(InterruptIn.o)
    0x00004e9c   0x00004e9c   0x0000004a   Code   RO         7680    i._ZN4mbed11InterruptIn4riseENS_8CallbackIFvvEEE  mbed.ar(InterruptIn.o)
    0x00004ee6   0x00004ee6   0x00000002   PAD
    0x00004ee8   0x00004ee8   0x0000003c   Code   RO         7681    i._ZN4mbed11InterruptInC1E7PinName  mbed.ar(InterruptIn.o)
    0x00004f24   0x00004f24   0x00000018   Code   RO         7683    i._ZN4mbed11InterruptInD1Ev  mbed.ar(InterruptIn.o)
    0x00004f3c   0x00004f3c   0x00000006   Code   RO         3775    i._ZN4mbed26mbed_set_unbuffered_streamEPSt6__FILE  retarget.o
    0x00004f42   0x00004f42   0x00000002   Code   RO         7760    i._ZN4mbed6Serial4lockEv  mbed.ar(Serial.o)
    0x00004f44   0x00004f44   0x00000002   Code   RO         7763    i._ZN4mbed6Serial6unlockEv  mbed.ar(Serial.o)
    0x00004f46   0x00004f46   0x00000002   PAD
    0x00004f48   0x00004f48   0x00000024   Code   RO         7764    i._ZN4mbed6SerialC1E7PinNameS1_PKc  mbed.ar(Serial.o)
    0x00004f6c   0x00004f6c   0x00000020   Code   RO         7793    i._ZN4mbed6SerialD1Ev  mbed.ar(Serial.o)
    0x00004f8c   0x00004f8c   0x00000004   Code   RO         7877    i._ZN4mbed6Stream4flenEv  mbed.ar(Stream.o)
    0x00004f90   0x00004f90   0x00000026   Code   RO         7878    i._ZN4mbed6Stream4getcEv  mbed.ar(Stream.o)
    0x00004fb6   0x00004fb6   0x0000002a   Code   RO         7880    i._ZN4mbed6Stream4putcEi  mbed.ar(Stream.o)
    0x00004fe0   0x00004fe0   0x0000002a   Code   RO         7881    i._ZN4mbed6Stream4putsEPKc  mbed.ar(Stream.o)
    0x0000500a   0x0000500a   0x0000003c   Code   RO         7882    i._ZN4mbed6Stream4readEPvj  mbed.ar(Stream.o)
    0x00005046   0x00005046   0x00000004   Code   RO         7883    i._ZN4mbed6Stream5closeEv  mbed.ar(Stream.o)
    0x0000504a   0x0000504a   0x00000004   Code   RO         7885    i._ZN4mbed6Stream5lseekEli  mbed.ar(Stream.o)
    0x0000504e   0x0000504e   0x0000003c   Code   RO         7887    i._ZN4mbed6Stream5writeEPKvj  mbed.ar(Stream.o)
    0x0000508a   0x0000508a   0x00000004   Code   RO         7888    i._ZN4mbed6Stream6isattyEv  mbed.ar(Stream.o)
    0x0000508e   0x0000508e   0x00000032   Code   RO         7889    i._ZN4mbed6Stream6printfEPKcz  mbed.ar(Stream.o)
    0x000050c0   0x000050c0   0x00000040   Code   RO         7892    i._ZN4mbed6StreamC2EPKc  mbed.ar(Stream.o)
    0x00005100   0x00005100   0x00000020   Code   RO         7894    i._ZN4mbed6StreamD2Ev  mbed.ar(Stream.o)
    0x00005120   0x00005120   0x00000004   Code   RO         8223    i._ZN4mbed8FileBase11getPathTypeEv  mbed.ar(FileBase.o)
    0x00005124   0x00005124   0x00000038   Code   RO         8225    i._ZN4mbed8FileBase6lookupEPKcj  mbed.ar(FileBase.o)
    0x0000515c   0x0000515c   0x00000024   Code   RO         8227    i._ZN4mbed8FileBaseC1EPKcNS_8PathTypeE  mbed.ar(FileBase.o)
    0x00005180   0x00005180   0x00000038   Code   RO         8229    i._ZN4mbed8FileBaseD1Ev  mbed.ar(FileBase.o)
    0x000051b8   0x000051b8   0x00000024   Code   RO         8256    i._ZN4mbed8FileLikeC2EPKc  mbed.ar(FileLike.o)
    0x000051dc   0x000051dc   0x00000012   Code   RO         8258    i._ZN4mbed8FileLikeD2Ev  mbed.ar(FileLike.o)
    0x000051ee   0x000051ee   0x00000018   Code   RO         7575    i._ZN4mbed8FilePath10fileSystemEv  mbed.ar(FilePath.o)
    0x00005206   0x00005206   0x0000001c   Code   RO         7577    i._ZN4mbed8FilePath4fileEv  mbed.ar(FilePath.o)
    0x00005222   0x00005222   0x0000000a   Code   RO         7578    i._ZN4mbed8FilePath6existsEv  mbed.ar(FilePath.o)
    0x0000522c   0x0000522c   0x00000018   Code   RO         7579    i._ZN4mbed8FilePath6isFileEv  mbed.ar(FilePath.o)
    0x00005244   0x00005244   0x00000004   Code   RO         7580    i._ZN4mbed8FilePath8fileNameEv  mbed.ar(FilePath.o)
    0x00005248   0x00005248   0x00000040   Code   RO         7581    i._ZN4mbed8FilePathC1EPKc  mbed.ar(FilePath.o)
    0x00005288   0x00005288   0x00000004   Code   RO         3776    i._ZN4mbed9mbed_getcEPSt6__FILE  retarget.o
    0x0000528c   0x0000528c   0x0000001c   Code   RO         6956    i._ZN4rtos9SemaphoreC1Ei  semaphore.o
    0x000052a8   0x000052a8   0x0000000e   Code   RO         6957    i._ZN4rtos9SemaphoreD1Ev  semaphore.o
    0x000052b6   0x000052b6   0x00000002   Code   RO         7765    i._ZThn44_N4mbed6Serial4lockEv  mbed.ar(Serial.o)
    0x000052b8   0x000052b8   0x00000006   Code   RO         7766    i._ZThn44_N4mbed6Serial5_getcEv  mbed.ar(Serial.o)
    0x000052be   0x000052be   0x00000006   Code   RO         7767    i._ZThn44_N4mbed6Serial5_putcEi  mbed.ar(Serial.o)
    0x000052c4   0x000052c4   0x00000002   Code   RO         7768    i._ZThn44_N4mbed6Serial6unlockEv  mbed.ar(Serial.o)
    0x000052c6   0x000052c6   0x00000030   Code   RO         9098    i.__ARM_fpclassify  m_wm.l(fpclassify.o)
    0x000052f6   0x000052f6   0x00000004   Code   RO         3749    i.__NVIC_SetVector  cmsis_nvic.o
    0x000052fa   0x000052fa   0x00000024   Code   RO         8767    i.__aeabi_vec_ctor_nocookie_nodtor  cpprt_w.l(aeabi_vec_ctor_nocookie_nodtor.o)
    0x0000531e   0x0000531e   0x00000006   Code   RO         8658    i.__cxa_pure_virtual  cpprt_w.l(pure_virt.o)
    0x00005324   0x00005324   0x0000004c   Code   RO         1308    i.__sti___21_EthernetInterface_cpp_af02a2e0  ethernetinterface.o
    0x00005370   0x00005370   0x00000070   Code   RO            6    i.__sti___8_main_cpp_pc  main.o
    0x000053e0   0x000053e0   0x0000002c   Code   RO         3308    i.__user_perthread_libspace  rtx_conf_cm.o
    0x0000540c   0x0000540c   0x00000010   Code   RO         3893    i.__user_setup_stackheap  sys.o
    0x0000541c   0x0000541c   0x00000048   Code   RO         2935    i._init_box         rt_membox.o
    0x00005464   0x00005464   0x0000000e   Code   RO         8535    i._is_digit         c_w.l(__printf_wp.o)
    0x00005472   0x00005472   0x00000002   PAD
    0x00005474   0x00005474   0x00000020   Code   RO         3309    i._mutex_acquire    rtx_conf_cm.o
    0x00005494   0x00005494   0x0000004c   Code   RO         3310    i._mutex_initialize  rtx_conf_cm.o
    0x000054e0   0x000054e0   0x0000001c   Code   RO         3311    i._mutex_release    rtx_conf_cm.o
    0x000054fc   0x000054fc   0x0000002c   Code   RO         3778    i._sys_close        retarget.o
    0x00005528   0x00005528   0x00000028   Code   RO         3781    i._sys_flen         retarget.o
    0x00005550   0x00005550   0x00000028   Code   RO         3782    i._sys_istty        retarget.o
    0x00005578   0x00005578   0x00000160   Code   RO         3783    i._sys_open         retarget.o
    0x000056d8   0x000056d8   0x00000054   Code   RO         3784    i._sys_read         retarget.o
    0x0000572c   0x0000572c   0x00000028   Code   RO         3785    i._sys_seek         retarget.o
    0x00005754   0x00005754   0x00000060   Code   RO         3786    i._sys_write        retarget.o
    0x000057b4   0x000057b4   0x000000c8   Code   RO         7991    i.core_util_critical_section_enter  mbed.ar(critical.o)
    0x0000587c   0x0000587c   0x00000094   Code   RO         7992    i.core_util_critical_section_exit  mbed.ar(critical.o)
    0x00005910   0x00005910   0x00000002   Code   RO         6893    i.default_idle_hook  rtos_idle.o
    0x00005912   0x00005912   0x00000012   Code   RO         7957    i.error             mbed.ar(error.o)
    0x00005924   0x00005924   0x00000020   Code   RO         3788    i.exit              retarget.o
    0x00005944   0x00005944   0x00000018   Code   RO         8563    i.fgetc             c_w.l(fgetc.o)
    0x0000595c   0x0000595c   0x0000001a   Code   RO         8569    i.fputc             c_w.l(fputc.o)
    0x00005976   0x00005976   0x00000002   PAD
    0x00005978   0x00005978   0x00000064   Code   RO         7555    i.gpio_dir          mbed.ar(gpio_api.o)
    0x000059dc   0x000059dc   0x00000014   Code   RO         7556    i.gpio_init         mbed.ar(gpio_api.o)
    0x000059f0   0x000059f0   0x00000028   Code   RO         7965    i.gpio_init_in      mbed.ar(gpio.o)
    0x00005a18   0x00005a18   0x00000036   Code   RO         7968    i.gpio_init_out     mbed.ar(gpio.o)
    0x00005a4e   0x00005a4e   0x00000008   Code   RO         8180    i.gpio_irqA         mbed.ar(gpio_irq_api.o)
    0x00005a56   0x00005a56   0x00000008   Code   RO         8181    i.gpio_irqB         mbed.ar(gpio_irq_api.o)
    0x00005a5e   0x00005a5e   0x00000008   Code   RO         8182    i.gpio_irqC         mbed.ar(gpio_irq_api.o)
    0x00005a66   0x00005a66   0x00000008   Code   RO         8183    i.gpio_irqD         mbed.ar(gpio_irq_api.o)
    0x00005a6e   0x00005a6e   0x00000008   Code   RO         8184    i.gpio_irqE         mbed.ar(gpio_irq_api.o)
    0x00005a76   0x00005a76   0x00000002   PAD
    0x00005a78   0x00005a78   0x00000010   Code   RO         8187    i.gpio_irq_free     mbed.ar(gpio_irq_api.o)
    0x00005a88   0x00005a88   0x000000dc   Code   RO         8188    i.gpio_irq_init     mbed.ar(gpio_irq_api.o)
    0x00005b64   0x00005b64   0x00000080   Code   RO         8189    i.gpio_irq_set      mbed.ar(gpio_irq_api.o)
    0x00005be4   0x00005be4   0x00000006   Code   RO         7557    i.gpio_mode         mbed.ar(gpio_api.o)
    0x00005bea   0x00005bea   0x00000002   PAD
    0x00005bec   0x00005bec   0x0000004c   Code   RO         7558    i.gpio_read         mbed.ar(gpio_api.o)
    0x00005c38   0x00005c38   0x00000058   Code   RO         7560    i.gpio_write        mbed.ar(gpio_api.o)
    0x00005c90   0x00005c90   0x0000008c   Code   RO         8190    i.handle_interrupt_in  mbed.ar(gpio_irq_api.o)
    0x00005d1c   0x00005d1c   0x0000000e   Code   RO         2887    i.isr_mbx_send      rt_mailbox.o
    0x00005d2a   0x00005d2a   0x00000002   PAD
    0x00005d2c   0x00005d2c   0x000000b8   Code   RO            7    i.main              main.o
    0x00005de4   0x00005de4   0x00000054   Code   RO         8281    i.mbed_assert_internal  mbed.ar(assert.o)
    0x00005e38   0x00005e38   0x0000002e   Code   RO         3736    i.mbed_die          board.o
    0x00005e66   0x00005e66   0x00000002   PAD
    0x00005e68   0x00005e68   0x00000054   Code   RO         3737    i.mbed_error_printf  board.o
    0x00005ebc   0x00005ebc   0x00000050   Code   RO         3738    i.mbed_error_vfprintf  board.o
    0x00005f0c   0x00005f0c   0x00000002   Code   RO         3789    i.mbed_main         retarget.o
    0x00005f0e   0x00005f0e   0x00000004   Code   RO         3760    i.mbed_sdk_init     mbed_overrides.o
    0x00005f12   0x00005f12   0x00000002   PAD
    0x00005f14   0x00005f14   0x00000098   Code   RO         2184    i.osKernelInitialize  rt_cmsis.o
    0x00005fac   0x00005fac   0x000000c0   Code   RO         2186    i.osKernelStart     rt_cmsis.o
    0x0000606c   0x0000606c   0x00000054   Code   RO         2205    i.osSemaphoreCreate  rt_cmsis.o
    0x000060c0   0x000060c0   0x00000018   Code   RO         2206    i.osSemaphoreDelete  rt_cmsis.o
    0x000060d8   0x000060d8   0x00000034   Code   RO         2213    i.osThreadCreate    rt_cmsis.o
    0x0000610c   0x0000610c   0x00000018   Code   RO         2214    i.osThreadExit      rt_cmsis.o
    0x00006124   0x00006124   0x00000044   Code   RO         2226    i.osTimerThread     rt_cmsis.o
    0x00006168   0x00006168   0x00000044   Code   RO         3312    i.os_error          rtx_conf_cm.o
    0x000061ac   0x000061ac   0x00000004   Code   RO         3313    i.os_idle_demon     rtx_conf_cm.o
    0x000061b0   0x000061b0   0x00000028   Code   RO         3100    i.os_tick_init      rt_system.o
    0x000061d8   0x000061d8   0x00000002   Code   RO         3101    i.os_tick_irqack    rt_system.o
    0x000061da   0x000061da   0x00000002   PAD
    0x000061dc   0x000061dc   0x0000007c   Code   RO         8211    i.pin_function      mbed.ar(pinmap.o)
    0x00006258   0x00006258   0x00000074   Code   RO         8212    i.pin_mode          mbed.ar(pinmap.o)
    0x000062cc   0x000062cc   0x0000003c   Code   RO         8292    i.pinmap_merge      mbed.ar(pinmap_common.o)
    0x00006308   0x00006308   0x0000005c   Code   RO         8293    i.pinmap_peripheral  mbed.ar(pinmap_common.o)
    0x00006364   0x00006364   0x00000058   Code   RO         8294    i.pinmap_pinout     mbed.ar(pinmap_common.o)
    0x000063bc   0x000063bc   0x0000001a   Code   RO         2936    i.rt_alloc_box      rt_membox.o
    0x000063d6   0x000063d6   0x00000002   PAD
    0x000063d8   0x000063d8   0x00000050   Code   RO         3191    i.rt_block          rt_task.o
    0x00006428   0x00006428   0x00000048   Code   RO         3036    i.rt_chk_robin      rt_robin.o
    0x00006470   0x00006470   0x000000c8   Code   RO         2811    i.rt_dec_dly        rt_list.o
    0x00006538   0x00006538   0x00000080   Code   RO         3192    i.rt_dispatch       rt_task.o
    0x000065b8   0x000065b8   0x00000054   Code   RO         2772    i.rt_evt_psh        rt_event.o
    0x0000660c   0x0000660c   0x0000002e   Code   RO         2937    i.rt_free_box       rt_membox.o
    0x0000663a   0x0000663a   0x0000002a   Code   RO         2812    i.rt_get_first      rt_list.o
    0x00006664   0x00006664   0x00000018   Code   RO         3037    i.rt_init_robin     rt_robin.o
    0x0000667c   0x0000667c   0x00000100   Code   RO         2127    i.rt_init_stack     hal_cm.o
    0x0000677c   0x0000677c   0x00000008   Code   RO         2888    i.rt_mbx_check      rt_mailbox.o
    0x00006784   0x00006784   0x0000001a   Code   RO         2889    i.rt_mbx_init       rt_mailbox.o
    0x0000679e   0x0000679e   0x00000002   PAD
    0x000067a0   0x000067a0   0x00000114   Code   RO         2890    i.rt_mbx_psh        rt_mailbox.o
    0x000068b4   0x000068b4   0x000000b8   Code   RO         2892    i.rt_mbx_wait       rt_mailbox.o
    0x0000696c   0x0000696c   0x00000048   Code   RO         2230    i.rt_ms2tick        rt_cmsis.o
    0x000069b4   0x000069b4   0x00000010   Code   RO         2989    i.rt_mut_init       rt_mutex.o
    0x000069c4   0x000069c4   0x000000e4   Code   RO         2990    i.rt_mut_release    rt_mutex.o
    0x00006aa8   0x00006aa8   0x0000006c   Code   RO         2991    i.rt_mut_wait       rt_mutex.o
    0x00006b14   0x00006b14   0x00000080   Code   RO         3104    i.rt_pop_req        rt_system.o
    0x00006b94   0x00006b94   0x00000020   Code   RO         3105    i.rt_psh_req        rt_system.o
    0x00006bb4   0x00006bb4   0x0000005c   Code   RO         2814    i.rt_psq_enq        rt_list.o
    0x00006c10   0x00006c10   0x00000068   Code   RO         2815    i.rt_put_dly        rt_list.o
    0x00006c78   0x00006c78   0x00000042   Code   RO         2816    i.rt_put_prio       rt_list.o
    0x00006cba   0x00006cba   0x00000002   PAD
    0x00006cbc   0x00006cbc   0x00000014   Code   RO         2817    i.rt_put_rdy_first  rt_list.o
    0x00006cd0   0x00006cd0   0x0000008c   Code   RO         2818    i.rt_resort_prio    rt_list.o
    0x00006d5c   0x00006d5c   0x00000012   Code   RO         2128    i.rt_ret_val        hal_cm.o
    0x00006d6e   0x00006d6e   0x00000014   Code   RO         2129    i.rt_ret_val2       hal_cm.o
    0x00006d82   0x00006d82   0x0000002c   Code   RO         2819    i.rt_rmv_dly        rt_list.o
    0x00006dae   0x00006dae   0x00000002   PAD
    0x00006db0   0x00006db0   0x00000030   Code   RO         2820    i.rt_rmv_list       rt_list.o
    0x00006de0   0x00006de0   0x00000060   Code   RO         3058    i.rt_sem_delete     rt_semaphore.o
    0x00006e40   0x00006e40   0x0000000c   Code   RO         3059    i.rt_sem_init       rt_semaphore.o
    0x00006e4c   0x00006e4c   0x00000034   Code   RO         3060    i.rt_sem_psh        rt_semaphore.o
    0x00006e80   0x00006e80   0x0000002c   Code   RO         3107    i.rt_stk_check      rt_system.o
    0x00006eac   0x00006eac   0x00000024   Code   RO         3193    i.rt_switch_req     rt_task.o
    0x00006ed0   0x00006ed0   0x00000128   Code   RO         3194    i.rt_sys_init       rt_task.o
    0x00006ff8   0x00006ff8   0x00000080   Code   RO         3195    i.rt_sys_start      rt_task.o
    0x00007078   0x00007078   0x00000040   Code   RO         3109    i.rt_systick        rt_system.o
    0x000070b8   0x000070b8   0x000000e4   Code   RO         3196    i.rt_tsk_create     rt_task.o
    0x0000719c   0x0000719c   0x0000016c   Code   RO         3197    i.rt_tsk_delete     rt_task.o
    0x00007308   0x00007308   0x0000007c   Code   RO         3199    i.rt_tsk_prio       rt_task.o
    0x00007384   0x00007384   0x00000010   Code   RO         3200    i.rt_tsk_self       rt_task.o
    0x00007394   0x00007394   0x0000000c   Code   RO         6895    i.rtos_idle_loop    rtos_idle.o
    0x000073a0   0x000073a0   0x00000030   Code   RO         7488    i.serial_baud       mbed.ar(serial_api.o)
    0x000073d0   0x000073d0   0x00000038   Code   RO         7494    i.serial_getc       mbed.ar(serial_api.o)
    0x00007408   0x00007408   0x0000010c   Code   RO         7495    i.serial_init       mbed.ar(serial_api.o)
    0x00007514   0x00007514   0x00000018   Code   RO         7496    i.serial_irq_handler  mbed.ar(serial_api.o)
    0x0000752c   0x0000752c   0x00000040   Code   RO         7499    i.serial_putc       mbed.ar(serial_api.o)
    0x0000756c   0x0000756c   0x00000030   Code   RO         7500    i.serial_readable   mbed.ar(serial_api.o)
    0x0000759c   0x0000759c   0x00000028   Code   RO         3314    i.set_main_stack    rtx_conf_cm.o
    0x000075c4   0x000075c4   0x00000078   Code   RO         2233    i.svcKernelInitialize  rt_cmsis.o
    0x0000763c   0x0000763c   0x0000000c   Code   RO         2234    i.svcKernelRunning  rt_cmsis.o
    0x00007648   0x00007648   0x0000004c   Code   RO         2235    i.svcKernelStart    rt_cmsis.o
    0x00007694   0x00007694   0x00000044   Code   RO         2239    i.svcMessageGet     rt_cmsis.o
    0x000076d8   0x000076d8   0x00000026   Code   RO         2246    i.svcSemaphoreCreate  rt_cmsis.o
    0x000076fe   0x000076fe   0x0000001c   Code   RO         2247    i.svcSemaphoreDelete  rt_cmsis.o
    0x0000771a   0x0000771a   0x00000002   PAD
    0x0000771c   0x0000771c   0x0000007c   Code   RO         2253    i.svcThreadCreate   rt_cmsis.o
    0x00007798   0x00007798   0x0000001c   Code   RO         2254    i.svcThreadGetId    rt_cmsis.o
    0x000077b4   0x000077b4   0x00000038   Code   RO         2257    i.svcThreadTerminate  rt_cmsis.o
    0x000077ec   0x000077ec   0x0000001a   Code   RO         2259    i.svcTimerCall      rt_cmsis.o
    0x00007806   0x00007806   0x00000002   PAD
    0x00007808   0x00007808   0x000000b0   Code   RO         2268    i.sysTimerTick      rt_cmsis.o
    0x000078b8   0x000078b8   0x0000004e   Code   RO         8390    i.ticker_irq_handler  mbed.ar(ticker_api.o)
    0x00007906   0x00007906   0x00000002   PAD
    0x00007908   0x00007908   0x00000010   Code   RO         7538    i.us_ticker_clear_interrupt  mbed.ar(us_ticker.o)
    0x00007918   0x00007918   0x00000014   Code   RO         7539    i.us_ticker_disable_interrupt  mbed.ar(us_ticker.o)
    0x0000792c   0x0000792c   0x000000c0   Code   RO         7540    i.us_ticker_init    mbed.ar(us_ticker.o)
    0x000079ec   0x000079ec   0x0000000c   Code   RO         8308    i.us_ticker_irq_handler  mbed.ar(us_ticker_api.o)
    0x000079f8   0x000079f8   0x00000020   Code   RO         7541    i.us_ticker_read    mbed.ar(us_ticker.o)
    0x00007a18   0x00007a18   0x00000084   Code   RO         7542    i.us_ticker_set_interrupt  mbed.ar(us_ticker.o)
    0x00007a9c   0x00007a9c   0x0000001c   Code   RO         8013    i.wait_ms           mbed.ar(wait_api.o)
    0x00007ab8   0x00007ab8   0x00000018   Code   RO         8014    i.wait_us           mbed.ar(wait_api.o)
    0x00007ad0   0x00007ad0   0x0000002c   Code   RO         9219    locale$$code        c_w.l(lc_ctype_c.o)
    0x00007afc   0x00007afc   0x0000002c   Code   RO         9222    locale$$code        c_w.l(lc_numeric_c.o)
    0x00007b28   0x00007b28   0x00000004   Code   RO           40    t._ZN4mbed8CallbackIFvvEE12_staticthunkEPvS3_  main.o
    0x00007b2c   0x00007b2c   0x0000000a   Code   RO         9296    x$fpl$fpinit        fz_wm.l(fpinit.o)
    0x00007b36   0x00007b36   0x00000004   Code   RO         8796    x$fpl$printf1       fz_wm.l(printf1.o)
    0x00007b3a   0x00007b3a   0x00000004   Code   RO         9073    x$fpl$printf2       fz_wm.l(printf2.o)
    0x00007b3e   0x00007b3e   0x00000000   Code   RO         9083    x$fpl$usenofp       fz_wm.l(usenofp.o)
    0x00007b3e   0x00007b3e   0x00000002   Data   RO         3323    .constdata          rtx_conf_cm.o
    0x00007b40   0x00007b40   0x00000004   Data   RO         3324    .constdata          rtx_conf_cm.o
    0x00007b44   0x00007b44   0x00000004   Data   RO         3325    .constdata          rtx_conf_cm.o
    0x00007b48   0x00007b48   0x00000004   Data   RO         3329    .constdata          rtx_conf_cm.o
    0x00007b4c   0x00007b4c   0x00000001   Data   RO         3330    .constdata          rtx_conf_cm.o
    0x00007b4d   0x00007b4d   0x00000003   PAD
    0x00007b50   0x00007b50   0x00000010   Data   RO         3331    .constdata          rtx_conf_cm.o
    0x00007b60   0x00007b60   0x00000002   Data   RO         3332    .constdata          rtx_conf_cm.o
    0x00007b62   0x00007b62   0x00000002   PAD
    0x00007b64   0x00007b64   0x00000004   Data   RO         3333    .constdata          rtx_conf_cm.o
    0x00007b68   0x00007b68   0x00000001   Data   RO         3334    .constdata          rtx_conf_cm.o
    0x00007b69   0x00007b69   0x00000003   PAD
    0x00007b6c   0x00007b6c   0x00000014   Data   RO         3335    .constdata          rtx_conf_cm.o
    0x00007b80   0x00007b80   0x00000008   Data   RO         3336    .constdata          rtx_conf_cm.o
    0x00007b88   0x00007b88   0x00000002   Data   RO         3337    .constdata          rtx_conf_cm.o
    0x00007b8a   0x00007b8a   0x00000017   Data   RO         3831    .constdata          retarget.o
    0x00007ba1   0x00007ba1   0x00000003   PAD
    0x00007ba4   0x00007ba4   0x00000040   Data   RO         7292    .constdata          mbed.ar(fsl_clock_config.o)
    0x00007be4   0x00007be4   0x00000060   Data   RO         7375    .constdata          mbed.ar(fsl_clock.o)
    0x00007c44   0x00007c44   0x00000020   Data   RO         7509    .constdata          mbed.ar(serial_api.o)
    0x00007c64   0x00007c64   0x00000014   Data   RO         7561    .constdata          mbed.ar(gpio_api.o)
    0x00007c78   0x00007c78   0x00000090   Data   RO         8029    .constdata          mbed.ar(PeripheralPins.o)
    0x00007d08   0x00007d08   0x00000090   Data   RO         8030    .constdata          mbed.ar(PeripheralPins.o)
    0x00007d98   0x00007d98   0x00000008   Data   RO         8044    .constdata          mbed.ar(fsl_pit.o)
    0x00007da0   0x00007da0   0x00000038   Data   RO         8112    .constdata          mbed.ar(fsl_uart.o)
    0x00007dd8   0x00007dd8   0x00000030   Data   RO         8192    .constdata          mbed.ar(gpio_irq_api.o)
    0x00007e08   0x00007e08   0x00000028   Data   RO         8213    .constdata          mbed.ar(pinmap.o)
    0x00007e30   0x00007e30   0x00000014   Data   RO         8309    .constdata          mbed.ar(us_ticker_api.o)
    0x00007e44   0x00007e44   0x00000008   Data   RO         8310    .constdata          mbed.ar(us_ticker_api.o)
    0x00007e4c   0x00007e4c   0x00000028   Data   RO         8523    .constdata          c_w.l(_printf_hex_int_ll_ptr.o)
    0x00007e74   0x00007e74   0x00000011   Data   RO         8543    .constdata          c_w.l(__printf_flags_ss_wp.o)
    0x00007e85   0x00007e85   0x00000003   PAD
    0x00007e88   0x00007e88   0x00000008   Data   RO         8899    .constdata          c_w.l(_printf_wctomb.o)
    0x00007e90   0x00007e90   0x00000026   Data   RO         9143    .constdata          c_w.l(_printf_fp_hex.o)
    0x00007eb6   0x00007eb6   0x00000002   PAD
    0x00007eb8   0x00007eb8   0x00000094   Data   RO         9164    .constdata          c_w.l(bigflt0.o)
    0x00007f4c   0x00007f4c   0x00000034   Data   RO         3882    .constdata__ZTVN4mbed10FileHandleE  retarget.o
    0x00007f80   0x00007f80   0x00000018   Data   RO         7865    .constdata__ZTVN4mbed10SerialBaseE  mbed.ar(SerialBase.o)
    0x00007f98   0x00007f98   0x00000010   Data   RO         7711    .constdata__ZTVN4mbed11InterruptInE  mbed.ar(InterruptIn.o)
    0x00007fa8   0x00007fa8   0x0000006c   Data   RO         7791    .constdata__ZTVN4mbed6SerialE  mbed.ar(Serial.o)
    0x00008014   0x00008014   0x0000004c   Data   RO         7951    .constdata__ZTVN4mbed6StreamE  mbed.ar(Stream.o)
    0x00008060   0x00008060   0x00000010   Data   RO         8250    .constdata__ZTVN4mbed8FileBaseE  mbed.ar(FileBase.o)
    0x00008070   0x00008070   0x00000044   Data   RO         8275    .constdata__ZTVN4mbed8FileLikeE  mbed.ar(FileLike.o)
    0x000080b4   0x000080b4   0x0000007d   Data   RO         7376    .conststring        mbed.ar(fsl_clock.o)
    0x00008131   0x00008131   0x00000003   PAD
    0x00008134   0x00008134   0x0000007c   Data   RO         7456    .conststring        mbed.ar(fsl_enet.o)
    0x000081b0   0x000081b0   0x00000076   Data   RO         7510    .conststring        mbed.ar(serial_api.o)
    0x00008226   0x00008226   0x00000002   PAD
    0x00008228   0x00008228   0x0000006c   Data   RO         7562    .conststring        mbed.ar(gpio_api.o)
    0x00008294   0x00008294   0x0000007b   Data   RO         8045    .conststring        mbed.ar(fsl_pit.o)
    0x0000830f   0x0000830f   0x00000001   PAD
    0x00008310   0x00008310   0x0000007c   Data   RO         8113    .conststring        mbed.ar(fsl_uart.o)
    0x0000838c   0x0000838c   0x0000006a   Data   RO         8214    .conststring        mbed.ar(pinmap.o)
    0x000083f6   0x000083f6   0x00000002   PAD
    0x000083f8   0x000083f8   0x0000007c   Data   RO         8351    .conststring        mbed.ar(fsl_dspi.o)
    0x00008474   0x00008474   0x00000020   Data   RO         9417    Region$$Table       anon$$obj.o
    0x00008494   0x00008494   0x00000110   Data   RO         9218    locale$$data        c_w.l(lc_ctype_c.o)
    0x000085a4   0x000085a4   0x0000001c   Data   RO         9221    locale$$data        c_w.l(lc_numeric_c.o)
    0x000085c0   0x000085c0   0x00000004   Data   RO           13    .init_array         main.o
    0x000085c4   0x000085c0   0x00000004   Data   RO         1323    .init_array         ethernetinterface.o
    0x000085c8   0x000085c0   0x00000000   Data   RO         8639    .init_array         c_w.l(init_aeabi.o)


    Execution Region VECTOR_RAM (Exec base: 0x1fff0000, Load base: 0x00008694, Size: 0x00000400, Max: 0x00000400, ABSOLUTE)

    Exec Addr    Load Addr    Size         Type   Attr      Idx    E Section Name        Object

    0x1fff0000        -       0x00000400   Zero   RW            1    VECTOR_RAM.bss      anon$$obj.o


    Execution Region RW_m_data (Exec base: 0x1fff0400, Load base: 0x000085c8, Size: 0x00000000, Max: 0x0000fc00, ABSOLUTE)

    **** No section assigned to this execution region ****


    Execution Region RW_IRAM1 (Exec base: 0x20000000, Load base: 0x000085c8, Size: 0x00001b38, Max: 0x00030000, ABSOLUTE)

    Exec Addr    Load Addr    Size         Type   Attr      Idx    E Section Name        Object

    0x20000000   0x000085c8   0x00000004   Data   RW           12    .data               main.o
    0x20000004   0x000085cc   0x0000000e   Data   RW          380    .data               program.o
    0x20000012   0x000085da   0x00000002   PAD
    0x20000014   0x000085dc   0x00000008   Data   RW         2271    .data               rt_cmsis.o
    0x2000001c   0x000085e4   0x00000008   Data   RW         3019    .data               rt_oseventobserver.o
    0x20000024   0x000085ec   0x00000008   Data   RW         3038    .data               rt_robin.o
    0x2000002c   0x000085f4   0x00000008   Data   RW         3112    .data               rt_system.o
    0x20000034   0x000085fc   0x00000008   Data   RW         3202    .data               rt_task.o
    0x2000003c   0x00008604   0x00000004   Data   RW         3272    .data               rt_time.o
    0x20000040   0x00008608   0x00000004   Data   RW         3339    .data               rtx_conf_cm.o
    0x20000044   0x0000860c   0x00000018   Data   RW         3340    .data               rtx_conf_cm.o
    0x2000005c   0x00008624   0x00000004   Data   RW         3341    .data               rtx_conf_cm.o
    0x20000060   0x00008628   0x00000004   Data   RW         3342    .data               rtx_conf_cm.o
    0x20000064   0x0000862c   0x00000004   Data   RW         3343    .data               rtx_conf_cm.o
    0x20000068   0x00008630   0x00000004   Data   RW         3344    .data               rtx_conf_cm.o
    0x2000006c   0x00008634   0x00000004   Data   RW         3901    .data               system_MK64F12.o
    0x20000070   0x00008638   0x00000004   Data   RW         6896    .data               rtos_idle.o
    0x20000074   0x0000863c   0x00000010   Data   RW         7377    .data               mbed.ar(fsl_clock.o)
    0x20000084   0x0000864c   0x00000004   Data   RW         7457    .data               mbed.ar(fsl_enet.o)
    0x20000088   0x00008650   0x0000000c   Data   RW         7511    .data               mbed.ar(serial_api.o)
    0x20000094   0x0000865c   0x00000004   Data   RW         7543    .data               mbed.ar(us_ticker.o)
    0x20000098   0x00008660   0x00000008   Data   RW         7993    .data               mbed.ar(critical.o)
    0x200000a0   0x00008668   0x00000004   Data   RW         8114    .data               mbed.ar(fsl_uart.o)
    0x200000a4   0x0000866c   0x00000004   Data   RW         8193    .data               mbed.ar(gpio_irq_api.o)
    0x200000a8   0x00008670   0x00000004   Data   RW         8237    .data               mbed.ar(FileBase.o)
    0x200000ac   0x00008674   0x00000008   Data   RW         8311    .data               mbed.ar(us_ticker_api.o)
    0x200000b4   0x0000867c   0x00000008   Data   RW         8352    .data               mbed.ar(fsl_dspi.o)
    0x200000bc   0x00008684   0x00000004   Data   RW         8583    .data               c_w.l(stdio_streams.o)
    0x200000c0   0x00008688   0x00000004   Data   RW         8584    .data               c_w.l(stdio_streams.o)
    0x200000c4   0x0000868c   0x00000004   Data   RW         8585    .data               c_w.l(stdio_streams.o)
    0x200000c8   0x00008690   0x00000004   Data   RW         8956    .data               c_w.l(streamlock.o)
    0x200000cc        -       0x000000ec   Zero   RW           11    .bss                main.o
    0x200001b8        -       0x00000400   Zero   RW          379    .bss                program.o
    0x200005b8        -       0x000000bc   Zero   RW         1321    .bss                ethernetinterface.o
    0x20000674        -       0x00000030   Zero   RW         2821    .bss                rt_list.o
    0x200006a4        -       0x0000003c   Zero   RW         3201    .bss                rt_task.o
    0x200006e0        -       0x00000020   Zero   RW         3316    .bss                rtx_conf_cm.o
    0x20000700        -       0x00000390   Zero   RW         3317    .bss                rtx_conf_cm.o
    0x20000a90        -       0x00000210   Zero   RW         3318    .bss                rtx_conf_cm.o
    0x20000ca0        -       0x00000084   Zero   RW         3319    .bss                rtx_conf_cm.o
    0x20000d24        -       0x0000003c   Zero   RW         3320    .bss                rtx_conf_cm.o
    0x20000d60        -       0x00000320   Zero   RW         3321    .bss                rtx_conf_cm.o
    0x20001080        -       0x00000660   Zero   RW         3322    .bss                rtx_conf_cm.o
    0x200016e0        -       0x00000040   Zero   RW         3830    .bss                retarget.o
    0x20001720        -       0x00000018   Zero   RW         7508    .bss                mbed.ar(serial_api.o)
    0x20001738        -       0x00000018   Zero   RW         8111    .bss                mbed.ar(fsl_uart.o)
    0x20001750        -       0x00000280   Zero   RW         8191    .bss                mbed.ar(gpio_irq_api.o)
    0x200019d0        -       0x0000000c   Zero   RW         8349    .bss                mbed.ar(fsl_dspi.o)
    0x200019dc        -       0x00000060   Zero   RW         8406    .bss                c_w.l(libspace.o)
    0x20001a3c        -       0x00000054   Zero   RW         8580    .bss                c_w.l(stdio_streams.o)
    0x20001a90        -       0x00000054   Zero   RW         8581    .bss                c_w.l(stdio_streams.o)
    0x20001ae4        -       0x00000054   Zero   RW         8582    .bss                c_w.l(stdio_streams.o)


==============================================================================

Image component sizes


      Code (inc. data)   RO Data    RW Data    ZI Data      Debug   Object Name

       210         18          0          0          0        404   board.o
         4          0          0          0          0       1684   c12832.o
         4          0          0          0          0        116   cmsis_nvic.o
        76         22          4          0        188      21095   ethernetinterface.o
       294         10          0          0          0       9407   hal_cm.o
       408         34          0          0          0        940   hal_cm4.o
       332        136          4          4        236      30840   main.o
        16          0          0          0          0        240   mbed_overrides.o
         0          0          0          0          0       5506   mutex.o
       852        190          0         14       1024      11622   program.o
       888         90         75          0         64       1744   retarget.o
      1420        176          0          8          0      29041   rt_cmsis.o
        84          4          0          0          0        773   rt_event.o
       756         38          0          0         48      10719   rt_list.o
       508         10          0          0          0       3875   rt_mailbox.o
       144          0          0          0          0       2169   rt_membox.o
       352         14          0          0          0       2389   rt_mutex.o
         0          0          0          8          0       1853   rt_oseventobserver.o
        96         22          0          8          0       1366   rt_robin.o
       160         14          0          0          0       2003   rt_semaphore.o
       310         50          0          8          0       7111   rt_system.o
      1400        182          0          8         60      10937   rt_task.o
         0          0          0          4          0        234   rt_time.o
        14          4          0          4          0       1549   rtos_idle.o
       368        140         68         44       4096      11915   rtx_conf_cm.o
        42          0          0          0          0       1728   semaphore.o
       448        214       1040          0          0       1060   startup_MK64F12.o
         4          4          0          0          0        260   svc_table.o
        16          6          0          0          0        116   sys.o
        40          8          0          4          0        116   system_MK64F12.o

    ----------------------------------------------------------------------
      9268       1386       1234        116       6740     172812   Object Totals
         0          0         32          0       1024          0   (incl. Generated)
        22          0         11          2          0          0   (incl. Padding)

    ----------------------------------------------------------------------

      Code (inc. data)   RO Data    RW Data    ZI Data      Debug   Library Member Name

        60          8          0          0          0         84   __0sscanf.o
        44          6          0          0          0         84   __2sprintf.o
         8          0          0          0          0         68   __main.o
       392          4         17          0          0         92   __printf_flags_ss_wp.o
        14          0          0          0          0         68   __printf_wp.o
        52          8          0          0          0          0   __scatter.o
        26          0          0          0          0          0   __scatter_copy.o
        28          0          0          0          0          0   __scatter_zi.o
        28          0          0          0          0         68   _chval.o
         6          0          0          0          0          0   _printf_a.o
         6          0          0          0          0          0   _printf_c.o
        44          0          0          0          0        108   _printf_char.o
        48          6          0          0          0         96   _printf_char_common.o
        64          6          0          0          0         84   _printf_char_file_locked.o
        40          0          0          0          0         68   _printf_charcount.o
         6          0          0          0          0          0   _printf_d.o
       120         16          0          0          0         92   _printf_dec.o
         6          0          0          0          0          0   _printf_e.o
         6          0          0          0          0          0   _printf_f.o
      1054          0          0          0          0        216   _printf_fp_dec.o
       764          8         38          0          0        100   _printf_fp_hex.o
       128         16          0          0          0         84   _printf_fp_infnan.o
         6          0          0          0          0          0   _printf_g.o
       148          4         40          0          0        160   _printf_hex_int_ll_ptr.o
         6          0          0          0          0          0   _printf_i.o
       178          0          0          0          0         88   _printf_intcommon.o
        10          0          0          0          0          0   _printf_l.o
         6          0          0          0          0          0   _printf_lc.o
        10          0          0          0          0          0   _printf_ll.o
         6          0          0          0          0          0   _printf_lld.o
         6          0          0          0          0          0   _printf_lli.o
         6          0          0          0          0          0   _printf_llo.o
         6          0          0          0          0          0   _printf_llu.o
         6          0          0          0          0          0   _printf_llx.o
       124         16          0          0          0         92   _printf_longlong_dec.o
         6          0          0          0          0          0   _printf_ls.o
         6          0          0          0          0          0   _printf_n.o
         6          0          0          0          0          0   _printf_o.o
       112         10          0          0          0        124   _printf_oct_int_ll.o
         6          0          0          0          0          0   _printf_p.o
        78          0          0          0          0        108   _printf_pad.o
         0          0          0          0          0          0   _printf_percent.o
         4          0          0          0          0          0   _printf_percent_end.o
         6          0          0          0          0          0   _printf_s.o
        82          0          0          0          0         80   _printf_str.o
        36          0          0          0          0         84   _printf_truncate.o
         6          0          0          0          0          0   _printf_u.o
        44          0          0          0          0        108   _printf_wchar.o
       188          6          8          0          0         92   _printf_wctomb.o
         6          0          0          0          0          0   _printf_x.o
       884          6          0          0          0        100   _scanf.o
       332          0          0          0          0         96   _scanf_int.o
        64          0          0          0          0         84   _sgetc.o
        10          0          0          0          0         68   _sputc.o
        64          0          0          0          0         92   _wcrtomb.o
        22          0          0          0          0         80   abort.o
        46          0          0          0          0         84   aeabi_atexit.o
       128         42          0          0          0         76   assert.o
        24          6          0          0          0         80   assert_stdio.o
       228          4        148          0          0         96   bigflt0.o
      1936        128          0          0          0        672   btod.o
        10          0          0          0          0         68   c89vfprintf.o
        66          0          0          0          0         84   cxa_finalize.o
        48         34          0          0          0         76   defsig_abrt_inner.o
        14          0          0          0          0         80   defsig_abrt_outer.o
        10          0          0          0          0         68   defsig_exit.o
        50          0          0          0          0         88   defsig_general.o
        48         34          0          0          0         76   defsig_pvfn_inner.o
        14          0          0          0          0         80   defsig_pvfn_outer.o
        80         58          0          0          0         76   defsig_rtmem_inner.o
        14          0          0          0          0         80   defsig_rtmem_outer.o
        52         38          0          0          0         76   defsig_rtred_inner.o
        14          0          0          0          0         80   defsig_rtred_outer.o
        76          0          0          0          0         88   fclose.o
        52          6          0          0          0         80   fclose_locked.o
       144         10          0          0          0        128   fflush_locked.o
        24          0          0          0          0         68   fgetc.o
        32          0          0          0          0         80   fgetc_locked.o
       570          0          0          0          0        132   filbuf.o
       470          0          0          0          0         88   flsbuf.o
        92          8          0          0          0         88   flushlinebuffered_locked.o
       324          8          0          0          0        152   fopen_locked.o
        26          0          0          0          0         68   fputc.o
        36          0          0          0          0         80   fputc_locked.o
        54          0          0          0          0         80   fputs_locked.o
       248          6          0          0          0         84   fseek.o
        66          0          0          0          0         76   ftell.o
       158          0          0          0          0        128   h1_alloc_mt.o
        62          0          0          0          0         80   h1_extend_mt.o
       118          0          0          0          0        108   h1_free_mt.o
        18          0          0          0          0         84   h1_init_mt.o
         6          0          0          0          0        152   heapauxi.o
         4          0          0          0          0        136   hguard.o
         0          0          0          0          0          0   indicate_semi.o
        36         10          0          0          0         80   init_aeabi.o
       138          0          0          0          0        168   init_alloc.o
       456         48          0          0          0        116   initio_locked.o
        18          0          0          0          0         76   isspace.o
        44         10        272          0          0         76   lc_ctype_c.o
        44         10         28          0          0         76   lc_numeric_c.o
         2          0          0          0          0          0   libinit.o
        50          0          0          0          0          0   libinit2.o
         0          0          0          0          0          0   libshutdown2.o
         8          4          0          0         96         68   libspace.o
       138          0          0          0          0         80   lludiv10.o
         0          0          0          0          0          0   maybetermalloc1.o
        16          4          0          0          0         76   rt_ctype_table.o
        10          0          0          0          0         76   rt_ddtor_pointer_addr_twolibspace.o
         4          0          0          0          0         68   rt_errno_addr_twolibspace.o
        10          0          0          0          0         76   rt_heap_descriptor_twolibspace.o
        10          0          0          0          0         76   rt_locale_twolibspace.o
        68          0          0          0          0         68   rt_memclr.o
        78          0          0          0          0         80   rt_memclr_w.o
       138          0          0          0          0         68   rt_memcpy_v6.o
       100          0          0          0          0         80   rt_memcpy_w.o
        44          8          0          0          0         84   scanf_char.o
        20          0          0          0          0         68   setbuf.o
       104          0          0          0          0         88   setvbuf_locked.o
       240          6          0          0          0        156   stdio.o
         0          0          0         12        252          0   stdio_streams.o
       128          0          0          0          0         68   strcmpv7m.o
         0          0          0          4          0          0   streamlock.o
        62          0          0          0          0         76   strlen.o
       150          0          0          0          0         80   strncmp.o
        36          0          0          0          0         80   strstr.o
        12          4          0          0          0         68   sys_exit.o
        14          0          0          0          0         76   sys_wrch.o
         2          0          0          0          0         68   use_no_semi.o
        36          4          0          0          0         76   vsprintf.o
        36          0          0          0          0         84   aeabi_vec_ctor_nocookie_nodtor.o
         6          0          0          0          0         68   pure_virt.o
        10          0          0          0          0        116   fpinit.o
         4          0          0          0          0        116   printf1.o
         4          0          0          0          0        116   printf2.o
         0          0          0          0          0          0   usenofp.o
        48          0          0          0          0        124   fpclassify.o
       152         24         16          4          0        476   FileBase.o
        54         10         68          0          0        252   FileLike.o
       154          0          0          0          0        728   FilePath.o
       202         12         16          0          0        504   InterruptIn.o
         0          0        288          0          0          0   PeripheralPins.o
        88         10        108          0          0        944   Serial.o
       196         14         24          0          0       1096   SerialBase.o
       404         16         76          0          0       1508   Stream.o
        84         52          0          0          0        136   assert.o
       348        218          0          8          0        252   critical.o
        18          0          0          0          0        128   error.o
      1768        296        221         16          0       1624   fsl_clock.o
        88         24         64          0          0        124   fsl_clock_config.o
        96         18          0          0          0        144   fsl_common.o
       240        102        124          8         12        408   fsl_dspi.o
       650         92        124          4          0        668   fsl_enet.o
       152         66        131          0          0        124   fsl_pit.o
       958        304        180          4         24       1440   fsl_uart.o
        94          0          0          0          0        276   gpio.o
       290         98        128          0          0        612   gpio_api.o
       544        108         48          4        640       1104   gpio_irq_api.o
       240         68        146          0          0        260   pinmap.o
       240         78          0          0          0        384   pinmap_common.o
       508         90        150         12         24        784   serial_api.o
        78          0          0          0          0        136   ticker_api.o
       392         74          0          4          0        608   us_ticker.o
        12          6         28          8          0        116   us_ticker_api.o
        52          0          0          0          0        256   wait_api.o

    ----------------------------------------------------------------------
     21242       2390       2504         88       1048      24800   Library Totals
        30          0         13          0          0          0   (incl. Padding)

    ----------------------------------------------------------------------

      Code (inc. data)   RO Data    RW Data    ZI Data      Debug   Library Name

     13002        610        551         16        348       9084   c_w.l
        42          0          0          0          0        152   cpprt_w.l
        18          0          0          0          0        348   fz_wm.l
        48          0          0          0          0        124   m_wm.l
      8102       1780       1940         72        700      15092   mbed.ar

    ----------------------------------------------------------------------
     21242       2390       2504         88       1048      24800   Library Totals

    ----------------------------------------------------------------------

==============================================================================


      Code (inc. data)   RO Data    RW Data    ZI Data      Debug   

     30510       3776       3738        204       7788     169908   Grand Totals
     30510       3776       3738        204       7788     169908   ELF Image Totals
     30510       3776       3738        204          0          0   ROM Totals

==============================================================================

    Total RO  Size (Code + RO Data)                34248 (  33.45kB)
    Total RW  Size (RW Data + ZI Data)              7992 (   7.80kB)
    Total ROM Size (Code + RO Data + RW Data)      34452 (  33.64kB)

==============================================================================

