Component: ARM Compiler 5.06 update 4 (build 422) Tool: armlink [4d35d2]

==============================================================================

Section Cross References

    main.o(i._Z11sw2_releasev) refers to gpio_api.o(i.gpio_read) for gpio_read
    main.o(i._Z11sw2_releasev) refers to gpio_api.o(i.gpio_write) for gpio_write
    main.o(i._Z11sw2_releasev) refers to main.o(.data) for .data
    main.o(i._Z13SDFileSysTestv) refers to Stream.o(i._ZN4mbed6Stream6printfEPKcz) for mbed::Stream::printf(const char*, ...)
    main.o(i._Z13SDFileSysTestv) refers to wait_api.o(i.wait) for wait
    main.o(i._Z13SDFileSysTestv) refers to fopen_locked.o(.text) for fopen
    main.o(i._Z13SDFileSysTestv) refers to fseek_locked.o(.text) for fseek
    main.o(i._Z13SDFileSysTestv) refers to ftell_locked.o(.text) for ftell
    main.o(i._Z13SDFileSysTestv) refers to rewind.o(.text) for rewind
    main.o(i._Z13SDFileSysTestv) refers to freadfast_locked.o(.text) for fread
    main.o(i._Z13SDFileSysTestv) refers to program.o(i._Z14ISP_WriteToRAMjjPc) for ISP_WriteToRAM(unsigned, unsigned, char*)
    main.o(i._Z13SDFileSysTestv) refers to main.o(.bss) for .bss
    main.o(i._Z13SDFileSysTestv) refers to main.o(.data) for .data
    main.o(i._Z7do_listPKc) refers to _printf_percent.o(.ARM.Collect$$_printf_percent$$00000000) for _printf_percent
    main.o(i._Z7do_listPKc) refers to _printf_s.o(.ARM.Collect$$_printf_percent$$00000014) for _printf_s
    main.o(i._Z7do_listPKc) refers to _printf_str.o(.text) for _printf_str
    main.o(i._Z7do_listPKc) refers to retarget.o(i.opendir) for opendir
    main.o(i._Z7do_listPKc) refers to retarget.o(i.readdir) for readdir
    main.o(i._Z7do_listPKc) refers to __2printf.o(.text) for __2printf
    main.o(i._Z7do_listPKc) refers to retarget.o(i.closedir) for closedir
    main.o(i._Z9do_removePKc) refers to retarget.o(i.opendir) for opendir
    main.o(i._Z9do_removePKc) refers to retarget.o(i.readdir) for readdir
    main.o(i._Z9do_removePKc) refers to strcpy.o(.text) for strcpy
    main.o(i._Z9do_removePKc) refers to strcat.o(.text) for strcat
    main.o(i._Z9do_removePKc) refers to retarget.o(i.remove) for remove
    main.o(i._Z9do_removePKc) refers to retarget.o(i.closedir) for closedir
    main.o(i._Z9file_copyPKcS0_) refers to fopen_locked.o(.text) for fopen
    main.o(i._Z9file_copyPKcS0_) refers to fgetc_locked.o(.text) for fgetc
    main.o(i._Z9file_copyPKcS0_) refers to fputc_locked.o(.text) for fputc
    main.o(i._Z9file_copyPKcS0_) refers to fclose_locked.o(.text) for fclose
    main.o(i.__sti___8_main_cpp_pc) refers to Serial.o(i._ZN4mbed6SerialC1E7PinNameS1_PKc) for mbed::Serial::Serial(PinName, PinName, const char*)
    main.o(i.__sti___8_main_cpp_pc) refers to aeabi_atexit.o(.text) for __aeabi_atexit
    main.o(i.__sti___8_main_cpp_pc) refers to gpio.o(i.gpio_init_out) for gpio_init_out
    main.o(i.__sti___8_main_cpp_pc) refers to InterruptIn.o(i._ZN4mbed11InterruptInC1E7PinName) for mbed::InterruptIn::InterruptIn(PinName)
    main.o(i.__sti___8_main_cpp_pc) refers to sdfilesystem.o(i._ZN12SDFileSystemC1E7PinNameS0_S0_S0_PKc) for SDFileSystem::SDFileSystem(PinName, PinName, PinName, PinName, const char*)
    main.o(i.__sti___8_main_cpp_pc) refers to main.o(.bss) for .bss
    main.o(i.__sti___8_main_cpp_pc) refers to Serial.o(i._ZN4mbed6SerialD1Ev) for mbed::Serial::~Serial()
    main.o(i.__sti___8_main_cpp_pc) refers to main.o(.data) for .data
    main.o(i.__sti___8_main_cpp_pc) refers to InterruptIn.o(i._ZN4mbed11InterruptInD1Ev) for mbed::InterruptIn::~InterruptIn()
    main.o(i.__sti___8_main_cpp_pc) refers to main.o(i._ZN12SDFileSystemD1Ev) for SDFileSystem::~SDFileSystem()
    main.o(i.main) refers to SerialBase.o(i._ZN4mbed10SerialBase4baudEi) for mbed::SerialBase::baud(int)
    main.o(i.main) refers to InterruptIn.o(i._ZN4mbed11InterruptIn4riseENS_8CallbackIFvvEEE) for mbed::InterruptIn::rise(mbed::Callback<void()>)
    main.o(i.main) refers to Stream.o(i._ZN4mbed6Stream6printfEPKcz) for mbed::Stream::printf(const char*, ...)
    main.o(i.main) refers to program.o(i._Z16ISP_syncBaudRatev) for ISP_syncBaudRate()
    main.o(i.main) refers to program.o(i._Z13ISP_getPartIDPc) for ISP_getPartID(char*)
    main.o(i.main) refers to program.o(i._Z10ISP_unlockv) for ISP_unlock()
    main.o(i.main) refers to program.o(i._Z19ISP_sectorOperationiii) for ISP_sectorOperation(int, int, int)
    main.o(i.main) refers to main.o(.bss) for .bss
    main.o(i.main) refers to main.o(i._Z11sw2_releasev) for sw2_release()
    main.o(i.main) refers to main.o(t._ZN4mbed8CallbackIFvvEE12_staticthunkEPvS3_) for mbed::Callback<void()>::_staticthunk(void*, void*)
    main.o(.ARM.exidx) refers to main.o(i._Z11sw2_releasev) for i._Z11sw2_releasev
    main.o(.ARM.exidx) refers to main.o(i._Z9file_copyPKcS0_) for i._Z9file_copyPKcS0_
    main.o(.ARM.exidx) refers to main.o(i._Z7do_listPKc) for i._Z7do_listPKc
    main.o(.ARM.exidx) refers to main.o(i._Z9do_removePKc) for i._Z9do_removePKc
[...]
    os_rrobin                                0x0000be2c   Data           4  rtx_conf_cm.o(.constdata)
    os_trv                                   0x0000be30   Data           4  rtx_conf_cm.o(.constdata)
    os_flags                                 0x0000be34   Data           1  rtx_conf_cm.o(.constdata)
    CMSIS_RTOS_API_Version                   0x0000be38   Data           4  rtx_conf_cm.o(.constdata)
    CMSIS_RTOS_RTX_Version                   0x0000be3c   Data           4  rtx_conf_cm.o(.constdata)
    os_clockrate                             0x0000be40   Data           4  rtx_conf_cm.o(.constdata)
    os_timernum                              0x0000be44   Data           4  rtx_conf_cm.o(.constdata)
    mp_tcb_size                              0x0000be48   Data           2  rtx_conf_cm.o(.constdata)
    mp_stk_size                              0x0000be4c   Data           4  rtx_conf_cm.o(.constdata)
    os_fifo_size                             0x0000be50   Data           1  rtx_conf_cm.o(.constdata)
    os_thread_def_osTimerThread              0x0000be54   Data          20  rtx_conf_cm.o(.constdata)
    os_messageQ_def_osTimerMessageQ          0x0000be68   Data           8  rtx_conf_cm.o(.constdata)
    mp_tmr_size                              0x0000be70   Data           2  rtx_conf_cm.o(.constdata)
    __stdin_name                             0x0000be72   Data           7  retarget.o(.constdata)
    __stdout_name                            0x0000be79   Data           8  retarget.o(.constdata)
    __stderr_name                            0x0000be81   Data           8  retarget.o(.constdata)
    g_defaultClockConfigVlpr                 0x0000be8c   Data          32  fsl_clock_config.o(.constdata)
    g_defaultClockConfigRun                  0x0000beac   Data          32  fsl_clock_config.o(.constdata)
    PinMap_UART_TX                           0x0000bf60   Data         144  PeripheralPins.o(.constdata)
    PinMap_UART_RX                           0x0000bff0   Data         144  PeripheralPins.o(.constdata)
    PinMap_SPI_SCLK                          0x0000c080   Data          96  PeripheralPins.o(.constdata)
    PinMap_SPI_MOSI                          0x0000c0e0   Data         108  PeripheralPins.o(.constdata)
    PinMap_SPI_MISO                          0x0000c14c   Data         108  PeripheralPins.o(.constdata)
    PinMap_SPI_SSEL                          0x0000c1b8   Data          96  PeripheralPins.o(.constdata)
    _monlen                                  0x0000c498   Data          12  _monlen.o(.constdata)
    vtable for SDFileSystem                  0x0000c4a4   Data          80  sdfilesystem.o(.constdata__ZTV12SDFileSystem)
    vtable for FATFileHandle                 0x0000c4f4   Data          60  fatfilehandle.o(.constdata__ZTV13FATFileHandle)
    vtable for FATFileSystem                 0x0000c530   Data          80  fatfilesystem.o(.constdata__ZTV13FATFileSystem)
    vtable for mbed::FileHandle              0x0000c580   Data          52  retarget.o(.constdata__ZTVN4mbed10FileHandleE)
    vtable for mbed::SerialBase              0x0000c5b4   Data          24  SerialBase.o(.constdata__ZTVN4mbed10SerialBaseE)
    vtable for mbed::InterruptIn             0x0000c5cc   Data          16  InterruptIn.o(.constdata__ZTVN4mbed11InterruptInE)
    vtable for mbed::FileSystemLike          0x0000c5dc   Data          36  FileSystemLike.o(.constdata__ZTVN4mbed14FileSystemLikeE)
    vtable for mbed::SPI                     0x0000c600   Data          28  SPI.o(.constdata__ZTVN4mbed3SPIE)
    vtable for mbed::Serial                  0x0000c61c   Data         108  Serial.o(.constdata__ZTVN4mbed6SerialE)
    vtable for mbed::Stream                  0x0000c688   Data          76  Stream.o(.constdata__ZTVN4mbed6StreamE)
    vtable for mbed::FileBase                0x0000c6d4   Data          16  FileBase.o(.constdata__ZTVN4mbed8FileBaseE)
    vtable for mbed::FileLike                0x0000c6e4   Data          68  FileLike.o(.constdata__ZTVN4mbed8FileLikeE)
    Region$$Table$$Base                      0x0000cbd8   Number         0  anon$$obj.o(Region$$Table)
    Region$$Table$$Limit                     0x0000cbf8   Number         0  anon$$obj.o(Region$$Table)
    __ctype                                  0x0000cc05   Data           0  lc_ctype_c.o(locale$$data)
    SHT$$INIT_ARRAY$$Base                    0x0000cd24   Number         0  main.o(.init_array)
    SHT$$INIT_ARRAY$$Limit                   0x0000cd2c   Number         0  init_aeabi.o(.init_array)
    Image$$VECTOR_RAM$$Base                  0x1fff0000   Number         0  anon$$obj.o ABSOLUTE
    Image$$RW_m_data$$Base                   0x1fff0400   Number         0  anon$$obj.o ABSOLUTE
    led                                      0x20000000   Data           4  main.o(.data)
    fp                                       0x20000004   Data           4  main.o(.data)
    isp_cmd_list                             0x20000008   Data          14  program.o(.data)
    FATFileSystem::_ffs                      0x20000018   Data           4  fatfilesystem.o(.data)
    os_initialized                           0x20000024   Data           1  rt_cmsis.o(.data)
    os_running                               0x20000025   Data           1  rt_cmsis.o(.data)
    os_timer_head                            0x20000028   Data           4  rt_cmsis.o(.data)
    osEventObs                               0x20000030   Data           4  rt_oseventobserver.o(.data)
    os_robin                                 0x20000034   Data           8  rt_robin.o(.data)
    os_tick_irqn                             0x20000040   Data           4  rt_system.o(.data)
    os_tsk                                   0x20000044   Data           8  rt_task.o(.data)
    os_time                                  0x2000004c   Data           4  rt_time.o(.data)
    m_tmr                                    0x20000050   Data           4  rtx_conf_cm.o(.data)
    os_thread_def_main                       0x20000058   Data          20  rtx_conf_cm.o(.data)
    osThreadId_osTimerThread                 0x2000006c   Data           4  rtx_conf_cm.o(.data)
    osMessageQId_osTimerMessageQ             0x20000070   Data           4  rtx_conf_cm.o(.data)
    armcc_heap_base                          0x20000074   Data           4  rtx_conf_cm.o(.data)
    armcc_heap_top                           0x20000078   Data           4  rtx_conf_cm.o(.data)
    SystemCoreClock                          0x2000007c   Data           4  system_MK64F12.o(.data)
    g_xtal0Freq                              0x2000008c   Data           4  fsl_clock.o(.data)
    g_xtal32Freq                             0x20000090   Data           4  fsl_clock.o(.data)
    stdio_uart_inited                        0x20000098   Data           4  serial_api.o(.data)
    stdio_uart                               0x200000a0   Data           4  serial_api.o(.data)
    mbed::FileBase::_head                    0x200000a8   Data           4  FileBase.o(.data)
    mbed::SPI::_owner                        0x200000ac   Data           4  SPI.o(.data)
    __aeabi_stdin                            0x200000e0   Data           4  stdio_streams.o(.data)
    __aeabi_stdout                           0x200000e4   Data           4  stdio_streams.o(.data)
    __aeabi_stderr                           0x200000e8   Data           4  stdio_streams.o(.data)
    _stream_list_lock                        0x200000ec   Data           4  streamlock.o(.data)
    pc                                       0x200000f0   Data          92  main.o(.bss)
    isp                                      0x2000014c   Data          92  main.o(.bss)
    sw2                                      0x200001a8   Data          52  main.o(.bss)
    sd                                       0x200001dc   Data         648  main.o(.bss)
    ispRecvBuf                               0x20000464   Data        1024  program.o(.bss)
    os_rdy                                   0x20000b20   Data          24  rt_list.o(.bss)
    os_dly                                   0x20000b38   Data          24  rt_list.o(.bss)
    os_idle_TCB                              0x20000b50   Data          60  rt_task.o(.bss)
    os_messageQ_q_osTimerMessageQ            0x20000b8c   Data          32  rtx_conf_cm.o(.bss)
    mp_tcb                                   0x20000bac   Data         912  rtx_conf_cm.o(.bss)
    mp_stk                                   0x20000f40   Data         528  rtx_conf_cm.o(.bss)
    os_fifo                                  0x20001150   Data         132  rtx_conf_cm.o(.bss)
    os_active_TCB                            0x200011d4   Data          60  rtx_conf_cm.o(.bss)
    os_thread_def_stack_osTimerThread        0x20001210   Data         800  rtx_conf_cm.o(.bss)
    __libspace_start                         0x20001e8c   Data          96  libspace.o(.bss)
    __stdin                                  0x20001eec   Data          84  stdio_streams.o(.bss)
    __temporary_stack_top$libspace           0x20001eec   Data           0  libspace.o(.bss)
    __stdout                                 0x20001f40   Data          84  stdio_streams.o(.bss)
    __stderr                                 0x20001f94   Data          84  stdio_streams.o(.bss)
    Image$$RW_IRAM1$$ZI$$Limit               0x20002014   Number         0  anon$$obj.o ABSOLUTE



==============================================================================

Memory Map of the image

  Image Entry point : 0x00000411

  Load Region LR_m_text (Base: 0x00000000, Size: 0x0000ce1c, Max: 0x00080000, ABSOLUTE)

    Execution Region VECTOR_ROM (Base: 0x00000000, Size: 0x00000400, Max: 0x00000400, ABSOLUTE)

    Base Addr    Size         Type   Attr      Idx    E Section Name        Object

    0x00000000   0x00000400   Data   RO         4979    RESET               startup_MK64F12.o


    Execution Region ER_m_flash_config (Base: 0x00000400, Size: 0x00000010, Max: 0x00000010, ABSOLUTE)

    Base Addr    Size         Type   Attr      Idx    E Section Name        Object

    0x00000400   0x00000010   Data   RO         4980    FlashConfig         startup_MK64F12.o


    Execution Region ER_m_text (Base: 0x00000410, Size: 0x0000c91c, Max: 0x0007fbf0, ABSOLUTE)

    Base Addr    Size         Type   Attr      Idx    E Section Name        Object

    0x00000410   0x00000008   Code   RO         9797  * !!!main             c_w.l(__main.o)
    0x00000418   0x00000034   Code   RO        10578    !!!scatter          c_w.l(__scatter.o)
    0x0000044c   0x0000001a   Code   RO        10580    !!handler_copy      c_w.l(__scatter_copy.o)
    0x00000466   0x00000002   PAD
    0x00000468   0x0000001c   Code   RO        10582    !!handler_zi        c_w.l(__scatter_zi.o)
    0x00000484   0x00000000   Code   RO         9693    .ARM.Collect$$_printf_percent$$00000000  c_w.l(_printf_percent.o)
    0x00000484   0x00000006   Code   RO        10070    .ARM.Collect$$_printf_percent$$00000001  c_w.l(_printf_n.o)
    0x0000048a   0x00000006   Code   RO         9689    .ARM.Collect$$_printf_percent$$00000002  c_w.l(_printf_p.o)
    0x00000490   0x00000006   Code   RO         9691    .ARM.Collect$$_printf_percent$$00000003  c_w.l(_printf_f.o)
    0x00000496   0x00000006   Code   RO         9692    .ARM.Collect$$_printf_percent$$00000004  c_w.l(_printf_e.o)
    0x0000049c   0x00000006   Code   RO        10074    .ARM.Collect$$_printf_percent$$00000005  c_w.l(_printf_g.o)
    0x000004a2   0x00000006   Code   RO        10075    .ARM.Collect$$_printf_percent$$00000006  c_w.l(_printf_a.o)
    0x000004a8   0x0000000a   Code   RO        10080    .ARM.Collect$$_printf_percent$$00000007  c_w.l(_printf_ll.o)
    0x000004b2   0x00000006   Code   RO        10072    .ARM.Collect$$_printf_percent$$00000008  c_w.l(_printf_i.o)
    0x000004b8   0x00000006   Code   RO         9690    .ARM.Collect$$_printf_percent$$00000009  c_w.l(_printf_d.o)
    0x000004be   0x00000006   Code   RO        10073    .ARM.Collect$$_printf_percent$$0000000A  c_w.l(_printf_u.o)
    0x000004c4   0x00000006   Code   RO        10071    .ARM.Collect$$_printf_percent$$0000000B  c_w.l(_printf_o.o)
    0x000004ca   0x00000006   Code   RO         9688    .ARM.Collect$$_printf_percent$$0000000C  c_w.l(_printf_x.o)
    0x000004d0   0x00000006   Code   RO        10077    .ARM.Collect$$_printf_percent$$0000000D  c_w.l(_printf_lli.o)
    0x000004d6   0x00000006   Code   RO        10078    .ARM.Collect$$_printf_percent$$0000000E  c_w.l(_printf_lld.o)
    0x000004dc   0x00000006   Code   RO        10079    .ARM.Collect$$_printf_percent$$0000000F  c_w.l(_printf_llu.o)
    0x000004e2   0x00000006   Code   RO        10084    .ARM.Collect$$_printf_percent$$00000010  c_w.l(_printf_llo.o)
    0x000004e8   0x00000006   Code   RO        10085    .ARM.Collect$$_printf_percent$$00000011  c_w.l(_printf_llx.o)
    0x000004ee   0x0000000a   Code   RO        10081    .ARM.Collect$$_printf_percent$$00000012  c_w.l(_printf_l.o)
    0x000004f8   0x00000006   Code   RO         9686    .ARM.Collect$$_printf_percent$$00000013  c_w.l(_printf_c.o)
    0x000004fe   0x00000006   Code   RO         9687    .ARM.Collect$$_printf_percent$$00000014  c_w.l(_printf_s.o)
    0x00000504   0x00000006   Code   RO        10082    .ARM.Collect$$_printf_percent$$00000015  c_w.l(_printf_lc.o)
    0x0000050a   0x00000006   Code   RO        10083    .ARM.Collect$$_printf_percent$$00000016  c_w.l(_printf_ls.o)
    0x00000510   0x00000004   Code   RO        10076    .ARM.Collect$$_printf_percent$$00000017  c_w.l(_printf_percent_end.o)
    0x00000514   0x00000002   Code   RO         9796    .ARM.Collect$$libinit$$00000000  c_w.l(libinit.o)
    0x00000516   0x00000004   Code   RO        10140    .ARM.Collect$$libinit$$00000001  c_w.l(libinit2.o)
    0x0000051a   0x00000000   Code   RO        10143    .ARM.Collect$$libinit$$00000004  c_w.l(libinit2.o)
    0x0000051a   0x00000008   Code   RO        10144    .ARM.Collect$$libinit$$00000005  c_w.l(libinit2.o)
    0x00000522   0x00000000   Code   RO        10146    .ARM.Collect$$libinit$$0000000A  c_w.l(libinit2.o)
    0x00000522   0x00000000   Code   RO        10148    .ARM.Collect$$libinit$$0000000C  c_w.l(libinit2.o)
    0x00000522   0x00000000   Code   RO        10150    .ARM.Collect$$libinit$$0000000E  c_w.l(libinit2.o)
    0x00000522   0x00000006   Code   RO        10151    .ARM.Collect$$libinit$$0000000F  c_w.l(libinit2.o)
    0x00000528   0x00000000   Code   RO        10153    .ARM.Collect$$libinit$$00000011  c_w.l(libinit2.o)
    0x00000528   0x0000000c   Code   RO        10154    .ARM.Collect$$libinit$$00000012  c_w.l(libinit2.o)
    0x00000534   0x00000000   Code   RO        10155    .ARM.Collect$$libinit$$00000013  c_w.l(libinit2.o)
    0x00000534   0x00000000   Code   RO        10157    .ARM.Collect$$libinit$$00000015  c_w.l(libinit2.o)
    0x00000534   0x0000000a   Code   RO        10158    .ARM.Collect$$libinit$$00000016  c_w.l(libinit2.o)
    0x0000053e   0x00000000   Code   RO        10159    .ARM.Collect$$libinit$$00000017  c_w.l(libinit2.o)
    0x0000053e   0x00000000   Code   RO        10161    .ARM.Collect$$libinit$$00000019  c_w.l(libinit2.o)
    0x0000053e   0x00000000   Code   RO        10163    .ARM.Collect$$libinit$$0000001B  c_w.l(libinit2.o)
    0x0000053e   0x00000000   Code   RO        10165    .ARM.Collect$$libinit$$0000001D  c_w.l(libinit2.o)
    0x0000053e   0x00000000   Code   RO        10167    .ARM.Collect$$libinit$$0000001F  c_w.l(libinit2.o)
    0x0000053e   0x00000000   Code   RO        10169    .ARM.Collect$$libinit$$00000021  c_w.l(libinit2.o)
    0x0000053e   0x00000000   Code   RO        10171    .ARM.Collect$$libinit$$00000023  c_w.l(libinit2.o)
    0x0000053e   0x00000004   Code   RO        10172    .ARM.Collect$$libinit$$00000024  c_w.l(libinit2.o)
    0x00000542   0x00000000   Code   RO        10173    .ARM.Collect$$libinit$$00000025  c_w.l(libinit2.o)
    0x00000542   0x00000000   Code   RO        10177    .ARM.Collect$$libinit$$0000002C  c_w.l(libinit2.o)
    0x00000542   0x00000000   Code   RO        10179    .ARM.Collect$$libinit$$0000002E  c_w.l(libinit2.o)
    0x00000542   0x00000000   Code   RO        10181    .ARM.Collect$$libinit$$00000030  c_w.l(libinit2.o)
    0x00000542   0x00000004   Code   RO        10182    .ARM.Collect$$libinit$$00000031  c_w.l(libinit2.o)
    0x00000546   0x00000000   Code   RO        10183    .ARM.Collect$$libinit$$00000032  c_w.l(libinit2.o)
    0x00000546   0x00000002   Code   RO        10184    .ARM.Collect$$libinit$$00000033  c_w.l(libinit2.o)
    0x00000548   0x00000000   Code   RO        10409    .ARM.Collect$$libshutdown$$00000002  c_w.l(libshutdown2.o)
    0x00000548   0x00000000   Code   RO        10411    .ARM.Collect$$libshutdown$$00000004  c_w.l(libshutdown2.o)
    0x00000548   0x0000004c   Code   RO         4397    .emb_text           rtx_conf_cm.o
    0x00000594   0x00000198   Code   RO         4810    .emb_text           hal_cm4.o
    0x0000072c   0x00000000   Code   RO        10294    .emb_text           c_w.l(maybetermalloc1.o)
    0x0000072c   0x000001c0   Code   RO         4981    .text               startup_MK64F12.o
    0x000008ec   0x00000008   Code   RO         9546    .text               c_w.l(libspace.o)
    0x000008f4   0x0000009e   Code   RO         9559    .text               c_w.l(h1_alloc_mt.o)
    0x00000992   0x00000076   Code   RO         9561    .text               c_w.l(h1_free_mt.o)
    0x00000a08   0x00000024   Code   RO         9617    .text               c_w.l(vsprintf.o)
    0x00000a2c   0x0000000a   Code   RO         9619    .text               c_w.l(c89vfprintf.o)
    0x00000a36   0x00000002   PAD
    0x00000a38   0x0000002c   Code   RO         9625    .text               c_w.l(__2sprintf.o)
    0x00000a64   0x0000004e   Code   RO         9639    .text               c_w.l(_printf_pad.o)
    0x00000ab2   0x00000052   Code   RO         9641    .text               c_w.l(_printf_str.o)
    0x00000b04   0x00000078   Code   RO         9643    .text               c_w.l(_printf_dec.o)
    0x00000b7c   0x00000094   Code   RO         9663    .text               c_w.l(_printf_hex_int_ll_ptr.o)
    0x00000c10   0x00000188   Code   RO         9683    .text               c_w.l(__printf_flags_ss_wp.o)
    0x00000d98   0x0000003c   Code   RO         9696    .text               c_w.l(__0sscanf.o)
    0x00000dd4   0x0000014c   Code   RO         9698    .text               c_w.l(_scanf_int.o)
    0x00000f20   0x000000f8   Code   RO         9718    .text               c_w.l(fseek.o)
    0x00001018   0x00000042   Code   RO         9720    .text               c_w.l(ftell.o)
    0x0000105a   0x00000014   Code   RO         9728    .text               c_w.l(setbuf.o)
    0x0000106e   0x0000004c   Code   RO         9736    .text               c_w.l(fclose.o)
    0x000010ba   0x00000020   Code   RO         9738    .text               c_w.l(fgetc_locked.o)
    0x000010da   0x00000024   Code   RO         9740    .text               c_w.l(fputc_locked.o)
    0x000010fe   0x00000002   PAD
    0x00001100   0x00000034   Code   RO         9744    .text               c_w.l(fclose_locked.o)
    0x00001134   0x00000090   Code   RO         9748    .text               c_w.l(fflush_locked.o)
    0x000011c4   0x00000068   Code   RO         9750    .text               c_w.l(setvbuf_locked.o)
    0x0000122c   0x00000144   Code   RO         9752    .text               c_w.l(fopen_locked.o)
    0x00001370   0x0000002e   Code   RO         9762    .text               c_w.l(aeabi_atexit.o)
    0x0000139e   0x00000002   PAD
    0x000013a0   0x00000080   Code   RO         9765    .text               c_w.l(assert.o)
    0x00001420   0x00000024   Code   RO         9769    .text               c_w.l(strstr.o)
    0x00001444   0x0000003e   Code   RO         9773    .text               c_w.l(strlen.o)
    0x00001482   0x00000096   Code   RO         9775    .text               c_w.l(strncmp.o)
    0x00001518   0x0000008a   Code   RO         9779    .text               c_w.l(rt_memcpy_v6.o)
    0x000015a2   0x00000064   Code   RO         9781    .text               c_w.l(rt_memcpy_w.o)
    0x00001606   0x00000044   Code   RO         9783    .text               c_w.l(rt_memclr.o)
    0x0000164a   0x0000004e   Code   RO         9785    .text               c_w.l(rt_memclr_w.o)
    0x00001698   0x00000080   Code   RO         9789    .text               c_w.l(strcmpv7m.o)
    0x00001718   0x0000000c   Code   RO         9791    .text               c_w.l(localtime.o)
    0x00001724   0x00000006   Code   RO         9794    .text               c_w.l(heapauxi.o)
    0x0000172a   0x00000002   PAD
    0x0000172c   0x00000024   Code   RO         9802    .text               c_w.l(init_aeabi.o)
    0x00001750   0x00000010   Code   RO         9985    .text               c_w.l(rt_ctype_table.o)
    0x00001760   0x0000000a   Code   RO         9996    .text               c_w.l(rt_heap_descriptor_twolibspace.o)
    0x0000176a   0x0000000a   Code   RO        10003    .text               c_w.l(rt_new_handler_addr_twolibspace.o)
    0x00001774   0x0000000a   Code   RO        10010    .text               c_w.l(rt_ddtor_pointer_addr_twolibspace.o)
    0x0000177e   0x00000004   Code   RO        10017    .text               c_w.l(rt_errno_addr_twolibspace.o)
    0x00001782   0x00000004   Code   RO        10019    .text               c_w.l(hguard.o)
    0x00001786   0x0000008a   Code   RO        10021    .text               c_w.l(init_alloc.o)
    0x00001810   0x00000012   Code   RO        10027    .text               c_w.l(h1_init_mt.o)
    0x00001822   0x00000024   Code   RO        10041    .text               c_w.l(_printf_truncate.o)
    0x00001846   0x000000b2   Code   RO        10043    .text               c_w.l(_printf_intcommon.o)
    0x000018f8   0x00000028   Code   RO        10045    .text               c_w.l(_printf_charcount.o)
    0x00001920   0x0000041a   Code   RO        10047    .text               c_w.l(_printf_fp_dec.o)
    0x00001d3a   0x00000002   PAD
    0x00001d3c   0x00000030   Code   RO        10049    .text               c_w.l(_printf_char_common.o)
    0x00001d6c   0x0000000a   Code   RO        10051    .text               c_w.l(_sputc.o)
    0x00001d76   0x0000002c   Code   RO        10055    .text               c_w.l(_printf_char.o)
    0x00001da2   0x00000002   PAD
    0x00001da4   0x000000bc   Code   RO        10059    .text               c_w.l(_printf_wctomb.o)
    0x00001e60   0x0000007c   Code   RO        10062    .text               c_w.l(_printf_longlong_dec.o)
    0x00001edc   0x00000070   Code   RO        10068    .text               c_w.l(_printf_oct_int_ll.o)
    0x00001f4c   0x0000001c   Code   RO        10086    .text               c_w.l(_chval.o)
    0x00001f68   0x0000002c   Code   RO        10092    .text               c_w.l(scanf_char.o)
    0x00001f94   0x00000040   Code   RO        10094    .text               c_w.l(_sgetc.o)
    0x00001fd4   0x0000023a   Code   RO        10110    .text               c_w.l(filbuf.o)
    0x0000220e   0x000001d6   Code   RO        10112    .text               c_w.l(flsbuf.o)
    0x000023e4   0x000000f0   Code   RO        10114    .text               c_w.l(stdio.o)
    0x000024d4   0x000001c8   Code   RO        10123    .text               c_w.l(initio_locked.o)
    0x0000269c   0x00000016   Code   RO        10125    .text               c_w.l(abort.o)
    0x000026b2   0x00000042   Code   RO        10127    .text               c_w.l(cxa_finalize.o)
    0x000026f4   0x0000000e   Code   RO        10130    .text               c_w.l(defsig_pvfn_outer.o)
    0x00002702   0x00000002   PAD
    0x00002704   0x000000b8   Code   RO        10136    .text               c_w.l(localtime_internal.o)
    0x000027bc   0x00000004   Code   RO        10192    .text               cpprt_w.l(arm_newhandler_noexceptions.o)
    0x000027c0   0x0000000e   Code   RO        10277    .text               c_w.l(sys_wrch.o)
    0x000027ce   0x00000002   PAD
    0x000027d0   0x0000000c   Code   RO        10279    .text               c_w.l(sys_exit.o)
    0x000027dc   0x0000000a   Code   RO        10290    .text               c_w.l(rt_locale_twolibspace.o)
    0x000027e6   0x0000003e   Code   RO        10298    .text               c_w.l(h1_extend_mt.o)
    0x00002824   0x0000008a   Code   RO        10300    .text               c_w.l(lludiv10.o)
    0x000028ae   0x00000012   Code   RO        10302    .text               c_w.l(isspace.o)
    0x000028c0   0x000002fc   Code   RO        10304    .text               c_w.l(_printf_fp_hex.o)
    0x00002bbc   0x00000080   Code   RO        10307    .text               c_w.l(_printf_fp_infnan.o)
    0x00002c3c   0x00000040   Code   RO        10311    .text               c_w.l(_printf_char_file_locked.o)
    0x00002c7c   0x0000002c   Code   RO        10313    .text               c_w.l(_printf_wchar.o)
    0x00002ca8   0x00000374   Code   RO        10315    .text               c_w.l(_scanf.o)
    0x0000301c   0x000000dc   Code   RO        10325    .text               c_w.l(bigflt0.o)
    0x000030f8   0x00000036   Code   RO        10362    .text               c_w.l(fputs_locked.o)
    0x0000312e   0x00000002   PAD
    0x00003130   0x0000005c   Code   RO        10372    .text               c_w.l(flushlinebuffered_locked.o)
    0x0000318c   0x00000040   Code   RO        10376    .text               c_w.l(_wcrtomb.o)
    0x000031cc   0x0000000a   Code   RO        10384    .text               c_w.l(defsig_exit.o)
    0x000031d6   0x0000000e   Code   RO        10386    .text               c_w.l(defsig_abrt_outer.o)
    0x000031e4   0x0000000e   Code   RO        10390    .text               c_w.l(defsig_rtred_outer.o)
    0x000031f2   0x0000000e   Code   RO        10394    .text               c_w.l(defsig_rtmem_outer.o)
    0x00003200   0x00000030   Code   RO        10398    .text               c_w.l(defsig_pvfn_inner.o)
    0x00003230   0x00000018   Code   RO        10400    .text               c_w.l(assert_stdio.o)
    0x00003248   0x0000001a   Code   RO        10444    .text               cpprt_w.l(arm_exceptions_terminate.o)
    0x00003262   0x00000002   PAD
    0x00003264   0x00000050   Code   RO        10447    .text               cpprt_w.l(arm_exceptions_globs.o)
    0x000032b4   0x00000002   Code   RO        10461    .text               c_w.l(use_no_semi.o)
    0x000032b6   0x00000000   Code   RO        10463    .text               c_w.l(indicate_semi.o)
    0x000032b6   0x0000000a   Code   RO        10469    .text               c_w.l(rt_eh_globals_addr_twolibspace.o)
    0x000032c0   0x00000032   Code   RO        10477    .text               c_w.l(defsig_general.o)
    0x000032f2   0x00000002   PAD
    0x000032f4   0x00000030   Code   RO        10479    .text               c_w.l(defsig_abrt_inner.o)
    0x00003324   0x00000034   Code   RO        10485    .text               c_w.l(defsig_rtred_inner.o)
    0x00003358   0x00000050   Code   RO        10487    .text               c_w.l(defsig_rtmem_inner.o)
    0x000033a8   0x0000003c   Code   RO        10496    .text               cpprt_w.l(arm_exceptions_mem.o)
    0x000033e4   0x0000003e   Code   RO        10328    CL$$btod_d2e        c_w.l(btod.o)
    0x00003422   0x00000046   Code   RO        10330    CL$$btod_d2e_denorm_low  c_w.l(btod.o)
    0x00003468   0x00000060   Code   RO        10329    CL$$btod_d2e_norm_op1  c_w.l(btod.o)
    0x000034c8   0x00000338   Code   RO        10338    CL$$btod_div_common  c_w.l(btod.o)
    0x00003800   0x000000c6   Code   RO        10335    CL$$btod_e2e        c_w.l(btod.o)
    0x000038c6   0x00000028   Code   RO        10332    CL$$btod_ediv       c_w.l(btod.o)
    0x000038ee   0x00000028   Code   RO        10331    CL$$btod_emul       c_w.l(btod.o)
    0x00003916   0x00000244   Code   RO        10337    CL$$btod_mult_common  c_w.l(btod.o)
    0x00003b5a   0x00000002   PAD
    0x00003b5c   0x00000004   Code   RO         4820    SVC_TABLE           svc_table.o
    0x00003b60   0x00000012   Code   RO         4862    i.$Sub$$main        retarget.o
    0x00003b72   0x00000008   Code   RO         8937    i.<Func1>           mbed.ar(SerialBase.o)
    0x00003b7a   0x00000002   PAD
    0x00003b7c   0x00000058   Code   RO         8380    i.BOARD_BootClockRUN  mbed.ar(fsl_clock_config.o)
    0x00003bd4   0x00000048   Code   RO         8422    i.CLOCK_BootToPeeMode  mbed.ar(fsl_clock.o)
    0x00003c1c   0x0000004c   Code   RO         8426    i.CLOCK_EnablePll0  mbed.ar(fsl_clock.o)
    0x00003c68   0x0000007c   Code   RO         8432    i.CLOCK_GetEr32kClkFreq  mbed.ar(fsl_clock.o)
    0x00003ce4   0x000000b0   Code   RO         8437    i.CLOCK_GetFllRefClkFreq  mbed.ar(fsl_clock.o)
    0x00003d94   0x000001b8   Code   RO         8438    i.CLOCK_GetFreq     mbed.ar(fsl_clock.o)
    0x00003f4c   0x0000003c   Code   RO         8441    i.CLOCK_GetOsc0ErClkFreq  mbed.ar(fsl_clock.o)
    0x00003f88   0x000000c4   Code   RO         8442    i.CLOCK_GetOutClkFreq  mbed.ar(fsl_clock.o)
    0x0000404c   0x00000074   Code   RO         8444    i.CLOCK_GetPll0Freq  mbed.ar(fsl_clock.o)
    0x000040c0   0x0000007c   Code   RO         8447    i.CLOCK_InitOsc0    mbed.ar(fsl_clock.o)
    0x0000413c   0x00000044   Code   RO         8451    i.CLOCK_SetExternalRefClkConfig  mbed.ar(fsl_clock.o)
    0x00004180   0x0000008c   Code   RO         8456    i.CLOCK_SetInternalRefClkConfig  mbed.ar(fsl_clock.o)
    0x0000420c   0x00000088   Code   RO         8459    i.CLOCK_SetPbeMode  mbed.ar(fsl_clock.o)
    0x00004294   0x00000028   Code   RO         8463    i.CLOCK_SetSimConfig  mbed.ar(fsl_clock.o)
    0x000042bc   0x00000010   Code   RO         9441    i.DSPI_GetDefaultDataCommandConfig  mbed.ar(fsl_dspi.o)
    0x000042cc   0x00000058   Code   RO         9442    i.DSPI_GetInstance  mbed.ar(fsl_dspi.o)
    0x00004324   0x00000034   Code   RO         9443    i.DSPI_MasterGetDefaultConfig  mbed.ar(fsl_dspi.o)
    0x00004358   0x00000244   Code   RO         9444    i.DSPI_MasterInit   mbed.ar(fsl_dspi.o)
    0x0000459c   0x000000ac   Code   RO         9445    i.DSPI_MasterSetBaudRate  mbed.ar(fsl_dspi.o)
    0x00004648   0x00000190   Code   RO         9447    i.DSPI_MasterSetDelayTimes  mbed.ar(fsl_dspi.o)
    0x000047d8   0x00000070   Code   RO         9456    i.DSPI_MasterWriteDataBlocking  mbed.ar(fsl_dspi.o)
    0x00004848   0x00000016   Code   RO         9457    i.DSPI_SlaveGetDefaultConfig  mbed.ar(fsl_dspi.o)
    0x0000485e   0x00000002   PAD
    0x00004860   0x000000fc   Code   RO         9458    i.DSPI_SlaveInit    mbed.ar(fsl_dspi.o)
    0x0000495c   0x00000002   Code   RO         8521    i.ENET_1588_Timer_IRQHandler  mbed.ar(fsl_enet.o)
    0x0000495e   0x00000002   PAD
    0x00004960   0x00000074   Code   RO         8525    i.ENET_Error_IRQHandler  mbed.ar(fsl_enet.o)
    0x000049d4   0x0000017c   Code   RO         8533    i.ENET_ReadFrame    mbed.ar(fsl_enet.o)
    0x00004b50   0x0000004c   Code   RO         8535    i.ENET_Receive_IRQHandler  mbed.ar(fsl_enet.o)
    0x00004b9c   0x0000004c   Code   RO         8544    i.ENET_Transmit_IRQHandler  mbed.ar(fsl_enet.o)
    0x00004be8   0x00000060   Code   RO         8410    i.InstallIRQHandler  mbed.ar(fsl_common.o)
    0x00004c48   0x0000000c   Code   RO         4848    i.NMI_Handler       mbed_overrides.o
    0x00004c54   0x00000098   Code   RO         9179    i.PIT_Init          mbed.ar(fsl_pit.o)
    0x00004cec   0x00000028   Code   RO         9510    i.RTC_GetDefaultConfig  mbed.ar(fsl_rtc.o)
    0x00004d14   0x00000094   Code   RO         9511    i.RTC_Init          mbed.ar(fsl_rtc.o)
    0x00004da8   0x00000050   Code   RO         9465    i.SPI0_DriverIRQHandler  mbed.ar(fsl_dspi.o)
    0x00004df8   0x00000050   Code   RO         9466    i.SPI1_DriverIRQHandler  mbed.ar(fsl_dspi.o)
    0x00004e48   0x00000050   Code   RO         9467    i.SPI2_DriverIRQHandler  mbed.ar(fsl_dspi.o)
    0x00004e98   0x00000028   Code   RO         4990    i.SystemInit        system_MK64F12.o
    0x00004ec0   0x00000018   Code   RO         9213    i.UART0_RX_TX_DriverIRQHandler  mbed.ar(fsl_uart.o)
    0x00004ed8   0x00000018   Code   RO         9215    i.UART1_RX_TX_DriverIRQHandler  mbed.ar(fsl_uart.o)
    0x00004ef0   0x00000018   Code   RO         9217    i.UART2_RX_TX_DriverIRQHandler  mbed.ar(fsl_uart.o)
    0x00004f08   0x00000018   Code   RO         9219    i.UART3_RX_TX_DriverIRQHandler  mbed.ar(fsl_uart.o)
    0x00004f20   0x00000018   Code   RO         9221    i.UART4_RX_TX_DriverIRQHandler  mbed.ar(fsl_uart.o)
    0x00004f38   0x00000018   Code   RO         9223    i.UART5_RX_TX_DriverIRQHandler  mbed.ar(fsl_uart.o)
    0x00004f50   0x00000038   Code   RO         9224    i.UART_ClearStatusFlags  mbed.ar(fsl_uart.o)
    0x00004f88   0x00000034   Code   RO         9228    i.UART_GetDefaultConfig  mbed.ar(fsl_uart.o)
    0x00004fbc   0x00000050   Code   RO         9230    i.UART_GetInstance  mbed.ar(fsl_uart.o)
    0x0000500c   0x00000016   Code   RO         9231    i.UART_GetStatusFlags  mbed.ar(fsl_uart.o)
    0x00005022   0x00000002   PAD
    0x00005024   0x0000021c   Code   RO         9232    i.UART_Init         mbed.ar(fsl_uart.o)
    0x00005240   0x00000040   Code   RO         9234    i.UART_SetBaudRate  mbed.ar(fsl_uart.o)
    0x00005280   0x00000064   Code   RO          430    i._Z10ISP_unlockv   program.o
    0x000052e4   0x00000050   Code   RO          431    i._Z11ISP_getRespPcj  program.o
    0x00005334   0x00000374   Code   RO         2527    i._Z11find_volumePP5FATFSPPKch  ff.o
    0x000056a8   0x00000288   Code   RO         2528    i._Z11follow_pathP9FATFS_DIRPKc  ff.o
    0x00005930   0x00000036   Code   RO         2529    i._Z11move_windowP5FATFSm  ff.o
    0x00005966   0x00000002   PAD
    0x00005968   0x00000020   Code   RO            5    i._Z11sw2_releasev  main.o
    0x00005988   0x00000054   Code   RO         2530    i._Z11sync_windowP5FATFS  ff.o
    0x000059dc   0x000000b2   Code   RO         2531    i._Z12create_chainP5FATFSm  ff.o
    0x00005a8e   0x00000002   PAD
    0x00005a90   0x0000032c   Code   RO         2532    i._Z12dir_registerP9FATFS_DIR  ff.o
    0x00005dbc   0x00000066   Code   RO         2534    i._Z12remove_chainP5FATFSm  ff.o
    0x00005e22   0x00000002   PAD
    0x00005e24   0x0000007c   Code   RO          432    i._Z13ISP_getPartIDPc  program.o
    0x00005ea0   0x0000021c   Code   RO          436    i._Z16ISP_syncBaudRatev  program.o
    0x000060bc   0x000000a0   Code   RO          438    i._Z19ISP_sectorOperationiii  program.o
    0x0000615c   0x00000092   Code   RO         2535    i._Z7dir_sdiP9FATFS_DIRj  ff.o
    0x000061ee   0x000000bc   Code   RO         2536    i._Z7get_fatP5FATFSm  ff.o
    0x000062aa   0x00000030   Code   RO         2537    i._Z7mem_cpyPvPKvj  ff.o
    0x000062da   0x00000028   Code   RO         2538    i._Z7mem_setPvij    ff.o
    0x00006302   0x00000108   Code   RO         2539    i._Z7put_fatP5FATFSmm  ff.o
    0x0000640a   0x000000b6   Code   RO         2540    i._Z7sync_fsP5FATFS  ff.o
    0x000064c0   0x00000020   Code   RO         1839    i._Z8debug_ifiPKcz  sdfilesystem.o
    0x000064e0   0x00000020   Code   RO         2123    i._Z8debug_ifiPKcz  fatfilehandle.o
    0x00006500   0x00000020   Code   RO         2255    i._Z8debug_ifiPKcz  fatfilesystem.o
    0x00006520   0x00000020   Code   RO         2431    i._Z8debug_ifiPKcz  diskio.o
    0x00006540   0x000001c4   Code   RO         2541    i._Z8dir_findP9FATFS_DIR  ff.o
    0x00006704   0x00000174   Code   RO         2542    i._Z8dir_nextP9FATFS_DIRi  ff.o
    0x00006878   0x0000002a   Code   RO         2544    i._Z8validatePv     ff.o
    0x000068a2   0x00000002   PAD
    0x000068a4   0x000000be   Code   RO         1840    i._ZN12SDFileSystem10disk_writeEPKhjj  sdfilesystem.o
    0x00006962   0x00000002   PAD
    0x00006964   0x000002f0   Code   RO         1841    i._ZN12SDFileSystem11_sd_sectorsEv  sdfilesystem.o
    0x00006c54   0x0000000e   Code   RO         1842    i._ZN12SDFileSystem11disk_statusEv  sdfilesystem.o
    0x00006c62   0x00000006   Code   RO         1843    i._ZN12SDFileSystem12disk_sectorsEv  sdfilesystem.o
    0x00006c68   0x000000b0   Code   RO         1844    i._ZN12SDFileSystem15disk_initializeEv  sdfilesystem.o
    0x00006d18   0x000001dc   Code   RO         1845    i._ZN12SDFileSystem15initialise_cardEv  sdfilesystem.o
    0x00006ef4   0x00000068   Code   RO         1846    i._ZN12SDFileSystem18initialise_card_v1Ev  sdfilesystem.o
    0x00006f5c   0x000001a8   Code   RO         1847    i._ZN12SDFileSystem18initialise_card_v2Ev  sdfilesystem.o
    0x00007104   0x000000a6   Code   RO         1848    i._ZN12SDFileSystem4_cmdEii  sdfilesystem.o
    0x000071aa   0x00000002   PAD
    0x000071ac   0x000000a4   Code   RO         1854    i._ZN12SDFileSystem9disk_readEPhjj  sdfilesystem.o
    0x00007250   0x00000004   Code   RO         1855    i._ZN12SDFileSystem9disk_syncEv  sdfilesystem.o
    0x00007254   0x00000068   Code   RO         1856    i._ZN12SDFileSystemC1E7PinNameS0_S0_S0_PKc  sdfilesystem.o
    0x000072bc   0x00000028   Code   RO           74    i._ZN12SDFileSystemD1Ev  main.o
    0x000072e4   0x00000004   Code   RO         2124    i._ZN13FATFileHandle4flenEv  fatfilehandle.o
    0x000072e8   0x00000058   Code   RO         2125    i._ZN13FATFileHandle4readEPvj  fatfilehandle.o
    0x00007340   0x00000018   Code   RO         2126    i._ZN13FATFileHandle5closeEv  fatfilehandle.o
    0x00007358   0x00000068   Code   RO         2128    i._ZN13FATFileHandle5lseekEli  fatfilehandle.o
    0x000073c0   0x00000038   Code   RO         2129    i._ZN13FATFileHandle5writeEPKvj  fatfilehandle.o
    0x000073f8   0x00000004   Code   RO         2130    i._ZN13FATFileHandle6isattyEv  fatfilehandle.o
    0x000073fc   0x00000024   Code   RO         2131    i._ZN13FATFileHandleC1E3FIL  fatfilehandle.o
    0x00007420   0x0000000e   Code   RO         2209    i._ZN13FATFileHandleD0Ev  fatfilehandle.o
    0x0000742e   0x00000004   Code   RO         2368    i._ZN13FATFileSystem11disk_statusEv  fatfilesystem.o
    0x00007432   0x00000004   Code   RO         2362    i._ZN13FATFileSystem15disk_initializeEv  fatfilesystem.o
    0x00007436   0x00000002   PAD
    0x00007438   0x000000f8   Code   RO         2256    i._ZN13FATFileSystem4openEPKci  fatfilesystem.o
    0x00007530   0x00000004   Code   RO         2374    i._ZN13FATFileSystem9disk_syncEv  fatfilesystem.o
    0x00007534   0x000000d0   Code   RO         2266    i._ZN13FATFileSystemC2EPKc  fatfilesystem.o
    0x00007604   0x00000034   Code   RO         2268    i._ZN13FATFileSystemD2Ev  fatfilesystem.o
    0x00007638   0x00000052   Code   RO         4973    i._ZN4mbed10FileHandle4flenEv  retarget.o
    0x0000768a   0x00000002   Code   RO          853    i._ZN4mbed10FileHandle4lockEv  c12832.o
    0x0000768c   0x00000002   Code   RO          859    i._ZN4mbed10FileHandle6unlockEv  c12832.o
    0x0000768e   0x00000002   PAD
    0x00007690   0x00000030   Code   RO         4864    i._ZN4mbed10FileHandleD2Ev  retarget.o
    0x000076c0   0x00000006   Code   RO         8938    i._ZN4mbed10SerialBase10_base_getcEv  mbed.ar(SerialBase.o)
    0x000076c6   0x0000000e   Code   RO         8939    i._ZN4mbed10SerialBase10_base_putcEi  mbed.ar(SerialBase.o)
    0x000076d4   0x00000014   Code   RO         8941    i._ZN4mbed10SerialBase12_irq_handlerEj9SerialIrq  mbed.ar(SerialBase.o)
    0x000076e8   0x00000024   Code   RO         8942    i._ZN4mbed10SerialBase4baudEi  mbed.ar(SerialBase.o)
    0x0000770c   0x00000002   Code   RO         8943    i._ZN4mbed10SerialBase4lockEv  mbed.ar(SerialBase.o)
    0x0000770e   0x00000002   Code   RO         8946    i._ZN4mbed10SerialBase6unlockEv  mbed.ar(SerialBase.o)
    0x00007710   0x00000020   Code   RO         8947    i._ZN4mbed10SerialBase8readableEv  mbed.ar(SerialBase.o)
    0x00007730   0x0000004c   Code   RO         8949    i._ZN4mbed10SerialBaseC1E7PinNameS1_  mbed.ar(SerialBase.o)
    0x0000777c   0x0000002c   Code   RO         8797    i._ZN4mbed11InterruptIn12_irq_handlerEj14gpio_irq_event  mbed.ar(InterruptIn.o)
    0x000077a8   0x0000004a   Code   RO         8801    i._ZN4mbed11InterruptIn4riseENS_8CallbackIFvvEEE  mbed.ar(InterruptIn.o)
    0x000077f2   0x00000002   PAD
    0x000077f4   0x0000003c   Code   RO         8802    i._ZN4mbed11InterruptInC1E7PinName  mbed.ar(InterruptIn.o)
    0x00007830   0x00000018   Code   RO         8804    i._ZN4mbed11InterruptInD1Ev  mbed.ar(InterruptIn.o)
    0x00007848   0x00000014   Code   RO         8726    i._ZN4mbed14FileSystemLikeC2EPKc  mbed.ar(FileSystemLike.o)
    0x0000785c   0x00000004   Code   RO         8728    i._ZN4mbed14FileSystemLikeD2Ev  mbed.ar(FileSystemLike.o)
    0x00007860   0x00000006   Code   RO         4865    i._ZN4mbed26mbed_set_unbuffered_streamEPSt6__FILE  retarget.o
    0x00007866   0x00000002   Code   RO         8838    i._ZN4mbed3SPI4lockEv  mbed.ar(SPI.o)
    0x00007868   0x00000058   Code   RO         8839    i._ZN4mbed3SPI5writeEi  mbed.ar(SPI.o)
    0x000078c0   0x00000002   Code   RO         8842    i._ZN4mbed3SPI6unlockEv  mbed.ar(SPI.o)
    0x000078c2   0x00000002   PAD
    0x000078c4   0x00000054   Code   RO         8843    i._ZN4mbed3SPI9frequencyEi  mbed.ar(SPI.o)
    0x00007918   0x00000064   Code   RO         8844    i._ZN4mbed3SPIC1E7PinNameS1_S1_S1_  mbed.ar(SPI.o)
    0x0000797c   0x00000002   Code   RO         8881    i._ZN4mbed6Serial4lockEv  mbed.ar(Serial.o)
    0x0000797e   0x00000002   Code   RO         8884    i._ZN4mbed6Serial6unlockEv  mbed.ar(Serial.o)
    0x00007980   0x00000024   Code   RO         8885    i._ZN4mbed6SerialC1E7PinNameS1_PKc  mbed.ar(Serial.o)
    0x000079a4   0x00000020   Code   RO         8914    i._ZN4mbed6SerialD1Ev  mbed.ar(Serial.o)
    0x000079c4   0x00000004   Code   RO         8998    i._ZN4mbed6Stream4flenEv  mbed.ar(Stream.o)
    0x000079c8   0x00000026   Code   RO         8999    i._ZN4mbed6Stream4getcEv  mbed.ar(Stream.o)
    0x000079ee   0x0000002a   Code   RO         9001    i._ZN4mbed6Stream4putcEi  mbed.ar(Stream.o)
    0x00007a18   0x0000002a   Code   RO         9002    i._ZN4mbed6Stream4putsEPKc  mbed.ar(Stream.o)
    0x00007a42   0x0000003c   Code   RO         9003    i._ZN4mbed6Stream4readEPvj  mbed.ar(Stream.o)
    0x00007a7e   0x00000004   Code   RO         9004    i._ZN4mbed6Stream5closeEv  mbed.ar(Stream.o)
    0x00007a82   0x00000004   Code   RO         9006    i._ZN4mbed6Stream5lseekEli  mbed.ar(Stream.o)
    0x00007a86   0x0000003c   Code   RO         9008    i._ZN4mbed6Stream5writeEPKvj  mbed.ar(Stream.o)
    0x00007ac2   0x00000004   Code   RO         9009    i._ZN4mbed6Stream6isattyEv  mbed.ar(Stream.o)
    0x00007ac6   0x00000032   Code   RO         9010    i._ZN4mbed6Stream6printfEPKcz  mbed.ar(Stream.o)
    0x00007af8   0x00000040   Code   RO         9013    i._ZN4mbed6StreamC2EPKc  mbed.ar(Stream.o)
    0x00007b38   0x00000020   Code   RO         9015    i._ZN4mbed6StreamD2Ev  mbed.ar(Stream.o)
    0x00007b58   0x00000004   Code   RO         8665    i._ZN4mbed8FileBase11getPathTypeEv  mbed.ar(FileBase.o)
    0x00007b5c   0x00000038   Code   RO         8667    i._ZN4mbed8FileBase6lookupEPKcj  mbed.ar(FileBase.o)
    0x00007b94   0x00000004   Code   RO         8668    i._ZN4mbed8FileBase7getNameEv  mbed.ar(FileBase.o)
    0x00007b98   0x00000024   Code   RO         8669    i._ZN4mbed8FileBaseC1EPKcNS_8PathTypeE  mbed.ar(FileBase.o)
    0x00007bbc   0x00000038   Code   RO         8671    i._ZN4mbed8FileBaseD1Ev  mbed.ar(FileBase.o)
    0x00007bf4   0x00000024   Code   RO         9375    i._ZN4mbed8FileLikeC2EPKc  mbed.ar(FileLike.o)
    0x00007c18   0x00000012   Code   RO         9377    i._ZN4mbed8FileLikeD2Ev  mbed.ar(FileLike.o)
    0x00007c2a   0x00000018   Code   RO         8698    i._ZN4mbed8FilePath10fileSystemEv  mbed.ar(FilePath.o)
    0x00007c42   0x0000001c   Code   RO         8700    i._ZN4mbed8FilePath4fileEv  mbed.ar(FilePath.o)
    0x00007c5e   0x0000000a   Code   RO         8701    i._ZN4mbed8FilePath6existsEv  mbed.ar(FilePath.o)
    0x00007c68   0x00000018   Code   RO         8702    i._ZN4mbed8FilePath6isFileEv  mbed.ar(FilePath.o)
    0x00007c80   0x00000004   Code   RO         8703    i._ZN4mbed8FilePath8fileNameEv  mbed.ar(FilePath.o)
    0x00007c84   0x00000040   Code   RO         8704    i._ZN4mbed8FilePathC1EPKc  mbed.ar(FilePath.o)
    0x00007cc4   0x00000004   Code   RO         4866    i._ZN4mbed9mbed_getcEPSt6__FILE  retarget.o
    0x00007cc8   0x0000000e   Code   RO         7934    i._ZN4rtos5MutexD1Ev  mutex.o
    0x00007cd6   0x0000001c   Code   RO         8046    i._ZN4rtos9SemaphoreC1Ei  semaphore.o
    0x00007cf2   0x0000000e   Code   RO         8047    i._ZN4rtos9SemaphoreD1Ev  semaphore.o
    0x00007d00   0x00000002   Code   RO         8886    i._ZThn44_N4mbed6Serial4lockEv  mbed.ar(Serial.o)
    0x00007d02   0x00000006   Code   RO         8887    i._ZThn44_N4mbed6Serial5_getcEv  mbed.ar(Serial.o)
    0x00007d08   0x00000006   Code   RO         8888    i._ZThn44_N4mbed6Serial5_putcEi  mbed.ar(Serial.o)
    0x00007d0e   0x00000002   Code   RO         8889    i._ZThn44_N4mbed6Serial6unlockEv  mbed.ar(Serial.o)
    0x00007d10   0x00000008   Code   RO         9812    i._ZdlPv            cpprt_w.l(delete.o)
    0x00007d18   0x00000028   Code   RO         9815    i._Znwj             cpprt_w.l(new.o)
    0x00007d40   0x00000030   Code   RO        10260    i.__ARM_fpclassify  m_wm.l(fpclassify.o)
    0x00007d70   0x00000004   Code   RO         4839    i.__NVIC_SetVector  cmsis_nvic.o
    0x00007d74   0x00000024   Code   RO         9928    i.__aeabi_vec_ctor_nocookie_nodtor  cpprt_w.l(aeabi_vec_ctor_nocookie_nodtor.o)
    0x00007d98   0x00000006   Code   RO         9819    i.__cxa_pure_virtual  cpprt_w.l(pure_virt.o)
    0x00007d9e   0x00000002   PAD
    0x00007da0   0x0000004c   Code   RO         1453    i.__sti___21_EthernetInterface_cpp_af02a2e0  ethernetinterface.o
    0x00007dec   0x0000009c   Code   RO           10    i.__sti___8_main_cpp_pc  main.o
    0x00007e88   0x0000002c   Code   RO         4398    i.__user_perthread_libspace  rtx_conf_cm.o
    0x00007eb4   0x00000010   Code   RO         4983    i.__user_setup_stackheap  sys.o
    0x00007ec4   0x00000048   Code   RO         4025    i._init_box         rt_membox.o
    0x00007f0c   0x0000000e   Code   RO         9676    i._is_digit         c_w.l(__printf_wp.o)
    0x00007f1a   0x00000002   PAD
    0x00007f1c   0x00000020   Code   RO         4399    i._mutex_acquire    rtx_conf_cm.o
    0x00007f3c   0x0000004c   Code   RO         4400    i._mutex_initialize  rtx_conf_cm.o
    0x00007f88   0x0000001c   Code   RO         4401    i._mutex_release    rtx_conf_cm.o
    0x00007fa4   0x0000002c   Code   RO         4868    i._sys_close        retarget.o
    0x00007fd0   0x00000028   Code   RO         4871    i._sys_flen         retarget.o
    0x00007ff8   0x00000028   Code   RO         4872    i._sys_istty        retarget.o
    0x00008020   0x00000160   Code   RO         4873    i._sys_open         retarget.o
    0x00008180   0x00000054   Code   RO         4874    i._sys_read         retarget.o
    0x000081d4   0x00000028   Code   RO         4875    i._sys_seek         retarget.o
    0x000081fc   0x00000060   Code   RO         4876    i._sys_write        retarget.o
    0x0000825c   0x000000c8   Code   RO         9112    i.core_util_critical_section_enter  mbed.ar(critical.o)
    0x00008324   0x00000094   Code   RO         9113    i.core_util_critical_section_exit  mbed.ar(critical.o)
    0x000083b8   0x00000002   Code   RO         7983    i.default_idle_hook  rtos_idle.o
    0x000083ba   0x00000002   PAD
    0x000083bc   0x00000044   Code   RO         2432    i.disk_initialize   diskio.o
    0x00008400   0x00000070   Code   RO         2433    i.disk_ioctl        diskio.o
    0x00008470   0x00000064   Code   RO         2434    i.disk_read         diskio.o
    0x000084d4   0x00000040   Code   RO         2435    i.disk_status       diskio.o
    0x00008514   0x00000064   Code   RO         2436    i.disk_write        diskio.o
    0x00008578   0x00000012   Code   RO         9078    i.error             mbed.ar(error.o)
    0x0000858a   0x00000002   PAD
    0x0000858c   0x00000020   Code   RO         4878    i.exit              retarget.o
    0x000085ac   0x0000001e   Code   RO         2546    i.f_close           ff.o
    0x000085ca   0x0000016c   Code   RO         2549    i.f_lseek           ff.o
    0x00008736   0x00000002   PAD
    0x00008738   0x0000006c   Code   RO         2552    i.f_mount           ff.o
    0x000087a4   0x00000170   Code   RO         2553    i.f_open            ff.o
    0x00008914   0x0000017c   Code   RO         2555    i.f_read            ff.o
    0x00008a90   0x000000ac   Code   RO         2559    i.f_sync            ff.o
    0x00008b3c   0x000001ce   Code   RO         2563    i.f_write           ff.o
    0x00008d0a   0x00000002   PAD
    0x00008d0c   0x00000040   Code   RO         2397    i.ff_convert        ccsbcs.o
    0x00008d4c   0x0000005c   Code   RO         2398    i.ff_wtoupper       ccsbcs.o
    0x00008da8   0x00000018   Code   RO         9705    i.fgetc             c_w.l(fgetc.o)
    0x00008dc0   0x0000001a   Code   RO         9711    i.fputc             c_w.l(fputc.o)
    0x00008dda   0x00000040   Code   RO         2269    i.get_fattime       fatfilesystem.o
    0x00008e1a   0x00000002   PAD
    0x00008e1c   0x00000064   Code   RO         8645    i.gpio_dir          mbed.ar(gpio_api.o)
    0x00008e80   0x00000014   Code   RO         8646    i.gpio_init         mbed.ar(gpio_api.o)
    0x00008e94   0x00000028   Code   RO         9086    i.gpio_init_in      mbed.ar(gpio.o)
    0x00008ebc   0x00000036   Code   RO         9089    i.gpio_init_out     mbed.ar(gpio.o)
    0x00008ef2   0x00000008   Code   RO         9316    i.gpio_irqA         mbed.ar(gpio_irq_api.o)
    0x00008efa   0x00000008   Code   RO         9317    i.gpio_irqB         mbed.ar(gpio_irq_api.o)
    0x00008f02   0x00000008   Code   RO         9318    i.gpio_irqC         mbed.ar(gpio_irq_api.o)
    0x00008f0a   0x00000008   Code   RO         9319    i.gpio_irqD         mbed.ar(gpio_irq_api.o)
    0x00008f12   0x00000008   Code   RO         9320    i.gpio_irqE         mbed.ar(gpio_irq_api.o)
    0x00008f1a   0x00000002   PAD
    0x00008f1c   0x00000010   Code   RO         9323    i.gpio_irq_free     mbed.ar(gpio_irq_api.o)
    0x00008f2c   0x000000dc   Code   RO         9324    i.gpio_irq_init     mbed.ar(gpio_irq_api.o)
    0x00009008   0x00000080   Code   RO         9325    i.gpio_irq_set      mbed.ar(gpio_irq_api.o)
    0x00009088   0x00000006   Code   RO         8647    i.gpio_mode         mbed.ar(gpio_api.o)
    0x0000908e   0x00000002   PAD
    0x00009090   0x0000004c   Code   RO         8648    i.gpio_read         mbed.ar(gpio_api.o)
    0x000090dc   0x00000058   Code   RO         8650    i.gpio_write        mbed.ar(gpio_api.o)
    0x00009134   0x0000008c   Code   RO         9326    i.handle_interrupt_in  mbed.ar(gpio_irq_api.o)
    0x000091c0   0x0000000e   Code   RO         3977    i.isr_mbx_send      rt_mailbox.o
    0x000091ce   0x00000002   PAD
    0x000091d0   0x000001e8   Code   RO           11    i.main              main.o
    0x000093b8   0x00000054   Code   RO         9400    i.mbed_assert_internal  mbed.ar(assert.o)
    0x0000940c   0x0000002e   Code   RO         4826    i.mbed_die          board.o
    0x0000943a   0x00000002   PAD
    0x0000943c   0x00000054   Code   RO         4827    i.mbed_error_printf  board.o
    0x00009490   0x00000050   Code   RO         4828    i.mbed_error_vfprintf  board.o
    0x000094e0   0x00000002   Code   RO         4879    i.mbed_main         retarget.o
    0x000094e2   0x00000004   Code   RO         4850    i.mbed_sdk_init     mbed_overrides.o
    0x000094e6   0x00000002   PAD
    0x000094e8   0x00000098   Code   RO         3274    i.osKernelInitialize  rt_cmsis.o
    0x00009580   0x000000c0   Code   RO         3276    i.osKernelStart     rt_cmsis.o
    0x00009640   0x00000018   Code   RO         3288    i.osMutexDelete     rt_cmsis.o
    0x00009658   0x00000054   Code   RO         3295    i.osSemaphoreCreate  rt_cmsis.o
    0x000096ac   0x00000018   Code   RO         3296    i.osSemaphoreDelete  rt_cmsis.o
    0x000096c4   0x00000034   Code   RO         3303    i.osThreadCreate    rt_cmsis.o
    0x000096f8   0x00000018   Code   RO         3304    i.osThreadExit      rt_cmsis.o
    0x00009710   0x00000044   Code   RO         3316    i.osTimerThread     rt_cmsis.o
    0x00009754   0x00000044   Code   RO         4402    i.os_error          rtx_conf_cm.o
    0x00009798   0x00000004   Code   RO         4403    i.os_idle_demon     rtx_conf_cm.o
    0x0000979c   0x00000028   Code   RO         4190    i.os_tick_init      rt_system.o
    0x000097c4   0x00000002   Code   RO         4191    i.os_tick_irqack    rt_system.o
    0x000097c6   0x00000002   PAD
    0x000097c8   0x0000007c   Code   RO         9347    i.pin_function      mbed.ar(pinmap.o)
    0x00009844   0x00000074   Code   RO         9348    i.pin_mode          mbed.ar(pinmap.o)
    0x000098b8   0x0000003c   Code   RO         9411    i.pinmap_merge      mbed.ar(pinmap_common.o)
    0x000098f4   0x0000005c   Code   RO         9412    i.pinmap_peripheral  mbed.ar(pinmap_common.o)
    0x00009950   0x00000058   Code   RO         9413    i.pinmap_pinout     mbed.ar(pinmap_common.o)
    0x000099a8   0x0000001a   Code   RO         4026    i.rt_alloc_box      rt_membox.o
    0x000099c2   0x00000002   PAD
    0x000099c4   0x00000050   Code   RO         4281    i.rt_block          rt_task.o
    0x00009a14   0x00000048   Code   RO         4126    i.rt_chk_robin      rt_robin.o
    0x00009a5c   0x000000c8   Code   RO         3901    i.rt_dec_dly        rt_list.o
    0x00009b24   0x00000080   Code   RO         4282    i.rt_dispatch       rt_task.o
    0x00009ba4   0x00000054   Code   RO         3862    i.rt_evt_psh        rt_event.o
    0x00009bf8   0x0000002e   Code   RO         4027    i.rt_free_box       rt_membox.o
    0x00009c26   0x0000002a   Code   RO         3902    i.rt_get_first      rt_list.o
    0x00009c50   0x00000018   Code   RO         4127    i.rt_init_robin     rt_robin.o
    0x00009c68   0x00000100   Code   RO         3217    i.rt_init_stack     hal_cm.o
    0x00009d68   0x00000008   Code   RO         3978    i.rt_mbx_check      rt_mailbox.o
    0x00009d70   0x0000001a   Code   RO         3979    i.rt_mbx_init       rt_mailbox.o
    0x00009d8a   0x00000002   PAD
    0x00009d8c   0x00000114   Code   RO         3980    i.rt_mbx_psh        rt_mailbox.o
    0x00009ea0   0x000000b8   Code   RO         3982    i.rt_mbx_wait       rt_mailbox.o
    0x00009f58   0x00000048   Code   RO         3320    i.rt_ms2tick        rt_cmsis.o
    0x00009fa0   0x000000b8   Code   RO         4078    i.rt_mut_delete     rt_mutex.o
    0x0000a058   0x00000010   Code   RO         4079    i.rt_mut_init       rt_mutex.o
    0x0000a068   0x000000e4   Code   RO         4080    i.rt_mut_release    rt_mutex.o
    0x0000a14c   0x0000006c   Code   RO         4081    i.rt_mut_wait       rt_mutex.o
    0x0000a1b8   0x00000080   Code   RO         4194    i.rt_pop_req        rt_system.o
    0x0000a238   0x00000020   Code   RO         4195    i.rt_psh_req        rt_system.o
    0x0000a258   0x0000005c   Code   RO         3904    i.rt_psq_enq        rt_list.o
    0x0000a2b4   0x00000068   Code   RO         3905    i.rt_put_dly        rt_list.o
    0x0000a31c   0x00000042   Code   RO         3906    i.rt_put_prio       rt_list.o
    0x0000a35e   0x00000002   PAD
    0x0000a360   0x00000014   Code   RO         3907    i.rt_put_rdy_first  rt_list.o
    0x0000a374   0x0000008c   Code   RO         3908    i.rt_resort_prio    rt_list.o
    0x0000a400   0x00000012   Code   RO         3218    i.rt_ret_val        hal_cm.o
    0x0000a412   0x00000014   Code   RO         3219    i.rt_ret_val2       hal_cm.o
    0x0000a426   0x0000002c   Code   RO         3909    i.rt_rmv_dly        rt_list.o
    0x0000a452   0x00000002   PAD
    0x0000a454   0x00000030   Code   RO         3910    i.rt_rmv_list       rt_list.o
    0x0000a484   0x00000060   Code   RO         4148    i.rt_sem_delete     rt_semaphore.o
    0x0000a4e4   0x0000000c   Code   RO         4149    i.rt_sem_init       rt_semaphore.o
    0x0000a4f0   0x00000034   Code   RO         4150    i.rt_sem_psh        rt_semaphore.o
    0x0000a524   0x0000002c   Code   RO         4197    i.rt_stk_check      rt_system.o
    0x0000a550   0x00000024   Code   RO         4283    i.rt_switch_req     rt_task.o
    0x0000a574   0x00000128   Code   RO         4284    i.rt_sys_init       rt_task.o
    0x0000a69c   0x00000080   Code   RO         4285    i.rt_sys_start      rt_task.o
    0x0000a71c   0x00000040   Code   RO         4199    i.rt_systick        rt_system.o
    0x0000a75c   0x000000e4   Code   RO         4286    i.rt_tsk_create     rt_task.o
    0x0000a840   0x0000016c   Code   RO         4287    i.rt_tsk_delete     rt_task.o
    0x0000a9ac   0x0000007c   Code   RO         4289    i.rt_tsk_prio       rt_task.o
    0x0000aa28   0x00000010   Code   RO         4290    i.rt_tsk_self       rt_task.o
    0x0000aa38   0x0000002c   Code   RO         9360    i.rtc_init          mbed.ar(rtc_api.o)
    0x0000aa64   0x0000001c   Code   RO         9361    i.rtc_isenabled     mbed.ar(rtc_api.o)
    0x0000aa80   0x0000000c   Code   RO         9362    i.rtc_read          mbed.ar(rtc_api.o)
    0x0000aa8c   0x00000010   Code   RO         4851    i.rtc_setup_oscillator  mbed_overrides.o
    0x0000aa9c   0x00000020   Code   RO         9363    i.rtc_write         mbed.ar(rtc_api.o)
    0x0000aabc   0x0000000c   Code   RO         7985    i.rtos_idle_loop    rtos_idle.o
    0x0000aac8   0x00000030   Code   RO         8578    i.serial_baud       mbed.ar(serial_api.o)
    0x0000aaf8   0x00000038   Code   RO         8584    i.serial_getc       mbed.ar(serial_api.o)
    0x0000ab30   0x0000010c   Code   RO         8585    i.serial_init       mbed.ar(serial_api.o)
    0x0000ac3c   0x00000018   Code   RO         8586    i.serial_irq_handler  mbed.ar(serial_api.o)
    0x0000ac54   0x00000040   Code   RO         8589    i.serial_putc       mbed.ar(serial_api.o)
    0x0000ac94   0x00000030   Code   RO         8590    i.serial_readable   mbed.ar(serial_api.o)
    0x0000acc4   0x00000028   Code   RO         4404    i.set_main_stack    rtx_conf_cm.o
    0x0000acec   0x00000080   Code   RO         9292    i.spi_format        mbed.ar(spi_api.o)
    0x0000ad6c   0x0000004c   Code   RO         9294    i.spi_frequency     mbed.ar(spi_api.o)
    0x0000adb8   0x000000c4   Code   RO         9295    i.spi_init          mbed.ar(spi_api.o)
    0x0000ae7c   0x00000054   Code   RO         9296    i.spi_master_write  mbed.ar(spi_api.o)
    0x0000aed0   0x00000078   Code   RO         3323    i.svcKernelInitialize  rt_cmsis.o
    0x0000af48   0x0000000c   Code   RO         3324    i.svcKernelRunning  rt_cmsis.o
    0x0000af54   0x0000004c   Code   RO         3325    i.svcKernelStart    rt_cmsis.o
    0x0000afa0   0x00000044   Code   RO         3329    i.svcMessageGet     rt_cmsis.o
    0x0000afe4   0x0000001c   Code   RO         3332    i.svcMutexDelete    rt_cmsis.o
    0x0000b000   0x00000026   Code   RO         3336    i.svcSemaphoreCreate  rt_cmsis.o
    0x0000b026   0x0000001c   Code   RO         3337    i.svcSemaphoreDelete  rt_cmsis.o
    0x0000b042   0x00000002   PAD
    0x0000b044   0x0000007c   Code   RO         3343    i.svcThreadCreate   rt_cmsis.o
    0x0000b0c0   0x0000001c   Code   RO         3344    i.svcThreadGetId    rt_cmsis.o
    0x0000b0dc   0x00000038   Code   RO         3347    i.svcThreadTerminate  rt_cmsis.o
    0x0000b114   0x0000001a   Code   RO         3349    i.svcTimerCall      rt_cmsis.o
    0x0000b12e   0x00000002   PAD
    0x0000b130   0x000000b0   Code   RO         3358    i.sysTimerTick      rt_cmsis.o
    0x0000b1e0   0x0000004e   Code   RO         9531    i.ticker_irq_handler  mbed.ar(ticker_api.o)
    0x0000b22e   0x00000002   PAD
    0x0000b230   0x0000004c   Code   RO         9136    i.time              mbed.ar(rtc_time.o)
    0x0000b27c   0x00000010   Code   RO         8628    i.us_ticker_clear_interrupt  mbed.ar(us_ticker.o)
    0x0000b28c   0x00000014   Code   RO         8629    i.us_ticker_disable_interrupt  mbed.ar(us_ticker.o)
    0x0000b2a0   0x000000c0   Code   RO         8630    i.us_ticker_init    mbed.ar(us_ticker.o)
    0x0000b360   0x0000000c   Code   RO         9427    i.us_ticker_irq_handler  mbed.ar(us_ticker_api.o)
    0x0000b36c   0x00000020   Code   RO         8631    i.us_ticker_read    mbed.ar(us_ticker.o)
    0x0000b38c   0x00000084   Code   RO         8632    i.us_ticker_set_interrupt  mbed.ar(us_ticker.o)
    0x0000b410   0x0000001c   Code   RO         9149    i.wait_ms           mbed.ar(wait_api.o)
    0x0000b42c   0x00000018   Code   RO         9150    i.wait_us           mbed.ar(wait_api.o)
    0x0000b444   0x0000002c   Code   RO        10379    locale$$code        c_w.l(lc_ctype_c.o)
    0x0000b470   0x0000002c   Code   RO        10382    locale$$code        c_w.l(lc_numeric_c.o)
    0x0000b49c   0x00000004   Code   RO           68    t._ZN4mbed8CallbackIFvvEE12_staticthunkEPvS3_  main.o
    0x0000b4a0   0x0000000a   Code   RO        10457    x$fpl$fpinit        fz_wm.l(fpinit.o)
    0x0000b4aa   0x00000004   Code   RO         9957    x$fpl$printf1       fz_wm.l(printf1.o)
    0x0000b4ae   0x00000004   Code   RO        10235    x$fpl$printf2       fz_wm.l(printf2.o)
    0x0000b4b2   0x00000000   Code   RO        10245    x$fpl$usenofp       fz_wm.l(usenofp.o)
    0x0000b4b2   0x000008b8   Data   RO         2401    .constdata          ccsbcs.o
    0x0000bd6a   0x000000ba   Data   RO         2603    .constdata          ff.o
    0x0000be24   0x00000002   Data   RO         4413    .constdata          rtx_conf_cm.o
    0x0000be26   0x00000002   PAD
    0x0000be28   0x00000004   Data   RO         4414    .constdata          rtx_conf_cm.o
    0x0000be2c   0x00000004   Data   RO         4415    .constdata          rtx_conf_cm.o
    0x0000be30   0x00000004   Data   RO         4419    .constdata          rtx_conf_cm.o
    0x0000be34   0x00000001   Data   RO         4420    .constdata          rtx_conf_cm.o
    0x0000be35   0x00000003   PAD
    0x0000be38   0x00000010   Data   RO         4421    .constdata          rtx_conf_cm.o
    0x0000be48   0x00000002   Data   RO         4422    .constdata          rtx_conf_cm.o
    0x0000be4a   0x00000002   PAD
    0x0000be4c   0x00000004   Data   RO         4423    .constdata          rtx_conf_cm.o
    0x0000be50   0x00000001   Data   RO         4424    .constdata          rtx_conf_cm.o
    0x0000be51   0x00000003   PAD
    0x0000be54   0x00000014   Data   RO         4425    .constdata          rtx_conf_cm.o
    0x0000be68   0x00000008   Data   RO         4426    .constdata          rtx_conf_cm.o
    0x0000be70   0x00000002   Data   RO         4427    .constdata          rtx_conf_cm.o
    0x0000be72   0x00000017   Data   RO         4921    .constdata          retarget.o
    0x0000be89   0x00000003   PAD
    0x0000be8c   0x00000040   Data   RO         8382    .constdata          mbed.ar(fsl_clock_config.o)
    0x0000becc   0x00000060   Data   RO         8465    .constdata          mbed.ar(fsl_clock.o)
    0x0000bf2c   0x00000020   Data   RO         8599    .constdata          mbed.ar(serial_api.o)
    0x0000bf4c   0x00000014   Data   RO         8651    .constdata          mbed.ar(gpio_api.o)
    0x0000bf60   0x00000090   Data   RO         9165    .constdata          mbed.ar(PeripheralPins.o)
    0x0000bff0   0x00000090   Data   RO         9166    .constdata          mbed.ar(PeripheralPins.o)
    0x0000c080   0x00000060   Data   RO         9167    .constdata          mbed.ar(PeripheralPins.o)
    0x0000c0e0   0x0000006c   Data   RO         9168    .constdata          mbed.ar(PeripheralPins.o)
    0x0000c14c   0x0000006c   Data   RO         9169    .constdata          mbed.ar(PeripheralPins.o)
    0x0000c1b8   0x00000060   Data   RO         9170    .constdata          mbed.ar(PeripheralPins.o)
    0x0000c218   0x00000008   Data   RO         9180    .constdata          mbed.ar(fsl_pit.o)
    0x0000c220   0x00000038   Data   RO         9248    .constdata          mbed.ar(fsl_uart.o)
    0x0000c258   0x00000010   Data   RO         9300    .constdata          mbed.ar(spi_api.o)
    0x0000c268   0x00000030   Data   RO         9328    .constdata          mbed.ar(gpio_irq_api.o)
    0x0000c298   0x00000028   Data   RO         9349    .constdata          mbed.ar(pinmap.o)
    0x0000c2c0   0x00000014   Data   RO         9428    .constdata          mbed.ar(us_ticker_api.o)
    0x0000c2d4   0x00000008   Data   RO         9429    .constdata          mbed.ar(us_ticker_api.o)
    0x0000c2dc   0x000000bc   Data   RO         9469    .constdata          mbed.ar(fsl_dspi.o)
    0x0000c398   0x00000028   Data   RO         9664    .constdata          c_w.l(_printf_hex_int_ll_ptr.o)
    0x0000c3c0   0x00000011   Data   RO         9684    .constdata          c_w.l(__printf_flags_ss_wp.o)
    0x0000c3d1   0x00000003   PAD
    0x0000c3d4   0x00000008   Data   RO        10060    .constdata          c_w.l(_printf_wctomb.o)
    0x0000c3dc   0x00000026   Data   RO        10305    .constdata          c_w.l(_printf_fp_hex.o)
    0x0000c402   0x00000002   PAD
    0x0000c404   0x00000094   Data   RO        10326    .constdata          c_w.l(bigflt0.o)
    0x0000c498   0x0000000c   Data   RO        10402    .constdata          c_w.l(_monlen.o)
    0x0000c4a4   0x00000050   Data   RO         1960    .constdata__ZTV12SDFileSystem  sdfilesystem.o
    0x0000c4f4   0x0000003c   Data   RO         2191    .constdata__ZTV13FATFileHandle  fatfilehandle.o
    0x0000c530   0x00000050   Data   RO         2361    .constdata__ZTV13FATFileSystem  fatfilesystem.o
    0x0000c580   0x00000034   Data   RO         4972    .constdata__ZTVN4mbed10FileHandleE  retarget.o
    0x0000c5b4   0x00000018   Data   RO         8986    .constdata__ZTVN4mbed10SerialBaseE  mbed.ar(SerialBase.o)
    0x0000c5cc   0x00000010   Data   RO         8832    .constdata__ZTVN4mbed11InterruptInE  mbed.ar(InterruptIn.o)
    0x0000c5dc   0x00000024   Data   RO         8741    .constdata__ZTVN4mbed14FileSystemLikeE  mbed.ar(FileSystemLike.o)
    0x0000c600   0x0000001c   Data   RO         8869    .constdata__ZTVN4mbed3SPIE  mbed.ar(SPI.o)
    0x0000c61c   0x0000006c   Data   RO         8912    .constdata__ZTVN4mbed6SerialE  mbed.ar(Serial.o)
    0x0000c688   0x0000004c   Data   RO         9072    .constdata__ZTVN4mbed6StreamE  mbed.ar(Stream.o)
    0x0000c6d4   0x00000010   Data   RO         8692    .constdata__ZTVN4mbed8FileBaseE  mbed.ar(FileBase.o)
    0x0000c6e4   0x00000044   Data   RO         9394    .constdata__ZTVN4mbed8FileLikeE  mbed.ar(FileLike.o)
    0x0000c728   0x0000007d   Data   RO         8466    .conststring        mbed.ar(fsl_clock.o)
    0x0000c7a5   0x00000003   PAD
    0x0000c7a8   0x0000007c   Data   RO         8546    .conststring        mbed.ar(fsl_enet.o)
    0x0000c824   0x00000076   Data   RO         8600    .conststring        mbed.ar(serial_api.o)
    0x0000c89a   0x00000002   PAD
    0x0000c89c   0x0000006c   Data   RO         8652    .conststring        mbed.ar(gpio_api.o)
    0x0000c908   0x0000007b   Data   RO         9181    .conststring        mbed.ar(fsl_pit.o)
    0x0000c983   0x00000001   PAD
    0x0000c984   0x0000007c   Data   RO         9249    .conststring        mbed.ar(fsl_uart.o)
    0x0000ca00   0x00000073   Data   RO         9301    .conststring        mbed.ar(spi_api.o)
    0x0000ca73   0x00000001   PAD
    0x0000ca74   0x0000006a   Data   RO         9350    .conststring        mbed.ar(pinmap.o)
    0x0000cade   0x00000002   PAD
    0x0000cae0   0x0000007c   Data   RO         9470    .conststring        mbed.ar(fsl_dspi.o)
    0x0000cb5c   0x0000007b   Data   RO         9515    .conststring        mbed.ar(fsl_rtc.o)
    0x0000cbd7   0x00000001   PAD
    0x0000cbd8   0x00000020   Data   RO        10577    Region$$Table       anon$$obj.o
    0x0000cbf8   0x00000110   Data   RO        10378    locale$$data        c_w.l(lc_ctype_c.o)
    0x0000cd08   0x0000001c   Data   RO        10381    locale$$data        c_w.l(lc_numeric_c.o)
    0x0000cd24   0x00000004   Data   RO           21    .init_array         main.o
    0x0000cd28   0x00000004   Data   RO         1468    .init_array         ethernetinterface.o
    0x0000cd2c   0x00000000   Data   RO         9800    .init_array         c_w.l(init_aeabi.o)


    Execution Region VECTOR_RAM (Base: 0x1fff0000, Size: 0x00000400, Max: 0x00000400, ABSOLUTE)

    Base Addr    Size         Type   Attr      Idx    E Section Name        Object

    0x1fff0000   0x00000400   Zero   RW            1    VECTOR_RAM.bss      anon$$obj.o


    Execution Region RW_m_data (Base: 0x1fff0400, Size: 0x00000000, Max: 0x0000fc00, ABSOLUTE)

    **** No section assigned to this execution region ****


    Execution Region RW_IRAM1 (Base: 0x20000000, Size: 0x00002014, Max: 0x00030000, ABSOLUTE)

    Base Addr    Size         Type   Attr      Idx    E Section Name        Object

    0x20000000   0x00000008   Data   RW           20    .data               main.o
    0x20000008   0x0000000e   Data   RW          449    .data               program.o
    0x20000016   0x00000002   PAD
    0x20000018   0x00000004   Data   RW         2285    .data               fatfilesystem.o
    0x2000001c   0x00000008   Data   RW         2604    .data               ff.o
    0x20000024   0x00000008   Data   RW         3361    .data               rt_cmsis.o
    0x2000002c   0x00000008   Data   RW         4109    .data               rt_oseventobserver.o
    0x20000034   0x00000008   Data   RW         4128    .data               rt_robin.o
    0x2000003c   0x00000008   Data   RW         4202    .data               rt_system.o
    0x20000044   0x00000008   Data   RW         4292    .data               rt_task.o
    0x2000004c   0x00000004   Data   RW         4362    .data               rt_time.o
    0x20000050   0x00000004   Data   RW         4429    .data               rtx_conf_cm.o
    0x20000054   0x00000018   Data   RW         4430    .data               rtx_conf_cm.o
    0x2000006c   0x00000004   Data   RW         4431    .data               rtx_conf_cm.o
    0x20000070   0x00000004   Data   RW         4432    .data               rtx_conf_cm.o
    0x20000074   0x00000004   Data   RW         4433    .data               rtx_conf_cm.o
    0x20000078   0x00000004   Data   RW         4434    .data               rtx_conf_cm.o
    0x2000007c   0x00000004   Data   RW         4991    .data               system_MK64F12.o
    0x20000080   0x00000004   Data   RW         7986    .data               rtos_idle.o
    0x20000084   0x00000010   Data   RW         8467    .data               mbed.ar(fsl_clock.o)
    0x20000094   0x00000004   Data   RW         8547    .data               mbed.ar(fsl_enet.o)
    0x20000098   0x0000000c   Data   RW         8601    .data               mbed.ar(serial_api.o)
    0x200000a4   0x00000004   Data   RW         8633    .data               mbed.ar(us_ticker.o)
    0x200000a8   0x00000004   Data   RW         8679    .data               mbed.ar(FileBase.o)
    0x200000ac   0x00000004   Data   RW         8852    .data               mbed.ar(SPI.o)
    0x200000b0   0x00000008   Data   RW         9114    .data               mbed.ar(critical.o)
    0x200000b8   0x00000010   Data   RW         9137    .data               mbed.ar(rtc_time.o)
    0x200000c8   0x00000004   Data   RW         9250    .data               mbed.ar(fsl_uart.o)
    0x200000cc   0x00000004   Data   RW         9329    .data               mbed.ar(gpio_irq_api.o)
    0x200000d0   0x00000008   Data   RW         9430    .data               mbed.ar(us_ticker_api.o)
    0x200000d8   0x00000008   Data   RW         9471    .data               mbed.ar(fsl_dspi.o)
    0x200000e0   0x00000004   Data   RW         9733    .data               c_w.l(stdio_streams.o)
    0x200000e4   0x00000004   Data   RW         9734    .data               c_w.l(stdio_streams.o)
    0x200000e8   0x00000004   Data   RW         9735    .data               c_w.l(stdio_streams.o)
    0x200000ec   0x00000004   Data   RW        10116    .data               c_w.l(streamlock.o)
    0x200000f0   0x00000374   Zero   RW           19    .bss                main.o
    0x20000464   0x00000400   Zero   RW          448    .bss                program.o
    0x20000864   0x000000bc   Zero   RW         1466    .bss                ethernetinterface.o
    0x20000920   0x00000200   Zero   RW         2602    .bss                ff.o
    0x20000b20   0x00000030   Zero   RW         3911    .bss                rt_list.o
    0x20000b50   0x0000003c   Zero   RW         4291    .bss                rt_task.o
    0x20000b8c   0x00000020   Zero   RW         4406    .bss                rtx_conf_cm.o
    0x20000bac   0x00000390   Zero   RW         4407    .bss                rtx_conf_cm.o
    0x20000f3c   0x00000004   PAD
    0x20000f40   0x00000210   Zero   RW         4408    .bss                rtx_conf_cm.o
    0x20001150   0x00000084   Zero   RW         4409    .bss                rtx_conf_cm.o
    0x200011d4   0x0000003c   Zero   RW         4410    .bss                rtx_conf_cm.o
    0x20001210   0x00000320   Zero   RW         4411    .bss                rtx_conf_cm.o
    0x20001530   0x00000660   Zero   RW         4412    .bss                rtx_conf_cm.o
    0x20001b90   0x00000040   Zero   RW         4920    .bss                retarget.o
    0x20001bd0   0x00000018   Zero   RW         8598    .bss                mbed.ar(serial_api.o)
    0x20001be8   0x00000018   Zero   RW         9247    .bss                mbed.ar(fsl_uart.o)
    0x20001c00   0x00000280   Zero   RW         9327    .bss                mbed.ar(gpio_irq_api.o)
    0x20001e80   0x0000000c   Zero   RW         9468    .bss                mbed.ar(fsl_dspi.o)
    0x20001e8c   0x00000060   Zero   RW         9547    .bss                c_w.l(libspace.o)
    0x20001eec   0x00000054   Zero   RW         9730    .bss                c_w.l(stdio_streams.o)
    0x20001f40   0x00000054   Zero   RW         9731    .bss                c_w.l(stdio_streams.o)
    0x20001f94   0x00000054   Zero   RW         9732    .bss                c_w.l(stdio_streams.o)
    0x20001fe8   0x0000002c   Zero   RW         9792    .bss                c_w.l(localtime.o)


==============================================================================

Image component sizes


      Code (inc. data)   RO Data    RW Data    ZI Data      Debug   Object Name

       210         18          0          0          0        404   board.o
         4          0          0          0          0       4348   c12832.o
       156         16       2232          0          0       5583   ccsbcs.o
         4          0          0          0          0        116   cmsis_nvic.o
       476        202          0          0          0       6158   diskio.o
        76         22          4          0        188      20987   ethernetinterface.o
         0          0          0          0          0       2640   fatdirhandle.o
       362        118         60          0          0       8412   fatfilehandle.o
       616        204         80          4          0       8434   fatfilesystem.o
      6380         70        186          8        512      36887   ff.o
       294         10          0          0          0       9363   hal_cm.o
       408         34          0          0          0        936   hal_cm4.o
       720        348          4          8        884      39714   main.o
        32          4          0          0          0        356   mbed_overrides.o
        14          0          0          0          0       6594   mutex.o
      1004        246          0         14       1024      14597   program.o
       888         90         75          0         64       1744   retarget.o
      1472        182          0          8          0      30322   rt_cmsis.o
        84          4          0          0          0        769   rt_event.o
       756         38          0          0         48      10671   rt_list.o
       508         10          0          0          0       3855   rt_mailbox.o
       144          0          0          0          0       2157   rt_membox.o
       536         24          0          0          0       3237   rt_mutex.o
         0          0          0          8          0       1821   rt_oseventobserver.o
        96         22          0          8          0       1354   rt_robin.o
       160         14          0          0          0       1991   rt_semaphore.o
       310         50          0          8          0       7075   rt_system.o
      1400        182          0          8         60      10881   rt_task.o
         0          0          0          4          0        230   rt_time.o
        14          4          0          4          0       1533   rtos_idle.o
       368        140         68         44       4096      11859   rtx_conf_cm.o
      2612        492         80          0          0      23400   sdfilesystem.o
        42          0          0          0          0       1704   semaphore.o
       448        214       1040          0          0       1060   startup_MK64F12.o
         4          4          0          0          0        256   svc_table.o
        16          6          0          0          0        116   sys.o
        40          8          0          4          0        116   system_MK64F12.o

    ----------------------------------------------------------------------
     20698       2776       3874        132       7904     281680   Object Totals
         0          0         32          0       1024          0   (incl. Generated)
        44          0         13          2          4          0   (incl. Padding)

    ----------------------------------------------------------------------

      Code (inc. data)   RO Data    RW Data    ZI Data      Debug   Library Member Name

        60          8          0          0          0         84   __0sscanf.o
        44          6          0          0          0         84   __2sprintf.o
         8          0          0          0          0         68   __main.o
       392          4         17          0          0         92   __printf_flags_ss_wp.o
        14          0          0          0          0         68   __printf_wp.o
        52          8          0          0          0          0   __scatter.o
        26          0          0          0          0          0   __scatter_copy.o
        28          0          0          0          0          0   __scatter_zi.o
        28          0          0          0          0         68   _chval.o
         0          0         12          0          0          0   _monlen.o
         6          0          0          0          0          0   _printf_a.o
         6          0          0          0          0          0   _printf_c.o
        44          0          0          0          0        108   _printf_char.o
        48          6          0          0          0         96   _printf_char_common.o
        64          6          0          0          0         84   _printf_char_file_locked.o
        40          0          0          0          0         68   _printf_charcount.o
         6          0          0          0          0          0   _printf_d.o
       120         16          0          0          0         92   _printf_dec.o
         6          0          0          0          0          0   _printf_e.o
         6          0          0          0          0          0   _printf_f.o
      1050          0          0          0          0        216   _printf_fp_dec.o
       764          8         38          0          0        100   _printf_fp_hex.o
       128         16          0          0          0         84   _printf_fp_infnan.o
         6          0          0          0          0          0   _printf_g.o
       148          4         40          0          0        160   _printf_hex_int_ll_ptr.o
         6          0          0          0          0          0   _printf_i.o
       178          0          0          0          0         88   _printf_intcommon.o
        10          0          0          0          0          0   _printf_l.o
         6          0          0          0          0          0   _printf_lc.o
        10          0          0          0          0          0   _printf_ll.o
         6          0          0          0          0          0   _printf_lld.o
         6          0          0          0          0          0   _printf_lli.o
         6          0          0          0          0          0   _printf_llo.o
         6          0          0          0          0          0   _printf_llu.o
         6          0          0          0          0          0   _printf_llx.o
       124         16          0          0          0         92   _printf_longlong_dec.o
         6          0          0          0          0          0   _printf_ls.o
         6          0          0          0          0          0   _printf_n.o
         6          0          0          0          0          0   _printf_o.o
       112         10          0          0          0        124   _printf_oct_int_ll.o
         6          0          0          0          0          0   _printf_p.o
        78          0          0          0          0        108   _printf_pad.o
         0          0          0          0          0          0   _printf_percent.o
         4          0          0          0          0          0   _printf_percent_end.o
         6          0          0          0          0          0   _printf_s.o
        82          0          0          0          0         80   _printf_str.o
        36          0          0          0          0         84   _printf_truncate.o
         6          0          0          0          0          0   _printf_u.o
        44          0          0          0          0        108   _printf_wchar.o
       188          6          8          0          0         92   _printf_wctomb.o
         6          0          0          0          0          0   _printf_x.o
       884          6          0          0          0        100   _scanf.o
       332          0          0          0          0         96   _scanf_int.o
        64          0          0          0          0         84   _sgetc.o
        10          0          0          0          0         68   _sputc.o
        64          0          0          0          0         92   _wcrtomb.o
        22          0          0          0          0         80   abort.o
        46          0          0          0          0         84   aeabi_atexit.o
       128         42          0          0          0         76   assert.o
        24          6          0          0          0         80   assert_stdio.o
       220          4        148          0          0         96   bigflt0.o
      1910        128          0          0          0        672   btod.o
        10          0          0          0          0         68   c89vfprintf.o
        66          0          0          0          0         84   cxa_finalize.o
        48         34          0          0          0         76   defsig_abrt_inner.o
        14          0          0          0          0         80   defsig_abrt_outer.o
        10          0          0          0          0         68   defsig_exit.o
        50          0          0          0          0         88   defsig_general.o
        48         34          0          0          0         76   defsig_pvfn_inner.o
        14          0          0          0          0         80   defsig_pvfn_outer.o
        80         58          0          0          0         76   defsig_rtmem_inner.o
        14          0          0          0          0         80   defsig_rtmem_outer.o
        52         38          0          0          0         76   defsig_rtred_inner.o
        14          0          0          0          0         80   defsig_rtred_outer.o
        76          0          0          0          0         88   fclose.o
        52          6          0          0          0         80   fclose_locked.o
       144         10          0          0          0        128   fflush_locked.o
        24          0          0          0          0         68   fgetc.o
        32          0          0          0          0         80   fgetc_locked.o
       570          0          0          0          0        132   filbuf.o
       470          0          0          0          0         88   flsbuf.o
        92          8          0          0          0         88   flushlinebuffered_locked.o
       324          8          0          0          0        152   fopen_locked.o
        26          0          0          0          0         68   fputc.o
        36          0          0          0          0         80   fputc_locked.o
        54          0          0          0          0         80   fputs_locked.o
       248          6          0          0          0         84   fseek.o
        66          0          0          0          0         76   ftell.o
       158          0          0          0          0        128   h1_alloc_mt.o
        62          0          0          0          0         80   h1_extend_mt.o
       118          0          0          0          0        108   h1_free_mt.o
        18          0          0          0          0         84   h1_init_mt.o
         6          0          0          0          0        152   heapauxi.o
         4          0          0          0          0        136   hguard.o
         0          0          0          0          0          0   indicate_semi.o
        36         10          0          0          0         80   init_aeabi.o
       138          0          0          0          0        168   init_alloc.o
       456         48          0          0          0        116   initio_locked.o
        18          0          0          0          0         76   isspace.o
        44         10        272          0          0         76   lc_ctype_c.o
        44         10         28          0          0         76   lc_numeric_c.o
         2          0          0          0          0          0   libinit.o
        50          0          0          0          0          0   libinit2.o
         0          0          0          0          0          0   libshutdown2.o
         8          4          0          0         96         68   libspace.o
       138          0          0          0          0         80   lludiv10.o
        12          6          0          0         44         68   localtime.o
       184          6          0          0          0         80   localtime_internal.o
         0          0          0          0          0          0   maybetermalloc1.o
        16          4          0          0          0         76   rt_ctype_table.o
        10          0          0          0          0         76   rt_ddtor_pointer_addr_twolibspace.o
        10          0          0          0          0         76   rt_eh_globals_addr_twolibspace.o
         4          0          0          0          0         68   rt_errno_addr_twolibspace.o
        10          0          0          0          0         76   rt_heap_descriptor_twolibspace.o
        10          0          0          0          0         76   rt_locale_twolibspace.o
        68          0          0          0          0         68   rt_memclr.o
        78          0          0          0          0         80   rt_memclr_w.o
       138          0          0          0          0         68   rt_memcpy_v6.o
       100          0          0          0          0         80   rt_memcpy_w.o
        10          0          0          0          0         76   rt_new_handler_addr_twolibspace.o
        44          8          0          0          0         84   scanf_char.o
        20          0          0          0          0         68   setbuf.o
       104          0          0          0          0         88   setvbuf_locked.o
       240          6          0          0          0        156   stdio.o
         0          0          0         12        252          0   stdio_streams.o
       128          0          0          0          0         68   strcmpv7m.o
         0          0          0          4          0          0   streamlock.o
        62          0          0          0          0         76   strlen.o
       150          0          0          0          0         80   strncmp.o
        36          0          0          0          0         80   strstr.o
        12          4          0          0          0         68   sys_exit.o
        14          0          0          0          0         76   sys_wrch.o
         2          0          0          0          0         68   use_no_semi.o
        36          4          0          0          0         76   vsprintf.o
        36          0          0          0          0         84   aeabi_vec_ctor_nocookie_nodtor.o
        80         12          0          0          0        104   arm_exceptions_globs.o
        60          0          0          0          0        108   arm_exceptions_mem.o
        26          0          0          0          0         76   arm_exceptions_terminate.o
         4          0          0          0          0         68   arm_newhandler_noexceptions.o
         8          0          0          0          0         76   delete.o
        40          6          0          0          0         76   new.o
         6          0          0          0          0         68   pure_virt.o
        10          0          0          0          0        116   fpinit.o
         4          0          0          0          0        116   printf1.o
         4          0          0          0          0        116   printf2.o
         0          0          0          0          0          0   usenofp.o
        48          0          0          0          0        124   fpclassify.o
       156         24         16          4          0        592   FileBase.o
        54         10         68          0          0        252   FileLike.o
       154          0          0          0          0        728   FilePath.o
        24          6         36          0          0        240   FileSystemLike.o
       202         12         16          0          0        504   InterruptIn.o
         0          0        696          0          0          0   PeripheralPins.o
       276         26         28          4          0        624   SPI.o
        88         10        108          0          0        944   Serial.o
       196         14         24          0          0       1096   SerialBase.o
       404         16         76          0          0       1508   Stream.o
        84         52          0          0          0        136   assert.o
       348        218          0          8          0        252   critical.o
        18          0          0          0          0        128   error.o
      1768        296        221         16          0       1624   fsl_clock.o
        88         24         64          0          0        124   fsl_clock_config.o
        96         18          0          0          0        144   fsl_common.o
      1934        228        312          8         12       1612   fsl_dspi.o
       650         92        124          4          0        668   fsl_enet.o
       152         66        131          0          0        124   fsl_pit.o
       188         32        123          0          0        248   fsl_rtc.o
       958        304        180          4         24       1440   fsl_uart.o
        94          0          0          0          0        276   gpio.o
       290         98        128          0          0        612   gpio_api.o
       544        108         48          4        640       1104   gpio_irq_api.o
       240         68        146          0          0        260   pinmap.o
       240         78          0          0          0        384   pinmap_common.o
       116         24          0          0          0        480   rtc_api.o
        76          6          0         16          0        128   rtc_time.o
       508         90        150         12         24        784   serial_api.o
       484         84        131          0          0        564   spi_api.o
        78          0          0          0          0        136   ticker_api.o
       392         74          0          4          0        608   us_ticker.o
        12          6         28          8          0        116   us_ticker_api.o
        52          0          0          0          0        256   wait_api.o

    ----------------------------------------------------------------------
     24520       2724       3432        108       1092      29212   Library Totals
        50          0         15          0          0          0   (incl. Padding)

    ----------------------------------------------------------------------

      Code (inc. data)   RO Data    RW Data    ZI Data      Debug   Library Name

     13180        622        563         16        392       9384   c_w.l
       260         18          0          0          0        660   cpprt_w.l
        18          0          0          0          0        348   fz_wm.l
        48          0          0          0          0        124   m_wm.l
     10964       2084       2854         92        700      18696   mbed.ar

    ----------------------------------------------------------------------
     24520       2724       3432        108       1092      29212   Library Totals

    ----------------------------------------------------------------------

==============================================================================


      Code (inc. data)   RO Data    RW Data    ZI Data      Debug   

     45218       5500       7306        240       8996     272868   Grand Totals
     45218       5500       7306        240       8996     272868   ELF Image Totals
     45218       5500       7306        240          0          0   ROM Totals

==============================================================================

    Total RO  Size (Code + RO Data)                52524 (  51.29kB)
    Total RW  Size (RW Data + ZI Data)              9236 (   9.02kB)
    Total ROM Size (Code + RO Data + RW Data)      52764 (  51.53kB)

==============================================================================

